Archive member included to satisfy reference by file (symbol)

/opt/gcc-arm-none-eabi/bin/../lib/gcc/arm-none-eabi/9.2.1/../../../../arm-none-eabi/lib/thumb/v7-m/nofp/libg_nano.a(lib_a-errno.o)
                              CMakeFiles/stm32_test.elf.dir/Src/syscalls.c.obj (__errno)
/opt/gcc-arm-none-eabi/bin/../lib/gcc/arm-none-eabi/9.2.1/../../../../arm-none-eabi/lib/thumb/v7-m/nofp/libg_nano.a(lib_a-exit.o)
                              /opt/gcc-arm-none-eabi/bin/../lib/gcc/arm-none-eabi/9.2.1/../../../../arm-none-eabi/lib/thumb/v7-m/nofp/crt0.o (exit)
/opt/gcc-arm-none-eabi/bin/../lib/gcc/arm-none-eabi/9.2.1/../../../../arm-none-eabi/lib/thumb/v7-m/nofp/libg_nano.a(lib_a-impure.o)
                              /opt/gcc-arm-none-eabi/bin/../lib/gcc/arm-none-eabi/9.2.1/../../../../arm-none-eabi/lib/thumb/v7-m/nofp/libg_nano.a(lib_a-exit.o) (_global_impure_ptr)
/opt/gcc-arm-none-eabi/bin/../lib/gcc/arm-none-eabi/9.2.1/../../../../arm-none-eabi/lib/thumb/v7-m/nofp/libg_nano.a(lib_a-init.o)
                              /opt/gcc-arm-none-eabi/bin/../lib/gcc/arm-none-eabi/9.2.1/../../../../arm-none-eabi/lib/thumb/v7-m/nofp/crt0.o (__libc_init_array)
/opt/gcc-arm-none-eabi/bin/../lib/gcc/arm-none-eabi/9.2.1/../../../../arm-none-eabi/lib/thumb/v7-m/nofp/libg_nano.a(lib_a-memcpy-stub.o)
                              CMakeFiles/stm32_test.elf.dir/Src/nbiot.c.obj (memcpy)
/opt/gcc-arm-none-eabi/bin/../lib/gcc/arm-none-eabi/9.2.1/../../../../arm-none-eabi/lib/thumb/v7-m/nofp/libg_nano.a(lib_a-memset.o)
                              /opt/gcc-arm-none-eabi/bin/../lib/gcc/arm-none-eabi/9.2.1/../../../../arm-none-eabi/lib/thumb/v7-m/nofp/crt0.o (memset)

Discarded input sections

 .text          0x0000000000000000        0x0 /opt/gcc-arm-none-eabi/bin/../lib/gcc/arm-none-eabi/9.2.1/thumb/v7-m/nofp/crti.o
 .data          0x0000000000000000        0x0 /opt/gcc-arm-none-eabi/bin/../lib/gcc/arm-none-eabi/9.2.1/thumb/v7-m/nofp/crti.o
 .bss           0x0000000000000000        0x0 /opt/gcc-arm-none-eabi/bin/../lib/gcc/arm-none-eabi/9.2.1/thumb/v7-m/nofp/crti.o
 .data          0x0000000000000000        0x4 /opt/gcc-arm-none-eabi/bin/../lib/gcc/arm-none-eabi/9.2.1/thumb/v7-m/nofp/crtbegin.o
 .text          0x0000000000000000       0x74 /opt/gcc-arm-none-eabi/bin/../lib/gcc/arm-none-eabi/9.2.1/../../../../arm-none-eabi/lib/thumb/v7-m/nofp/crt0.o
 .data          0x0000000000000000        0x0 /opt/gcc-arm-none-eabi/bin/../lib/gcc/arm-none-eabi/9.2.1/../../../../arm-none-eabi/lib/thumb/v7-m/nofp/crt0.o
 .bss           0x0000000000000000        0x0 /opt/gcc-arm-none-eabi/bin/../lib/gcc/arm-none-eabi/9.2.1/../../../../arm-none-eabi/lib/thumb/v7-m/nofp/crt0.o
 .ARM.extab     0x0000000000000000        0x0 /opt/gcc-arm-none-eabi/bin/../lib/gcc/arm-none-eabi/9.2.1/../../../../arm-none-eabi/lib/thumb/v7-m/nofp/crt0.o
 .ARM.exidx     0x0000000000000000        0x8 /opt/gcc-arm-none-eabi/bin/../lib/gcc/arm-none-eabi/9.2.1/../../../../arm-none-eabi/lib/thumb/v7-m/nofp/crt0.o
 .ARM.attributes
                0x0000000000000000       0x1b /opt/gcc-arm-none-eabi/bin/../lib/gcc/arm-none-eabi/9.2.1/../../../../arm-none-eabi/lib/thumb/v7-m/nofp/crt0.o
 .text          0x0000000000000000        0x0 CMakeFiles/stm32_test.elf.dir/Drivers/STM32F1xx_HAL_Driver/Src/stm32f1xx_hal.c.obj
 .data          0x0000000000000000        0x0 CMakeFiles/stm32_test.elf.dir/Drivers/STM32F1xx_HAL_Driver/Src/stm32f1xx_hal.c.obj
 .bss           0x0000000000000000        0x0 CMakeFiles/stm32_test.elf.dir/Drivers/STM32F1xx_HAL_Driver/Src/stm32f1xx_hal.c.obj
 .text.HAL_DeInit
                0x0000000000000000       0x30 CMakeFiles/stm32_test.elf.dir/Drivers/STM32F1xx_HAL_Driver/Src/stm32f1xx_hal.c.obj
 .text.HAL_MspInit
                0x0000000000000000        0xc CMakeFiles/stm32_test.elf.dir/Drivers/STM32F1xx_HAL_Driver/Src/stm32f1xx_hal.c.obj
 .text.HAL_MspDeInit
                0x0000000000000000        0xc CMakeFiles/stm32_test.elf.dir/Drivers/STM32F1xx_HAL_Driver/Src/stm32f1xx_hal.c.obj
 .text.HAL_GetTickPrio
                0x0000000000000000       0x14 CMakeFiles/stm32_test.elf.dir/Drivers/STM32F1xx_HAL_Driver/Src/stm32f1xx_hal.c.obj
 .text.HAL_SetTickFreq
                0x0000000000000000       0x44 CMakeFiles/stm32_test.elf.dir/Drivers/STM32F1xx_HAL_Driver/Src/stm32f1xx_hal.c.obj
 .text.HAL_GetTickFreq
                0x0000000000000000       0x14 CMakeFiles/stm32_test.elf.dir/Drivers/STM32F1xx_HAL_Driver/Src/stm32f1xx_hal.c.obj
 .text.HAL_SuspendTick
                0x0000000000000000       0x1c CMakeFiles/stm32_test.elf.dir/Drivers/STM32F1xx_HAL_Driver/Src/stm32f1xx_hal.c.obj
 .text.HAL_ResumeTick
                0x0000000000000000       0x1c CMakeFiles/stm32_test.elf.dir/Drivers/STM32F1xx_HAL_Driver/Src/stm32f1xx_hal.c.obj
 .text.HAL_GetHalVersion
                0x0000000000000000       0x14 CMakeFiles/stm32_test.elf.dir/Drivers/STM32F1xx_HAL_Driver/Src/stm32f1xx_hal.c.obj
 .text.HAL_GetREVID
[...]
Memory Configuration

Name             Origin             Length             Attributes
RAM              0x0000000020000000 0x0000000000010000 xrw
FLASH            0x0000000008000000 0x0000000000080000 xr
*default*        0x0000000000000000 0xffffffffffffffff

Linker script and memory map

LOAD /opt/gcc-arm-none-eabi/bin/../lib/gcc/arm-none-eabi/9.2.1/thumb/v7-m/nofp/crti.o
LOAD /opt/gcc-arm-none-eabi/bin/../lib/gcc/arm-none-eabi/9.2.1/thumb/v7-m/nofp/crtbegin.o
LOAD /opt/gcc-arm-none-eabi/bin/../lib/gcc/arm-none-eabi/9.2.1/../../../../arm-none-eabi/lib/thumb/v7-m/nofp/crt0.o
LOAD CMakeFiles/stm32_test.elf.dir/Drivers/STM32F1xx_HAL_Driver/Src/stm32f1xx_hal.c.obj
LOAD CMakeFiles/stm32_test.elf.dir/Drivers/STM32F1xx_HAL_Driver/Src/stm32f1xx_hal_cortex.c.obj
LOAD CMakeFiles/stm32_test.elf.dir/Drivers/STM32F1xx_HAL_Driver/Src/stm32f1xx_hal_dma.c.obj
LOAD CMakeFiles/stm32_test.elf.dir/Drivers/STM32F1xx_HAL_Driver/Src/stm32f1xx_hal_exti.c.obj
LOAD CMakeFiles/stm32_test.elf.dir/Drivers/STM32F1xx_HAL_Driver/Src/stm32f1xx_hal_flash.c.obj
LOAD CMakeFiles/stm32_test.elf.dir/Drivers/STM32F1xx_HAL_Driver/Src/stm32f1xx_hal_flash_ex.c.obj
LOAD CMakeFiles/stm32_test.elf.dir/Drivers/STM32F1xx_HAL_Driver/Src/stm32f1xx_hal_gpio.c.obj
LOAD CMakeFiles/stm32_test.elf.dir/Drivers/STM32F1xx_HAL_Driver/Src/stm32f1xx_hal_gpio_ex.c.obj
LOAD CMakeFiles/stm32_test.elf.dir/Drivers/STM32F1xx_HAL_Driver/Src/stm32f1xx_hal_pwr.c.obj
LOAD CMakeFiles/stm32_test.elf.dir/Drivers/STM32F1xx_HAL_Driver/Src/stm32f1xx_hal_rcc.c.obj
LOAD CMakeFiles/stm32_test.elf.dir/Drivers/STM32F1xx_HAL_Driver/Src/stm32f1xx_hal_rcc_ex.c.obj
LOAD CMakeFiles/stm32_test.elf.dir/Drivers/STM32F1xx_HAL_Driver/Src/stm32f1xx_hal_tim.c.obj
LOAD CMakeFiles/stm32_test.elf.dir/Drivers/STM32F1xx_HAL_Driver/Src/stm32f1xx_hal_tim_ex.c.obj
LOAD CMakeFiles/stm32_test.elf.dir/Drivers/STM32F1xx_HAL_Driver/Src/stm32f1xx_hal_uart.c.obj
LOAD CMakeFiles/stm32_test.elf.dir/Src/beep.c.obj
LOAD CMakeFiles/stm32_test.elf.dir/Src/led.c.obj
LOAD CMakeFiles/stm32_test.elf.dir/Src/main.c.obj
LOAD CMakeFiles/stm32_test.elf.dir/Src/nbiot.c.obj
LOAD CMakeFiles/stm32_test.elf.dir/Src/stm32f1xx_hal_msp.c.obj
LOAD CMakeFiles/stm32_test.elf.dir/Src/stm32f1xx_it.c.obj
LOAD CMakeFiles/stm32_test.elf.dir/Src/syscalls.c.obj
LOAD CMakeFiles/stm32_test.elf.dir/Src/system_stm32f1xx.c.obj
LOAD CMakeFiles/stm32_test.elf.dir/Src/uart.c.obj
LOAD CMakeFiles/stm32_test.elf.dir/startup/startup_stm32f103xe.s.obj
START GROUP
LOAD /opt/gcc-arm-none-eabi/bin/../lib/gcc/arm-none-eabi/9.2.1/thumb/v7-m/nofp/libgcc.a
LOAD /opt/gcc-arm-none-eabi/bin/../lib/gcc/arm-none-eabi/9.2.1/../../../../arm-none-eabi/lib/thumb/v7-m/nofp/libg_nano.a
LOAD /opt/gcc-arm-none-eabi/bin/../lib/gcc/arm-none-eabi/9.2.1/../../../../arm-none-eabi/lib/thumb/v7-m/nofp/libc_nano.a
END GROUP
START GROUP
LOAD /opt/gcc-arm-none-eabi/bin/../lib/gcc/arm-none-eabi/9.2.1/thumb/v7-m/nofp/libgcc.a
LOAD /opt/gcc-arm-none-eabi/bin/../lib/gcc/arm-none-eabi/9.2.1/../../../../arm-none-eabi/lib/thumb/v7-m/nofp/libc_nano.a
LOAD /opt/gcc-arm-none-eabi/bin/../lib/gcc/arm-none-eabi/9.2.1/../../../../arm-none-eabi/lib/thumb/v7-m/nofp/libnosys.a
END GROUP
START GROUP
LOAD /opt/gcc-arm-none-eabi/bin/../lib/gcc/arm-none-eabi/9.2.1/thumb/v7-m/nofp/libgcc.a
LOAD /opt/gcc-arm-none-eabi/bin/../lib/gcc/arm-none-eabi/9.2.1/../../../../arm-none-eabi/lib/thumb/v7-m/nofp/libc_nano.a
LOAD /opt/gcc-arm-none-eabi/bin/../lib/gcc/arm-none-eabi/9.2.1/../../../../arm-none-eabi/lib/thumb/v7-m/nofp/libnosys.a
END GROUP
LOAD /opt/gcc-arm-none-eabi/bin/../lib/gcc/arm-none-eabi/9.2.1/thumb/v7-m/nofp/crtend.o
LOAD /opt/gcc-arm-none-eabi/bin/../lib/gcc/arm-none-eabi/9.2.1/thumb/v7-m/nofp/crtn.o
                0x0000000020010000                _estack = 0x20010000
                0x0000000000000200                _Min_Heap_Size = 0x200
                0x0000000000000400                _Min_Stack_Size = 0x400

.isr_vector     0x0000000008000000      0x1e4
                0x0000000008000000                . = ALIGN (0x4)
 *(.isr_vector)
 .isr_vector    0x0000000008000000      0x1e4 CMakeFiles/stm32_test.elf.dir/startup/startup_stm32f103xe.s.obj
                0x0000000008000000                g_pfnVectors
                0x00000000080001e4                . = ALIGN (0x4)

.text           0x00000000080001e4     0x2e3c
                0x00000000080001e4                . = ALIGN (0x4)
 *(.text)
 .text          0x00000000080001e4       0x40 /opt/gcc-arm-none-eabi/bin/../lib/gcc/arm-none-eabi/9.2.1/thumb/v7-m/nofp/crtbegin.o
 *(.text*)
 .text.HAL_Init
                0x0000000008000224       0x2c CMakeFiles/stm32_test.elf.dir/Drivers/STM32F1xx_HAL_Driver/Src/stm32f1xx_hal.c.obj
                0x0000000008000224                HAL_Init
 .text.HAL_InitTick
                0x0000000008000250       0x60 CMakeFiles/stm32_test.elf.dir/Drivers/STM32F1xx_HAL_Driver/Src/stm32f1xx_hal.c.obj
                0x0000000008000250                HAL_InitTick
 .text.HAL_IncTick
                0x00000000080002b0       0x24 CMakeFiles/stm32_test.elf.dir/Drivers/STM32F1xx_HAL_Driver/Src/stm32f1xx_hal.c.obj
                0x00000000080002b0                HAL_IncTick
 .text.HAL_GetTick
                0x00000000080002d4       0x14 CMakeFiles/stm32_test.elf.dir/Drivers/STM32F1xx_HAL_Driver/Src/stm32f1xx_hal.c.obj
                0x00000000080002d4                HAL_GetTick
 .text.HAL_Delay
                0x00000000080002e8       0x48 CMakeFiles/stm32_test.elf.dir/Drivers/STM32F1xx_HAL_Driver/Src/stm32f1xx_hal.c.obj
                0x00000000080002e8                HAL_Delay
 .text.__NVIC_SetPriorityGrouping
                0x0000000008000330       0x48 CMakeFiles/stm32_test.elf.dir/Drivers/STM32F1xx_HAL_Driver/Src/stm32f1xx_hal_cortex.c.obj
 .text.__NVIC_GetPriorityGrouping
                0x0000000008000378       0x1c CMakeFiles/stm32_test.elf.dir/Drivers/STM32F1xx_HAL_Driver/Src/stm32f1xx_hal_cortex.c.obj
 .text.__NVIC_EnableIRQ
                0x0000000008000394       0x38 CMakeFiles/stm32_test.elf.dir/Drivers/STM32F1xx_HAL_Driver/Src/stm32f1xx_hal_cortex.c.obj
 .text.__NVIC_SetPriority
                0x00000000080003cc       0x54 CMakeFiles/stm32_test.elf.dir/Drivers/STM32F1xx_HAL_Driver/Src/stm32f1xx_hal_cortex.c.obj
 .text.NVIC_EncodePriority
                0x0000000008000420       0x64 CMakeFiles/stm32_test.elf.dir/Drivers/STM32F1xx_HAL_Driver/Src/stm32f1xx_hal_cortex.c.obj
 .text.SysTick_Config
                0x0000000008000484       0x44 CMakeFiles/stm32_test.elf.dir/Drivers/STM32F1xx_HAL_Driver/Src/stm32f1xx_hal_cortex.c.obj
 .text.HAL_NVIC_SetPriorityGrouping
                0x00000000080004c8       0x16 CMakeFiles/stm32_test.elf.dir/Drivers/STM32F1xx_HAL_Driver/Src/stm32f1xx_hal_cortex.c.obj
                0x00000000080004c8                HAL_NVIC_SetPriorityGrouping
 .text.HAL_NVIC_SetPriority
                0x00000000080004de       0x38 CMakeFiles/stm32_test.elf.dir/Drivers/STM32F1xx_HAL_Driver/Src/stm32f1xx_hal_cortex.c.obj
                0x00000000080004de                HAL_NVIC_SetPriority
 .text.HAL_NVIC_EnableIRQ
                0x0000000008000516       0x1c CMakeFiles/stm32_test.elf.dir/Drivers/STM32F1xx_HAL_Driver/Src/stm32f1xx_hal_cortex.c.obj
                0x0000000008000516                HAL_NVIC_EnableIRQ
 .text.HAL_SYSTICK_Config
                0x0000000008000532       0x18 CMakeFiles/stm32_test.elf.dir/Drivers/STM32F1xx_HAL_Driver/Src/stm32f1xx_hal_cortex.c.obj
                0x0000000008000532                HAL_SYSTICK_Config
 *fill*         0x000000000800054a        0x2 
 .text.HAL_DMA_Init
                0x000000000800054c       0xec CMakeFiles/stm32_test.elf.dir/Drivers/STM32F1xx_HAL_Driver/Src/stm32f1xx_hal_dma.c.obj
                0x000000000800054c                HAL_DMA_Init
 .text.HAL_DMA_Start_IT
                0x0000000008000638       0xbe CMakeFiles/stm32_test.elf.dir/Drivers/STM32F1xx_HAL_Driver/Src/stm32f1xx_hal_dma.c.obj
                0x0000000008000638                HAL_DMA_Start_IT
 .text.HAL_DMA_Abort
                0x00000000080006f6       0x74 CMakeFiles/stm32_test.elf.dir/Drivers/STM32F1xx_HAL_Driver/Src/stm32f1xx_hal_dma.c.obj
                0x00000000080006f6                HAL_DMA_Abort
 *fill*         0x000000000800076a        0x2 
 .text.HAL_DMA_Abort_IT
                0x000000000800076c      0x210 CMakeFiles/stm32_test.elf.dir/Drivers/STM32F1xx_HAL_Driver/Src/stm32f1xx_hal_dma.c.obj
                0x000000000800076c                HAL_DMA_Abort_IT
 .text.HAL_DMA_IRQHandler
                0x000000000800097c      0x478 CMakeFiles/stm32_test.elf.dir/Drivers/STM32F1xx_HAL_Driver/Src/stm32f1xx_hal_dma.c.obj
                0x000000000800097c                HAL_DMA_IRQHandler
 .text.DMA_SetConfig
                0x0000000008000df4       0x5a CMakeFiles/stm32_test.elf.dir/Drivers/STM32F1xx_HAL_Driver/Src/stm32f1xx_hal_dma.c.obj
 *fill*         0x0000000008000e4e        0x2 
 .text.HAL_GPIO_Init
                0x0000000008000e50      0x328 CMakeFiles/stm32_test.elf.dir/Drivers/STM32F1xx_HAL_Driver/Src/stm32f1xx_hal_gpio.c.obj
                0x0000000008000e50                HAL_GPIO_Init
 .text.HAL_GPIO_WritePin
                0x0000000008001178       0x30 CMakeFiles/stm32_test.elf.dir/Drivers/STM32F1xx_HAL_Driver/Src/stm32f1xx_hal_gpio.c.obj
                0x0000000008001178                HAL_GPIO_WritePin
 .text.HAL_RCC_OscConfig
                0x00000000080011a8      0x500 CMakeFiles/stm32_test.elf.dir/Drivers/STM32F1xx_HAL_Driver/Src/stm32f1xx_hal_rcc.c.obj
                0x00000000080011a8                HAL_RCC_OscConfig
 .text.HAL_RCC_ClockConfig
                0x00000000080016a8      0x1d4 CMakeFiles/stm32_test.elf.dir/Drivers/STM32F1xx_HAL_Driver/Src/stm32f1xx_hal_rcc.c.obj
                0x00000000080016a8                HAL_RCC_ClockConfig
 .text.HAL_RCC_GetSysClockFreq
                0x000000000800187c       0xc0 CMakeFiles/stm32_test.elf.dir/Drivers/STM32F1xx_HAL_Driver/Src/stm32f1xx_hal_rcc.c.obj
                0x000000000800187c                HAL_RCC_GetSysClockFreq
 .text.HAL_RCC_GetHCLKFreq
                0x000000000800193c       0x14 CMakeFiles/stm32_test.elf.dir/Drivers/STM32F1xx_HAL_Driver/Src/stm32f1xx_hal_rcc.c.obj
                0x000000000800193c                HAL_RCC_GetHCLKFreq
 .text.HAL_RCC_GetPCLK1Freq
                0x0000000008001950       0x28 CMakeFiles/stm32_test.elf.dir/Drivers/STM32F1xx_HAL_Driver/Src/stm32f1xx_hal_rcc.c.obj
                0x0000000008001950                HAL_RCC_GetPCLK1Freq
 .text.HAL_RCC_GetPCLK2Freq
                0x0000000008001978       0x28 CMakeFiles/stm32_test.elf.dir/Drivers/STM32F1xx_HAL_Driver/Src/stm32f1xx_hal_rcc.c.obj
                0x0000000008001978                HAL_RCC_GetPCLK2Freq
 .text.RCC_Delay
                0x00000000080019a0       0x3c CMakeFiles/stm32_test.elf.dir/Drivers/STM32F1xx_HAL_Driver/Src/stm32f1xx_hal_rcc.c.obj
 .text.HAL_UART_Init
                0x00000000080019dc       0x9a CMakeFiles/stm32_test.elf.dir/Drivers/STM32F1xx_HAL_Driver/Src/stm32f1xx_hal_uart.c.obj
                0x00000000080019dc                HAL_UART_Init
 .text.HAL_UART_Transmit
                0x0000000008001a76      0x132 CMakeFiles/stm32_test.elf.dir/Drivers/STM32F1xx_HAL_Driver/Src/stm32f1xx_hal_uart.c.obj
                0x0000000008001a76                HAL_UART_Transmit
 .text.HAL_UART_Transmit_DMA
                0x0000000008001ba8       0xd8 CMakeFiles/stm32_test.elf.dir/Drivers/STM32F1xx_HAL_Driver/Src/stm32f1xx_hal_uart.c.obj
                0x0000000008001ba8                HAL_UART_Transmit_DMA
 .text.HAL_UART_Receive_DMA
                0x0000000008001c80      0x100 CMakeFiles/stm32_test.elf.dir/Drivers/STM32F1xx_HAL_Driver/Src/stm32f1xx_hal_uart.c.obj
                0x0000000008001c80                HAL_UART_Receive_DMA
 .text.HAL_UART_DMAStop
                0x0000000008001d80       0xb6 CMakeFiles/stm32_test.elf.dir/Drivers/STM32F1xx_HAL_Driver/Src/stm32f1xx_hal_uart.c.obj
                0x0000000008001d80                HAL_UART_DMAStop
 *fill*         0x0000000008001e36        0x2 
 .text.HAL_UART_IRQHandler
                0x0000000008001e38      0x1f4 CMakeFiles/stm32_test.elf.dir/Drivers/STM32F1xx_HAL_Driver/Src/stm32f1xx_hal_uart.c.obj
                0x0000000008001e38                HAL_UART_IRQHandler
 .text.HAL_UART_TxHalfCpltCallback
                0x000000000800202c       0x12 CMakeFiles/stm32_test.elf.dir/Drivers/STM32F1xx_HAL_Driver/Src/stm32f1xx_hal_uart.c.obj
                0x000000000800202c                HAL_UART_TxHalfCpltCallback
 .text.HAL_UART_RxHalfCpltCallback
                0x000000000800203e       0x12 CMakeFiles/stm32_test.elf.dir/Drivers/STM32F1xx_HAL_Driver/Src/stm32f1xx_hal_uart.c.obj
                0x000000000800203e                HAL_UART_RxHalfCpltCallback
 .text.HAL_UART_ErrorCallback
                0x0000000008002050       0x12 CMakeFiles/stm32_test.elf.dir/Drivers/STM32F1xx_HAL_Driver/Src/stm32f1xx_hal_uart.c.obj
                0x0000000008002050                HAL_UART_ErrorCallback
 .text.UART_DMATransmitCplt
                0x0000000008002062       0x52 CMakeFiles/stm32_test.elf.dir/Drivers/STM32F1xx_HAL_Driver/Src/stm32f1xx_hal_uart.c.obj
 .text.UART_DMATxHalfCplt
                0x00000000080020b4       0x1c CMakeFiles/stm32_test.elf.dir/Drivers/STM32F1xx_HAL_Driver/Src/stm32f1xx_hal_uart.c.obj
 .text.UART_DMAReceiveCplt
                0x00000000080020d0       0x68 CMakeFiles/stm32_test.elf.dir/Drivers/STM32F1xx_HAL_Driver/Src/stm32f1xx_hal_uart.c.obj
 .text.UART_DMARxHalfCplt
                0x0000000008002138       0x1c CMakeFiles/stm32_test.elf.dir/Drivers/STM32F1xx_HAL_Driver/Src/stm32f1xx_hal_uart.c.obj
 .text.UART_DMAError
                0x0000000008002154       0x94 CMakeFiles/stm32_test.elf.dir/Drivers/STM32F1xx_HAL_Driver/Src/stm32f1xx_hal_uart.c.obj
 .text.UART_WaitOnFlagUntilTimeout
                0x00000000080021e8       0x94 CMakeFiles/stm32_test.elf.dir/Drivers/STM32F1xx_HAL_Driver/Src/stm32f1xx_hal_uart.c.obj
 .text.UART_EndTxTransfer
                0x000000000800227c       0x2a CMakeFiles/stm32_test.elf.dir/Drivers/STM32F1xx_HAL_Driver/Src/stm32f1xx_hal_uart.c.obj
 .text.UART_EndRxTransfer
                0x00000000080022a6       0x3a CMakeFiles/stm32_test.elf.dir/Drivers/STM32F1xx_HAL_Driver/Src/stm32f1xx_hal_uart.c.obj
 .text.UART_DMAAbortOnError
                0x00000000080022e0       0x28 CMakeFiles/stm32_test.elf.dir/Drivers/STM32F1xx_HAL_Driver/Src/stm32f1xx_hal_uart.c.obj
 .text.UART_Transmit_IT
                0x0000000008002308       0xaa CMakeFiles/stm32_test.elf.dir/Drivers/STM32F1xx_HAL_Driver/Src/stm32f1xx_hal_uart.c.obj
 .text.UART_EndTransmit_IT
                0x00000000080023b2       0x30 CMakeFiles/stm32_test.elf.dir/Drivers/STM32F1xx_HAL_Driver/Src/stm32f1xx_hal_uart.c.obj
 .text.UART_Receive_IT
                0x00000000080023e2      0x102 CMakeFiles/stm32_test.elf.dir/Drivers/STM32F1xx_HAL_Driver/Src/stm32f1xx_hal_uart.c.obj
 .text.UART_SetConfig
                0x00000000080024e4      0x1b4 CMakeFiles/stm32_test.elf.dir/Drivers/STM32F1xx_HAL_Driver/Src/stm32f1xx_hal_uart.c.obj
 .text.BeepOn   0x0000000008002698        0xc CMakeFiles/stm32_test.elf.dir/Src/beep.c.obj
                0x0000000008002698                BeepOn
 .text.BeepOff  0x00000000080026a4        0xc CMakeFiles/stm32_test.elf.dir/Src/beep.c.obj
                0x00000000080026a4                BeepOff
 .text.LED0     0x00000000080026b0       0x14 CMakeFiles/stm32_test.elf.dir/Src/led.c.obj
                0x00000000080026b0                LED0
 .text.LED1     0x00000000080026c4       0x14 CMakeFiles/stm32_test.elf.dir/Src/led.c.obj
                0x00000000080026c4                LED1
 .text.main     0x00000000080026d8       0x68 CMakeFiles/stm32_test.elf.dir/Src/main.c.obj
                0x00000000080026d8                main
 .text.SystemClock_Config
                0x0000000008002740       0x76 CMakeFiles/stm32_test.elf.dir/Src/main.c.obj
                0x0000000008002740                SystemClock_Config
 .text.MX_NVIC_Init
                0x00000000080027b6       0x18 CMakeFiles/stm32_test.elf.dir/Src/main.c.obj
 *fill*         0x00000000080027ce        0x2 
 .text.MX_USART1_UART_Init
                0x00000000080027d0       0x54 CMakeFiles/stm32_test.elf.dir/Src/main.c.obj
 .text.MX_USART2_UART_Init
                0x0000000008002824       0x54 CMakeFiles/stm32_test.elf.dir/Src/main.c.obj
 .text.MX_DMA_Init
                0x0000000008002878       0x4c CMakeFiles/stm32_test.elf.dir/Src/main.c.obj
 .text.MX_GPIO_Init
                0x00000000080028c4       0x7c CMakeFiles/stm32_test.elf.dir/Src/main.c.obj
 .text.Error_Handler
                0x0000000008002940        0xc CMakeFiles/stm32_test.elf.dir/Src/main.c.obj
                0x0000000008002940                Error_Handler
 .text.NBInit   0x000000000800294c       0x48 CMakeFiles/stm32_test.elf.dir/Src/nbiot.c.obj
                0x000000000800294c                NBInit
 .text.NBCommand
                0x0000000008002994       0x7c CMakeFiles/stm32_test.elf.dir/Src/nbiot.c.obj
                0x0000000008002994                NBCommand
 .text.NBERROR  0x0000000008002a10       0x48 CMakeFiles/stm32_test.elf.dir/Src/nbiot.c.obj
                0x0000000008002a10                NBERROR
 .text.__NB_MODULE_STATUS
                0x0000000008002a58       0x5c CMakeFiles/stm32_test.elf.dir/Src/nbiot.c.obj
                0x0000000008002a58                __NB_MODULE_STATUS
 .text.__NB_SIGNAL_QUALITY
                0x0000000008002ab4       0x24 CMakeFiles/stm32_test.elf.dir/Src/nbiot.c.obj
                0x0000000008002ab4                __NB_SIGNAL_QUALITY
 .text.__NB_Manual
                0x0000000008002ad8       0x24 CMakeFiles/stm32_test.elf.dir/Src/nbiot.c.obj
                0x0000000008002ad8                __NB_Manual
 .text.__NB_SetCDP
                0x0000000008002afc       0x24 CMakeFiles/stm32_test.elf.dir/Src/nbiot.c.obj
                0x0000000008002afc                __NB_SetCDP
 .text.__NB_ModReboot
                0x0000000008002b20       0x24 CMakeFiles/stm32_test.elf.dir/Src/nbiot.c.obj
                0x0000000008002b20                __NB_ModReboot
 .text.__NB_SetBand
                0x0000000008002b44       0x24 CMakeFiles/stm32_test.elf.dir/Src/nbiot.c.obj
                0x0000000008002b44                __NB_SetBand
 .text.__NB_OpenCFun
                0x0000000008002b68       0x24 CMakeFiles/stm32_test.elf.dir/Src/nbiot.c.obj
                0x0000000008002b68                __NB_OpenCFun
 .text.__NB_EdrxOff
                0x0000000008002b8c       0x24 CMakeFiles/stm32_test.elf.dir/Src/nbiot.c.obj
                0x0000000008002b8c                __NB_EdrxOff
 .text.__NB_PSMOff
                0x0000000008002bb0       0x24 CMakeFiles/stm32_test.elf.dir/Src/nbiot.c.obj
                0x0000000008002bb0                __NB_PSMOff
 .text.__NB_NETATT
                0x0000000008002bd4       0x24 CMakeFiles/stm32_test.elf.dir/Src/nbiot.c.obj
                0x0000000008002bd4                __NB_NETATT
 .text.HAL_MspInit
                0x0000000008002bf8       0x5c CMakeFiles/stm32_test.elf.dir/Src/stm32f1xx_hal_msp.c.obj
                0x0000000008002bf8                HAL_MspInit
 .text.HAL_UART_MspInit
                0x0000000008002c54      0x15c CMakeFiles/stm32_test.elf.dir/Src/stm32f1xx_hal_msp.c.obj
                0x0000000008002c54                HAL_UART_MspInit
 .text.NMI_Handler
                0x0000000008002db0        0xc CMakeFiles/stm32_test.elf.dir/Src/stm32f1xx_it.c.obj
                0x0000000008002db0                NMI_Handler
 .text.HardFault_Handler
                0x0000000008002dbc        0x6 CMakeFiles/stm32_test.elf.dir/Src/stm32f1xx_it.c.obj
                0x0000000008002dbc                HardFault_Handler
 .text.MemManage_Handler
                0x0000000008002dc2        0x6 CMakeFiles/stm32_test.elf.dir/Src/stm32f1xx_it.c.obj
                0x0000000008002dc2                MemManage_Handler
 .text.BusFault_Handler
                0x0000000008002dc8        0x6 CMakeFiles/stm32_test.elf.dir/Src/stm32f1xx_it.c.obj
                0x0000000008002dc8                BusFault_Handler
 .text.UsageFault_Handler
                0x0000000008002dce        0x6 CMakeFiles/stm32_test.elf.dir/Src/stm32f1xx_it.c.obj
                0x0000000008002dce                UsageFault_Handler
 .text.SVC_Handler
                0x0000000008002dd4        0xc CMakeFiles/stm32_test.elf.dir/Src/stm32f1xx_it.c.obj
                0x0000000008002dd4                SVC_Handler
 .text.DebugMon_Handler
                0x0000000008002de0        0xc CMakeFiles/stm32_test.elf.dir/Src/stm32f1xx_it.c.obj
                0x0000000008002de0                DebugMon_Handler
 .text.PendSV_Handler
                0x0000000008002dec        0xc CMakeFiles/stm32_test.elf.dir/Src/stm32f1xx_it.c.obj
                0x0000000008002dec                PendSV_Handler
 .text.SysTick_Handler
                0x0000000008002df8        0xc CMakeFiles/stm32_test.elf.dir/Src/stm32f1xx_it.c.obj
                0x0000000008002df8                SysTick_Handler
 .text.DMA1_Channel6_IRQHandler
                0x0000000008002e04       0x14 CMakeFiles/stm32_test.elf.dir/Src/stm32f1xx_it.c.obj
                0x0000000008002e04                DMA1_Channel6_IRQHandler
 .text.USART2_IRQHandler
                0x0000000008002e18       0x18 CMakeFiles/stm32_test.elf.dir/Src/stm32f1xx_it.c.obj
                0x0000000008002e18                USART2_IRQHandler
 .text.SystemInit
                0x0000000008002e30       0x68 CMakeFiles/stm32_test.elf.dir/Src/system_stm32f1xx.c.obj
                0x0000000008002e30                SystemInit
 .text.USER_UART_IRQHandler
                0x0000000008002e98       0x60 CMakeFiles/stm32_test.elf.dir/Src/uart.c.obj
                0x0000000008002e98                USER_UART_IRQHandler
 .text.HAL_UART_RxCpltCallback
                0x0000000008002ef8       0x28 CMakeFiles/stm32_test.elf.dir/Src/uart.c.obj
                0x0000000008002ef8                HAL_UART_RxCpltCallback
 .text.HAL_UART_TxCpltCallback
                0x0000000008002f20       0x28 CMakeFiles/stm32_test.elf.dir/Src/uart.c.obj
                0x0000000008002f20                HAL_UART_TxCpltCallback
 .text.Reset_Handler
                0x0000000008002f48       0x48 CMakeFiles/stm32_test.elf.dir/startup/startup_stm32f103xe.s.obj
                0x0000000008002f48                Reset_Handler
 .text.Default_Handler
                0x0000000008002f90        0x2 CMakeFiles/stm32_test.elf.dir/startup/startup_stm32f103xe.s.obj
                0x0000000008002f90                RTC_Alarm_IRQHandler
                0x0000000008002f90                EXTI2_IRQHandler
                0x0000000008002f90                TIM8_TRG_COM_IRQHandler
                0x0000000008002f90                TIM8_CC_IRQHandler
                0x0000000008002f90                TIM1_CC_IRQHandler
                0x0000000008002f90                TIM6_IRQHandler
                0x0000000008002f90                PVD_IRQHandler
                0x0000000008002f90                SDIO_IRQHandler
                0x0000000008002f90                EXTI3_IRQHandler
                0x0000000008002f90                EXTI0_IRQHandler
                0x0000000008002f90                I2C2_EV_IRQHandler
                0x0000000008002f90                ADC1_2_IRQHandler
                0x0000000008002f90                SPI1_IRQHandler
                0x0000000008002f90                TAMPER_IRQHandler
                0x0000000008002f90                TIM8_UP_IRQHandler
                0x0000000008002f90                DMA2_Channel2_IRQHandler
                0x0000000008002f90                DMA1_Channel4_IRQHandler
                0x0000000008002f90                USART3_IRQHandler
                0x0000000008002f90                RTC_IRQHandler
                0x0000000008002f90                DMA1_Channel7_IRQHandler
                0x0000000008002f90                CAN1_RX1_IRQHandler
                0x0000000008002f90                UART5_IRQHandler
                0x0000000008002f90                ADC3_IRQHandler
                0x0000000008002f90                TIM4_IRQHandler
                0x0000000008002f90                DMA2_Channel1_IRQHandler
                0x0000000008002f90                I2C1_EV_IRQHandler
                0x0000000008002f90                UART4_IRQHandler
                0x0000000008002f90                TIM3_IRQHandler
                0x0000000008002f90                RCC_IRQHandler
                0x0000000008002f90                TIM1_TRG_COM_IRQHandler
                0x0000000008002f90                DMA1_Channel1_IRQHandler
                0x0000000008002f90                Default_Handler
                0x0000000008002f90                EXTI15_10_IRQHandler
                0x0000000008002f90                TIM7_IRQHandler
                0x0000000008002f90                TIM5_IRQHandler
                0x0000000008002f90                EXTI9_5_IRQHandler
                0x0000000008002f90                SPI2_IRQHandler
                0x0000000008002f90                DMA1_Channel5_IRQHandler
                0x0000000008002f90                EXTI4_IRQHandler
                0x0000000008002f90                USB_LP_CAN1_RX0_IRQHandler
                0x0000000008002f90                USB_HP_CAN1_TX_IRQHandler
                0x0000000008002f90                DMA1_Channel3_IRQHandler
                0x0000000008002f90                FSMC_IRQHandler
                0x0000000008002f90                TIM1_UP_IRQHandler
                0x0000000008002f90                WWDG_IRQHandler
                0x0000000008002f90                TIM2_IRQHandler
                0x0000000008002f90                TIM1_BRK_IRQHandler
                0x0000000008002f90                EXTI1_IRQHandler
                0x0000000008002f90                DMA2_Channel4_5_IRQHandler
                0x0000000008002f90                I2C2_ER_IRQHandler
                0x0000000008002f90                DMA1_Channel2_IRQHandler
                0x0000000008002f90                TIM8_BRK_IRQHandler
                0x0000000008002f90                CAN1_SCE_IRQHandler
                0x0000000008002f90                FLASH_IRQHandler
                0x0000000008002f90                USART1_IRQHandler
                0x0000000008002f90                SPI3_IRQHandler
                0x0000000008002f90                I2C1_ER_IRQHandler
                0x0000000008002f90                USBWakeUp_IRQHandler
                0x0000000008002f90                DMA2_Channel3_IRQHandler
 *fill*         0x0000000008002f92        0x2 
 .text.__libc_init_array
                0x0000000008002f94       0x48 /opt/gcc-arm-none-eabi/bin/../lib/gcc/arm-none-eabi/9.2.1/../../../../arm-none-eabi/lib/thumb/v7-m/nofp/libg_nano.a(lib_a-init.o)
                0x0000000008002f94                __libc_init_array
 .text.memcpy   0x0000000008002fdc       0x1c /opt/gcc-arm-none-eabi/bin/../lib/gcc/arm-none-eabi/9.2.1/../../../../arm-none-eabi/lib/thumb/v7-m/nofp/libg_nano.a(lib_a-memcpy-stub.o)
                0x0000000008002fdc                memcpy
 .text.memset   0x0000000008002ff8       0x10 /opt/gcc-arm-none-eabi/bin/../lib/gcc/arm-none-eabi/9.2.1/../../../../arm-none-eabi/lib/thumb/v7-m/nofp/libg_nano.a(lib_a-memset.o)
                0x0000000008002ff8                memset
 *(.glue_7)
 .glue_7        0x0000000008003008        0x0 linker stubs
 *(.glue_7t)
 .glue_7t       0x0000000008003008        0x0 linker stubs
 *(.eh_frame)
 .eh_frame      0x0000000008003008        0x0 /opt/gcc-arm-none-eabi/bin/../lib/gcc/arm-none-eabi/9.2.1/thumb/v7-m/nofp/crtbegin.o
 *(.init)
 .init          0x0000000008003008        0x4 /opt/gcc-arm-none-eabi/bin/../lib/gcc/arm-none-eabi/9.2.1/thumb/v7-m/nofp/crti.o
                0x0000000008003008                _init
 .init          0x000000000800300c        0x8 /opt/gcc-arm-none-eabi/bin/../lib/gcc/arm-none-eabi/9.2.1/thumb/v7-m/nofp/crtn.o
 *(.fini)
 .fini          0x0000000008003014        0x4 /opt/gcc-arm-none-eabi/bin/../lib/gcc/arm-none-eabi/9.2.1/thumb/v7-m/nofp/crti.o
                0x0000000008003014                _fini
 .fini          0x0000000008003018        0x8 /opt/gcc-arm-none-eabi/bin/../lib/gcc/arm-none-eabi/9.2.1/thumb/v7-m/nofp/crtn.o
                0x0000000008003020                . = ALIGN (0x4)
                0x0000000008003020                _etext = .

.vfp11_veneer   0x0000000008003020        0x0
 .vfp11_veneer  0x0000000008003020        0x0 linker stubs

.v4_bx          0x0000000008003020        0x0
 .v4_bx         0x0000000008003020        0x0 linker stubs

.iplt           0x0000000008003020        0x0
 .iplt          0x0000000008003020        0x0 /opt/gcc-arm-none-eabi/bin/../lib/gcc/arm-none-eabi/9.2.1/thumb/v7-m/nofp/crtbegin.o

.rodata         0x0000000008003020       0x28
                0x0000000008003020                . = ALIGN (0x4)
 *(.rodata)
 .rodata        0x0000000008003020       0x10 CMakeFiles/stm32_test.elf.dir/Drivers/STM32F1xx_HAL_Driver/Src/stm32f1xx_hal_rcc.c.obj
 *(.rodata*)
 .rodata.AHBPrescTable
                0x0000000008003030       0x10 CMakeFiles/stm32_test.elf.dir/Src/system_stm32f1xx.c.obj
                0x0000000008003030                AHBPrescTable
 .rodata.APBPrescTable
                0x0000000008003040        0x8 CMakeFiles/stm32_test.elf.dir/Src/system_stm32f1xx.c.obj
                0x0000000008003040                APBPrescTable
                0x0000000008003048                . = ALIGN (0x4)

.rel.dyn        0x0000000008003048        0x0
 .rel.iplt      0x0000000008003048        0x0 /opt/gcc-arm-none-eabi/bin/../lib/gcc/arm-none-eabi/9.2.1/thumb/v7-m/nofp/crtbegin.o

.ARM.extab
 *(.ARM.extab* .gnu.linkonce.armextab.*)

.ARM            0x0000000008003048        0x0
                0x0000000008003048                __exidx_start = .
 *(.ARM.exidx*)
                0x0000000008003048                __exidx_end = .

.preinit_array  0x0000000008003048        0x0
                0x0000000008003048                PROVIDE (__preinit_array_start = .)
 *(.preinit_array*)
                0x0000000008003048                PROVIDE (__preinit_array_end = .)

.init_array     0x0000000008003048        0x4
                0x0000000008003048                PROVIDE (__init_array_start = .)
 *(SORT_BY_NAME(.init_array.*))
 *(.init_array*)
 .init_array    0x0000000008003048        0x4 /opt/gcc-arm-none-eabi/bin/../lib/gcc/arm-none-eabi/9.2.1/thumb/v7-m/nofp/crtbegin.o
                0x000000000800304c                PROVIDE (__init_array_end = .)

.fini_array     0x000000000800304c        0x4
                [!provide]                        PROVIDE (__fini_array_start = .)
 *(SORT_BY_NAME(.fini_array.*))
 *(.fini_array*)
 .fini_array    0x000000000800304c        0x4 /opt/gcc-arm-none-eabi/bin/../lib/gcc/arm-none-eabi/9.2.1/thumb/v7-m/nofp/crtbegin.o
                [!provide]                        PROVIDE (__fini_array_end = .)
                0x0000000008003050                _sidata = LOADADDR (.data)

.data           0x0000000020000000       0x58 load address 0x0000000008003050
                0x0000000020000000                . = ALIGN (0x4)
                0x0000000020000000                _sdata = .
 *(.data)
 *(.data*)
 .data.uwTickPrio
                0x0000000020000000        0x4 CMakeFiles/stm32_test.elf.dir/Drivers/STM32F1xx_HAL_Driver/Src/stm32f1xx_hal.c.obj
                0x0000000020000000                uwTickPrio
 .data.uwTickFreq
                0x0000000020000004        0x1 CMakeFiles/stm32_test.elf.dir/Drivers/STM32F1xx_HAL_Driver/Src/stm32f1xx_hal.c.obj
                0x0000000020000004                uwTickFreq
 *fill*         0x0000000020000005        0x3 
 .data.NB_AT    0x0000000020000008        0x3 CMakeFiles/stm32_test.elf.dir/Src/nbiot.c.obj
                0x0000000020000008                NB_AT
 *fill*         0x000000002000000b        0x1 
 .data.NB_ATCSQ
                0x000000002000000c        0x7 CMakeFiles/stm32_test.elf.dir/Src/nbiot.c.obj
                0x000000002000000c                NB_ATCSQ
 *fill*         0x0000000020000013        0x1 
 .data.NB_ATCONFIG
                0x0000000020000014       0x11 CMakeFiles/stm32_test.elf.dir/Src/nbiot.c.obj
                0x0000000020000014                NB_ATCONFIG
 *fill*         0x0000000020000025        0x3 
 .data.Proc     0x0000000020000028       0x2c CMakeFiles/stm32_test.elf.dir/Src/nbiot.c.obj
                0x0000000020000028                Proc
 .data.SystemCoreClock
                0x0000000020000054        0x4 CMakeFiles/stm32_test.elf.dir/Src/system_stm32f1xx.c.obj
                0x0000000020000054                SystemCoreClock
                0x0000000020000058                . = ALIGN (0x4)
                0x0000000020000058                _edata = .

.igot.plt       0x0000000020000058        0x0 load address 0x00000000080030a8
 .igot.plt      0x0000000020000058        0x0 /opt/gcc-arm-none-eabi/bin/../lib/gcc/arm-none-eabi/9.2.1/thumb/v7-m/nofp/crtbegin.o
                0x0000000020000058                . = ALIGN (0x4)

.bss            0x0000000020000058      0x1e8 load address 0x00000000080030a8
                0x0000000020000058                _sbss = .
                0x0000000020000058                __bss_start__ = _sbss
 *(.bss)
 .bss           0x0000000020000058       0x1c /opt/gcc-arm-none-eabi/bin/../lib/gcc/arm-none-eabi/9.2.1/thumb/v7-m/nofp/crtbegin.o
 *(.bss*)
 .bss.uwTick    0x0000000020000074        0x4 CMakeFiles/stm32_test.elf.dir/Drivers/STM32F1xx_HAL_Driver/Src/stm32f1xx_hal.c.obj
                0x0000000020000074                uwTick
 .bss.huart1    0x0000000020000078       0x40 CMakeFiles/stm32_test.elf.dir/Src/main.c.obj
                0x0000000020000078                huart1
 .bss.huart2    0x00000000200000b8       0x40 CMakeFiles/stm32_test.elf.dir/Src/main.c.obj
                0x00000000200000b8                huart2
 .bss.hdma_usart2_rx
                0x00000000200000f8       0x44 CMakeFiles/stm32_test.elf.dir/Src/main.c.obj
                0x00000000200000f8                hdma_usart2_rx
 .bss.UART2DATAREADY
                0x000000002000013c        0x1 CMakeFiles/stm32_test.elf.dir/Src/uart.c.obj
                0x000000002000013c                UART2DATAREADY
 *fill*         0x000000002000013d        0x3 
 .bss.UART2RXBUFFER
                0x0000000020000140       0xff CMakeFiles/stm32_test.elf.dir/Src/uart.c.obj
                0x0000000020000140                UART2RXBUFFER
 *(COMMON)
                0x0000000020000240                . = ALIGN (0x4)
 *fill*         0x000000002000023f        0x1 
                0x0000000020000240                _ebss = .
                0x0000000020000240                __bss_end__ = _ebss

._user_heap_stack
                0x0000000020000240      0x600 load address 0x00000000080030a8
                0x0000000020000240                . = ALIGN (0x8)
                0x0000000020000240                PROVIDE (end = .)
                [!provide]                        PROVIDE (_end = .)
                0x0000000020000440                . = (. + _Min_Heap_Size)
 *fill*         0x0000000020000240      0x200 
                0x0000000020000840                . = (. + _Min_Stack_Size)
 *fill*         0x0000000020000440      0x400 
                0x0000000020000840                . = ALIGN (0x8)

/DISCARD/
 libc.a(*)
 libm.a(*)
 libgcc.a(*)

.ARM.attributes
                0x0000000000000000       0x29
 *(.ARM.attributes)
 .ARM.attributes
                0x0000000000000000       0x1d /opt/gcc-arm-none-eabi/bin/../lib/gcc/arm-none-eabi/9.2.1/thumb/v7-m/nofp/crti.o
 .ARM.attributes
                0x000000000000001d       0x2d /opt/gcc-arm-none-eabi/bin/../lib/gcc/arm-none-eabi/9.2.1/thumb/v7-m/nofp/crtbegin.o
 .ARM.attributes
                0x000000000000004a       0x2d CMakeFiles/stm32_test.elf.dir/Drivers/STM32F1xx_HAL_Driver/Src/stm32f1xx_hal.c.obj
 .ARM.attributes
                0x0000000000000077       0x2d CMakeFiles/stm32_test.elf.dir/Drivers/STM32F1xx_HAL_Driver/Src/stm32f1xx_hal_cortex.c.obj
 .ARM.attributes
                0x00000000000000a4       0x2d CMakeFiles/stm32_test.elf.dir/Drivers/STM32F1xx_HAL_Driver/Src/stm32f1xx_hal_dma.c.obj
 .ARM.attributes
                0x00000000000000d1       0x2d CMakeFiles/stm32_test.elf.dir/Drivers/STM32F1xx_HAL_Driver/Src/stm32f1xx_hal_gpio.c.obj
 .ARM.attributes
                0x00000000000000fe       0x2d CMakeFiles/stm32_test.elf.dir/Drivers/STM32F1xx_HAL_Driver/Src/stm32f1xx_hal_rcc.c.obj
 .ARM.attributes
                0x000000000000012b       0x2d CMakeFiles/stm32_test.elf.dir/Drivers/STM32F1xx_HAL_Driver/Src/stm32f1xx_hal_uart.c.obj
 .ARM.attributes
                0x0000000000000158       0x2d CMakeFiles/stm32_test.elf.dir/Src/beep.c.obj
 .ARM.attributes
                0x0000000000000185       0x2d CMakeFiles/stm32_test.elf.dir/Src/led.c.obj
 .ARM.attributes
                0x00000000000001b2       0x2d CMakeFiles/stm32_test.elf.dir/Src/main.c.obj
 .ARM.attributes
                0x00000000000001df       0x2d CMakeFiles/stm32_test.elf.dir/Src/nbiot.c.obj
 .ARM.attributes
                0x000000000000020c       0x2d CMakeFiles/stm32_test.elf.dir/Src/stm32f1xx_hal_msp.c.obj
 .ARM.attributes
                0x0000000000000239       0x2d CMakeFiles/stm32_test.elf.dir/Src/stm32f1xx_it.c.obj
 .ARM.attributes
                0x0000000000000266       0x2d CMakeFiles/stm32_test.elf.dir/Src/system_stm32f1xx.c.obj
 .ARM.attributes
                0x0000000000000293       0x2d CMakeFiles/stm32_test.elf.dir/Src/uart.c.obj
 .ARM.attributes
                0x00000000000002c0       0x21 CMakeFiles/stm32_test.elf.dir/startup/startup_stm32f103xe.s.obj
 .ARM.attributes
                0x00000000000002e1       0x2d /opt/gcc-arm-none-eabi/bin/../lib/gcc/arm-none-eabi/9.2.1/../../../../arm-none-eabi/lib/thumb/v7-m/nofp/libg_nano.a(lib_a-init.o)
 .ARM.attributes
                0x000000000000030e       0x2d /opt/gcc-arm-none-eabi/bin/../lib/gcc/arm-none-eabi/9.2.1/../../../../arm-none-eabi/lib/thumb/v7-m/nofp/libg_nano.a(lib_a-memcpy-stub.o)
 .ARM.attributes
                0x000000000000033b       0x2d /opt/gcc-arm-none-eabi/bin/../lib/gcc/arm-none-eabi/9.2.1/../../../../arm-none-eabi/lib/thumb/v7-m/nofp/libg_nano.a(lib_a-memset.o)
 .ARM.attributes
                0x0000000000000368       0x1d /opt/gcc-arm-none-eabi/bin/../lib/gcc/arm-none-eabi/9.2.1/thumb/v7-m/nofp/crtn.o
OUTPUT(stm32_test.elf elf32-littlearm)

.debug_info     0x0000000000000000     0x8514
 .debug_info    0x0000000000000000      0x7ad CMakeFiles/stm32_test.elf.dir/Drivers/STM32F1xx_HAL_Driver/Src/stm32f1xx_hal.c.obj
 .debug_info    0x00000000000007ad      0xc2b CMakeFiles/stm32_test.elf.dir/Drivers/STM32F1xx_HAL_Driver/Src/stm32f1xx_hal_cortex.c.obj
 .debug_info    0x00000000000013d8      0x807 CMakeFiles/stm32_test.elf.dir/Drivers/STM32F1xx_HAL_Driver/Src/stm32f1xx_hal_dma.c.obj
 .debug_info    0x0000000000001bdf      0x6da CMakeFiles/stm32_test.elf.dir/Drivers/STM32F1xx_HAL_Driver/Src/stm32f1xx_hal_gpio.c.obj
 .debug_info    0x00000000000022b9      0x877 CMakeFiles/stm32_test.elf.dir/Drivers/STM32F1xx_HAL_Driver/Src/stm32f1xx_hal_rcc.c.obj
 .debug_info    0x0000000000002b30     0x12db CMakeFiles/stm32_test.elf.dir/Drivers/STM32F1xx_HAL_Driver/Src/stm32f1xx_hal_uart.c.obj
 .debug_info    0x0000000000003e0b      0x188 CMakeFiles/stm32_test.elf.dir/Src/beep.c.obj
 .debug_info    0x0000000000003f93      0x1ac CMakeFiles/stm32_test.elf.dir/Src/led.c.obj
 .debug_info    0x000000000000413f      0xbbe CMakeFiles/stm32_test.elf.dir/Src/main.c.obj
 .debug_info    0x0000000000004cfd     0x1290 CMakeFiles/stm32_test.elf.dir/Src/nbiot.c.obj
 .debug_info    0x0000000000005f8d      0xabc CMakeFiles/stm32_test.elf.dir/Src/stm32f1xx_hal_msp.c.obj
 .debug_info    0x0000000000006a49      0x6a9 CMakeFiles/stm32_test.elf.dir/Src/stm32f1xx_it.c.obj
 .debug_info    0x00000000000070f2      0x462 CMakeFiles/stm32_test.elf.dir/Src/system_stm32f1xx.c.obj
 .debug_info    0x0000000000007554      0xf9e CMakeFiles/stm32_test.elf.dir/Src/uart.c.obj
 .debug_info    0x00000000000084f2       0x22 CMakeFiles/stm32_test.elf.dir/startup/startup_stm32f103xe.s.obj

.debug_abbrev   0x0000000000000000     0x1acb
 .debug_abbrev  0x0000000000000000      0x1fd CMakeFiles/stm32_test.elf.dir/Drivers/STM32F1xx_HAL_Driver/Src/stm32f1xx_hal.c.obj
 .debug_abbrev  0x00000000000001fd      0x310 CMakeFiles/stm32_test.elf.dir/Drivers/STM32F1xx_HAL_Driver/Src/stm32f1xx_hal_cortex.c.obj
 .debug_abbrev  0x000000000000050d      0x225 CMakeFiles/stm32_test.elf.dir/Drivers/STM32F1xx_HAL_Driver/Src/stm32f1xx_hal_dma.c.obj
 .debug_abbrev  0x0000000000000732      0x1e5 CMakeFiles/stm32_test.elf.dir/Drivers/STM32F1xx_HAL_Driver/Src/stm32f1xx_hal_gpio.c.obj
 .debug_abbrev  0x0000000000000917      0x270 CMakeFiles/stm32_test.elf.dir/Drivers/STM32F1xx_HAL_Driver/Src/stm32f1xx_hal_rcc.c.obj
 .debug_abbrev  0x0000000000000b87      0x26d CMakeFiles/stm32_test.elf.dir/Drivers/STM32F1xx_HAL_Driver/Src/stm32f1xx_hal_uart.c.obj
 .debug_abbrev  0x0000000000000df4       0xb3 CMakeFiles/stm32_test.elf.dir/Src/beep.c.obj
 .debug_abbrev  0x0000000000000ea7       0xe2 CMakeFiles/stm32_test.elf.dir/Src/led.c.obj
 .debug_abbrev  0x0000000000000f89      0x22d CMakeFiles/stm32_test.elf.dir/Src/main.c.obj
 .debug_abbrev  0x00000000000011b6      0x26f CMakeFiles/stm32_test.elf.dir/Src/nbiot.c.obj
 .debug_abbrev  0x0000000000001425      0x1b2 CMakeFiles/stm32_test.elf.dir/Src/stm32f1xx_hal_msp.c.obj
 .debug_abbrev  0x00000000000015d7      0x160 CMakeFiles/stm32_test.elf.dir/Src/stm32f1xx_it.c.obj
 .debug_abbrev  0x0000000000001737      0x14b CMakeFiles/stm32_test.elf.dir/Src/system_stm32f1xx.c.obj
 .debug_abbrev  0x0000000000001882      0x237 CMakeFiles/stm32_test.elf.dir/Src/uart.c.obj
 .debug_abbrev  0x0000000000001ab9       0x12 CMakeFiles/stm32_test.elf.dir/startup/startup_stm32f103xe.s.obj

.debug_aranges  0x0000000000000000      0x760
 .debug_aranges
                0x0000000000000000       0xe0 CMakeFiles/stm32_test.elf.dir/Drivers/STM32F1xx_HAL_Driver/Src/stm32f1xx_hal.c.obj
 .debug_aranges
                0x00000000000000e0      0x100 CMakeFiles/stm32_test.elf.dir/Drivers/STM32F1xx_HAL_Driver/Src/stm32f1xx_hal_cortex.c.obj
 .debug_aranges
                0x00000000000001e0       0x80 CMakeFiles/stm32_test.elf.dir/Drivers/STM32F1xx_HAL_Driver/Src/stm32f1xx_hal_dma.c.obj
 .debug_aranges
                0x0000000000000260       0x58 CMakeFiles/stm32_test.elf.dir/Drivers/STM32F1xx_HAL_Driver/Src/stm32f1xx_hal_gpio.c.obj
 .debug_aranges
                0x00000000000002b8       0x90 CMakeFiles/stm32_test.elf.dir/Drivers/STM32F1xx_HAL_Driver/Src/stm32f1xx_hal_rcc.c.obj
 .debug_aranges
                0x0000000000000348      0x1d0 CMakeFiles/stm32_test.elf.dir/Drivers/STM32F1xx_HAL_Driver/Src/stm32f1xx_hal_uart.c.obj
 .debug_aranges
                0x0000000000000518       0x28 CMakeFiles/stm32_test.elf.dir/Src/beep.c.obj
 .debug_aranges
                0x0000000000000540       0x28 CMakeFiles/stm32_test.elf.dir/Src/led.c.obj
 .debug_aranges
                0x0000000000000568       0x58 CMakeFiles/stm32_test.elf.dir/Src/main.c.obj
 .debug_aranges
                0x00000000000005c0       0x80 CMakeFiles/stm32_test.elf.dir/Src/nbiot.c.obj
 .debug_aranges
                0x0000000000000640       0x30 CMakeFiles/stm32_test.elf.dir/Src/stm32f1xx_hal_msp.c.obj
 .debug_aranges
                0x0000000000000670       0x70 CMakeFiles/stm32_test.elf.dir/Src/stm32f1xx_it.c.obj
 .debug_aranges
                0x00000000000006e0       0x28 CMakeFiles/stm32_test.elf.dir/Src/system_stm32f1xx.c.obj
 .debug_aranges
                0x0000000000000708       0x30 CMakeFiles/stm32_test.elf.dir/Src/uart.c.obj
 .debug_aranges
                0x0000000000000738       0x28 CMakeFiles/stm32_test.elf.dir/startup/startup_stm32f103xe.s.obj

.debug_ranges   0x0000000000000000      0x678
 .debug_ranges  0x0000000000000000       0xd0 CMakeFiles/stm32_test.elf.dir/Drivers/STM32F1xx_HAL_Driver/Src/stm32f1xx_hal.c.obj
 .debug_ranges  0x00000000000000d0       0xf0 CMakeFiles/stm32_test.elf.dir/Drivers/STM32F1xx_HAL_Driver/Src/stm32f1xx_hal_cortex.c.obj
 .debug_ranges  0x00000000000001c0       0x70 CMakeFiles/stm32_test.elf.dir/Drivers/STM32F1xx_HAL_Driver/Src/stm32f1xx_hal_dma.c.obj
 .debug_ranges  0x0000000000000230       0x48 CMakeFiles/stm32_test.elf.dir/Drivers/STM32F1xx_HAL_Driver/Src/stm32f1xx_hal_gpio.c.obj
 .debug_ranges  0x0000000000000278       0x80 CMakeFiles/stm32_test.elf.dir/Drivers/STM32F1xx_HAL_Driver/Src/stm32f1xx_hal_rcc.c.obj
 .debug_ranges  0x00000000000002f8      0x1c0 CMakeFiles/stm32_test.elf.dir/Drivers/STM32F1xx_HAL_Driver/Src/stm32f1xx_hal_uart.c.obj
 .debug_ranges  0x00000000000004b8       0x18 CMakeFiles/stm32_test.elf.dir/Src/beep.c.obj
 .debug_ranges  0x00000000000004d0       0x18 CMakeFiles/stm32_test.elf.dir/Src/led.c.obj
 .debug_ranges  0x00000000000004e8       0x48 CMakeFiles/stm32_test.elf.dir/Src/main.c.obj
 .debug_ranges  0x0000000000000530       0x70 CMakeFiles/stm32_test.elf.dir/Src/nbiot.c.obj
 .debug_ranges  0x00000000000005a0       0x20 CMakeFiles/stm32_test.elf.dir/Src/stm32f1xx_hal_msp.c.obj
 .debug_ranges  0x00000000000005c0       0x60 CMakeFiles/stm32_test.elf.dir/Src/stm32f1xx_it.c.obj
 .debug_ranges  0x0000000000000620       0x18 CMakeFiles/stm32_test.elf.dir/Src/system_stm32f1xx.c.obj
 .debug_ranges  0x0000000000000638       0x20 CMakeFiles/stm32_test.elf.dir/Src/uart.c.obj
 .debug_ranges  0x0000000000000658       0x20 CMakeFiles/stm32_test.elf.dir/startup/startup_stm32f103xe.s.obj

.debug_line     0x0000000000000000     0x56ec
 .debug_line    0x0000000000000000      0x500 CMakeFiles/stm32_test.elf.dir/Drivers/STM32F1xx_HAL_Driver/Src/stm32f1xx_hal.c.obj
 .debug_line    0x0000000000000500      0x6e6 CMakeFiles/stm32_test.elf.dir/Drivers/STM32F1xx_HAL_Driver/Src/stm32f1xx_hal_cortex.c.obj
 .debug_line    0x0000000000000be6      0xe56 CMakeFiles/stm32_test.elf.dir/Drivers/STM32F1xx_HAL_Driver/Src/stm32f1xx_hal_dma.c.obj
 .debug_line    0x0000000000001a3c      0x5e0 CMakeFiles/stm32_test.elf.dir/Drivers/STM32F1xx_HAL_Driver/Src/stm32f1xx_hal_gpio.c.obj
 .debug_line    0x000000000000201c      0x96c CMakeFiles/stm32_test.elf.dir/Drivers/STM32F1xx_HAL_Driver/Src/stm32f1xx_hal_rcc.c.obj
 .debug_line    0x0000000000002988     0x1328 CMakeFiles/stm32_test.elf.dir/Drivers/STM32F1xx_HAL_Driver/Src/stm32f1xx_hal_uart.c.obj
 .debug_line    0x0000000000003cb0      0x222 CMakeFiles/stm32_test.elf.dir/Src/beep.c.obj
 .debug_line    0x0000000000003ed2      0x221 CMakeFiles/stm32_test.elf.dir/Src/led.c.obj
 .debug_line    0x00000000000040f3      0x3ff CMakeFiles/stm32_test.elf.dir/Src/main.c.obj
 .debug_line    0x00000000000044f2      0x4a4 CMakeFiles/stm32_test.elf.dir/Src/nbiot.c.obj
 .debug_line    0x0000000000004996      0x343 CMakeFiles/stm32_test.elf.dir/Src/stm32f1xx_hal_msp.c.obj
 .debug_line    0x0000000000004cd9      0x356 CMakeFiles/stm32_test.elf.dir/Src/stm32f1xx_it.c.obj
 .debug_line    0x000000000000502f      0x2e9 CMakeFiles/stm32_test.elf.dir/Src/system_stm32f1xx.c.obj
 .debug_line    0x0000000000005318      0x32d CMakeFiles/stm32_test.elf.dir/Src/uart.c.obj
 .debug_line    0x0000000000005645       0xa7 CMakeFiles/stm32_test.elf.dir/startup/startup_stm32f103xe.s.obj

.debug_str      0x0000000000000000     0x26d2
 .debug_str     0x0000000000000000      0x903 CMakeFiles/stm32_test.elf.dir/Drivers/STM32F1xx_HAL_Driver/Src/stm32f1xx_hal.c.obj
                                        0x967 (size before relaxing)
 .debug_str     0x0000000000000903      0x434 CMakeFiles/stm32_test.elf.dir/Drivers/STM32F1xx_HAL_Driver/Src/stm32f1xx_hal_cortex.c.obj
                                        0xace (size before relaxing)
 .debug_str     0x0000000000000d37      0x41a CMakeFiles/stm32_test.elf.dir/Drivers/STM32F1xx_HAL_Driver/Src/stm32f1xx_hal_dma.c.obj
                                        0x72c (size before relaxing)
 .debug_str     0x0000000000001151      0x1f4 CMakeFiles/stm32_test.elf.dir/Drivers/STM32F1xx_HAL_Driver/Src/stm32f1xx_hal_gpio.c.obj
                                        0x53b (size before relaxing)
 .debug_str     0x0000000000001345      0x354 CMakeFiles/stm32_test.elf.dir/Drivers/STM32F1xx_HAL_Driver/Src/stm32f1xx_hal_rcc.c.obj
                                        0x6f6 (size before relaxing)
 .debug_str     0x0000000000001699      0x713 CMakeFiles/stm32_test.elf.dir/Drivers/STM32F1xx_HAL_Driver/Src/stm32f1xx_hal_uart.c.obj
                                        0xc3d (size before relaxing)
 .debug_str     0x0000000000001dac       0x47 CMakeFiles/stm32_test.elf.dir/Src/beep.c.obj
                                        0x2d7 (size before relaxing)
 .debug_str     0x0000000000001df3       0x41 CMakeFiles/stm32_test.elf.dir/Src/led.c.obj
                                        0x2d7 (size before relaxing)
 .debug_str     0x0000000000001e34       0xf6 CMakeFiles/stm32_test.elf.dir/Src/main.c.obj
                                        0xca5 (size before relaxing)
 .debug_str     0x0000000000001f2a      0x544 CMakeFiles/stm32_test.elf.dir/Src/nbiot.c.obj
                                        0xbd9 (size before relaxing)
 .debug_str     0x000000000000246e       0x45 CMakeFiles/stm32_test.elf.dir/Src/stm32f1xx_hal_msp.c.obj
                                        0xb4b (size before relaxing)
 .debug_str     0x00000000000024b3       0xfb CMakeFiles/stm32_test.elf.dir/Src/stm32f1xx_it.c.obj
                                        0x73c (size before relaxing)
 .debug_str     0x00000000000025ae       0x77 CMakeFiles/stm32_test.elf.dir/Src/system_stm32f1xx.c.obj
                                        0x3aa (size before relaxing)
 .debug_str     0x0000000000002625       0x54 CMakeFiles/stm32_test.elf.dir/Src/uart.c.obj
                                        0xb1a (size before relaxing)
 .debug_str     0x0000000000002679       0x59 CMakeFiles/stm32_test.elf.dir/startup/startup_stm32f103xe.s.obj
                                         0x98 (size before relaxing)

.comment        0x0000000000000000       0x79
 .comment       0x0000000000000000       0x79 CMakeFiles/stm32_test.elf.dir/Drivers/STM32F1xx_HAL_Driver/Src/stm32f1xx_hal.c.obj
                                         0x7a (size before relaxing)
 .comment       0x0000000000000079       0x7a CMakeFiles/stm32_test.elf.dir/Drivers/STM32F1xx_HAL_Driver/Src/stm32f1xx_hal_cortex.c.obj
 .comment       0x0000000000000079       0x7a CMakeFiles/stm32_test.elf.dir/Drivers/STM32F1xx_HAL_Driver/Src/stm32f1xx_hal_dma.c.obj
 .comment       0x0000000000000079       0x7a CMakeFiles/stm32_test.elf.dir/Drivers/STM32F1xx_HAL_Driver/Src/stm32f1xx_hal_gpio.c.obj
 .comment       0x0000000000000079       0x7a CMakeFiles/stm32_test.elf.dir/Drivers/STM32F1xx_HAL_Driver/Src/stm32f1xx_hal_rcc.c.obj
 .comment       0x0000000000000079       0x7a CMakeFiles/stm32_test.elf.dir/Drivers/STM32F1xx_HAL_Driver/Src/stm32f1xx_hal_uart.c.obj
 .comment       0x0000000000000079       0x7a CMakeFiles/stm32_test.elf.dir/Src/beep.c.obj
 .comment       0x0000000000000079       0x7a CMakeFiles/stm32_test.elf.dir/Src/led.c.obj
 .comment       0x0000000000000079       0x7a CMakeFiles/stm32_test.elf.dir/Src/main.c.obj
 .comment       0x0000000000000079       0x7a CMakeFiles/stm32_test.elf.dir/Src/nbiot.c.obj
 .comment       0x0000000000000079       0x7a CMakeFiles/stm32_test.elf.dir/Src/stm32f1xx_hal_msp.c.obj
 .comment       0x0000000000000079       0x7a CMakeFiles/stm32_test.elf.dir/Src/stm32f1xx_it.c.obj
 .comment       0x0000000000000079       0x7a CMakeFiles/stm32_test.elf.dir/Src/system_stm32f1xx.c.obj
 .comment       0x0000000000000079       0x7a CMakeFiles/stm32_test.elf.dir/Src/uart.c.obj

.debug_frame    0x0000000000000000     0x1bb0
 .debug_frame   0x0000000000000000      0x334 CMakeFiles/stm32_test.elf.dir/Drivers/STM32F1xx_HAL_Driver/Src/stm32f1xx_hal.c.obj
 .debug_frame   0x0000000000000334      0x428 CMakeFiles/stm32_test.elf.dir/Drivers/STM32F1xx_HAL_Driver/Src/stm32f1xx_hal_cortex.c.obj
 .debug_frame   0x000000000000075c      0x20c CMakeFiles/stm32_test.elf.dir/Drivers/STM32F1xx_HAL_Driver/Src/stm32f1xx_hal_dma.c.obj
 .debug_frame   0x0000000000000968      0x14c CMakeFiles/stm32_test.elf.dir/Drivers/STM32F1xx_HAL_Driver/Src/stm32f1xx_hal_gpio.c.obj
 .debug_frame   0x0000000000000ab4      0x21c CMakeFiles/stm32_test.elf.dir/Drivers/STM32F1xx_HAL_Driver/Src/stm32f1xx_hal_rcc.c.obj
 .debug_frame   0x0000000000000cd0      0x834 CMakeFiles/stm32_test.elf.dir/Drivers/STM32F1xx_HAL_Driver/Src/stm32f1xx_hal_uart.c.obj
 .debug_frame   0x0000000000001504       0x50 CMakeFiles/stm32_test.elf.dir/Src/beep.c.obj
 .debug_frame   0x0000000000001554       0x60 CMakeFiles/stm32_test.elf.dir/Src/led.c.obj
 .debug_frame   0x00000000000015b4      0x10c CMakeFiles/stm32_test.elf.dir/Src/main.c.obj
 .debug_frame   0x00000000000016c0      0x1e4 CMakeFiles/stm32_test.elf.dir/Src/nbiot.c.obj
 .debug_frame   0x00000000000018a4       0x80 CMakeFiles/stm32_test.elf.dir/Src/stm32f1xx_hal_msp.c.obj
 .debug_frame   0x0000000000001924      0x144 CMakeFiles/stm32_test.elf.dir/Src/stm32f1xx_it.c.obj
 .debug_frame   0x0000000000001a68       0x58 CMakeFiles/stm32_test.elf.dir/Src/system_stm32f1xx.c.obj
 .debug_frame   0x0000000000001ac0       0x7c CMakeFiles/stm32_test.elf.dir/Src/uart.c.obj
 .debug_frame   0x0000000000001b3c       0x2c /opt/gcc-arm-none-eabi/bin/../lib/gcc/arm-none-eabi/9.2.1/../../../../arm-none-eabi/lib/thumb/v7-m/nofp/libg_nano.a(lib_a-init.o)
 .debug_frame   0x0000000000001b68       0x28 /opt/gcc-arm-none-eabi/bin/../lib/gcc/arm-none-eabi/9.2.1/../../../../arm-none-eabi/lib/thumb/v7-m/nofp/libg_nano.a(lib_a-memcpy-stub.o)
 .debug_frame   0x0000000000001b90       0x20 /opt/gcc-arm-none-eabi/bin/../lib/gcc/arm-none-eabi/9.2.1/../../../../arm-none-eabi/lib/thumb/v7-m/nofp/libg_nano.a(lib_a-memset.o)
