Archive member included to satisfy reference by file (symbol)

/opt/gcc-arm-none-eabi/bin/../lib/gcc/arm-none-eabi/9.2.1/../../../../arm-none-eabi/lib/thumb/v7-m/nofp/libg_nano.a(lib_a-errno.o)
                              CMakeFiles/stm32_test.elf.dir/Src/syscalls.c.obj (__errno)
/opt/gcc-arm-none-eabi/bin/../lib/gcc/arm-none-eabi/9.2.1/../../../../arm-none-eabi/lib/thumb/v7-m/nofp/libg_nano.a(lib_a-exit.o)
                              /opt/gcc-arm-none-eabi/bin/../lib/gcc/arm-none-eabi/9.2.1/../../../../arm-none-eabi/lib/thumb/v7-m/nofp/crt0.o (exit)
/opt/gcc-arm-none-eabi/bin/../lib/gcc/arm-none-eabi/9.2.1/../../../../arm-none-eabi/lib/thumb/v7-m/nofp/libg_nano.a(lib_a-impure.o)
                              /opt/gcc-arm-none-eabi/bin/../lib/gcc/arm-none-eabi/9.2.1/../../../../arm-none-eabi/lib/thumb/v7-m/nofp/libg_nano.a(lib_a-exit.o) (_global_impure_ptr)
/opt/gcc-arm-none-eabi/bin/../lib/gcc/arm-none-eabi/9.2.1/../../../../arm-none-eabi/lib/thumb/v7-m/nofp/libg_nano.a(lib_a-init.o)
                              /opt/gcc-arm-none-eabi/bin/../lib/gcc/arm-none-eabi/9.2.1/../../../../arm-none-eabi/lib/thumb/v7-m/nofp/crt0.o (__libc_init_array)
/opt/gcc-arm-none-eabi/bin/../lib/gcc/arm-none-eabi/9.2.1/../../../../arm-none-eabi/lib/thumb/v7-m/nofp/libg_nano.a(lib_a-memset.o)
                              /opt/gcc-arm-none-eabi/bin/../lib/gcc/arm-none-eabi/9.2.1/../../../../arm-none-eabi/lib/thumb/v7-m/nofp/crt0.o (memset)

Discarded input sections

 .text          0x0000000000000000        0x0 /opt/gcc-arm-none-eabi/bin/../lib/gcc/arm-none-eabi/9.2.1/thumb/v7-m/nofp/crti.o
 .data          0x0000000000000000        0x0 /opt/gcc-arm-none-eabi/bin/../lib/gcc/arm-none-eabi/9.2.1/thumb/v7-m/nofp/crti.o
 .bss           0x0000000000000000        0x0 /opt/gcc-arm-none-eabi/bin/../lib/gcc/arm-none-eabi/9.2.1/thumb/v7-m/nofp/crti.o
 .data          0x0000000000000000        0x4 /opt/gcc-arm-none-eabi/bin/../lib/gcc/arm-none-eabi/9.2.1/thumb/v7-m/nofp/crtbegin.o
 .text          0x0000000000000000       0x74 /opt/gcc-arm-none-eabi/bin/../lib/gcc/arm-none-eabi/9.2.1/../../../../arm-none-eabi/lib/thumb/v7-m/nofp/crt0.o
 .data          0x0000000000000000        0x0 /opt/gcc-arm-none-eabi/bin/../lib/gcc/arm-none-eabi/9.2.1/../../../../arm-none-eabi/lib/thumb/v7-m/nofp/crt0.o
 .bss           0x0000000000000000        0x0 /opt/gcc-arm-none-eabi/bin/../lib/gcc/arm-none-eabi/9.2.1/../../../../arm-none-eabi/lib/thumb/v7-m/nofp/crt0.o
 .ARM.extab     0x0000000000000000        0x0 /opt/gcc-arm-none-eabi/bin/../lib/gcc/arm-none-eabi/9.2.1/../../../../arm-none-eabi/lib/thumb/v7-m/nofp/crt0.o
 .ARM.exidx     0x0000000000000000        0x8 /opt/gcc-arm-none-eabi/bin/../lib/gcc/arm-none-eabi/9.2.1/../../../../arm-none-eabi/lib/thumb/v7-m/nofp/crt0.o
 .ARM.attributes
                0x0000000000000000       0x1b /opt/gcc-arm-none-eabi/bin/../lib/gcc/arm-none-eabi/9.2.1/../../../../arm-none-eabi/lib/thumb/v7-m/nofp/crt0.o
 .text          0x0000000000000000        0x0 CMakeFiles/stm32_test.elf.dir/Drivers/STM32F1xx_HAL_Driver/Src/stm32f1xx_hal.c.obj
 .data          0x0000000000000000        0x0 CMakeFiles/stm32_test.elf.dir/Drivers/STM32F1xx_HAL_Driver/Src/stm32f1xx_hal.c.obj
 .bss           0x0000000000000000        0x0 CMakeFiles/stm32_test.elf.dir/Drivers/STM32F1xx_HAL_Driver/Src/stm32f1xx_hal.c.obj
 .text.HAL_DeInit
                0x0000000000000000       0x30 CMakeFiles/stm32_test.elf.dir/Drivers/STM32F1xx_HAL_Driver/Src/stm32f1xx_hal.c.obj
 .text.HAL_MspInit
                0x0000000000000000        0xc CMakeFiles/stm32_test.elf.dir/Drivers/STM32F1xx_HAL_Driver/Src/stm32f1xx_hal.c.obj
 .text.HAL_MspDeInit
                0x0000000000000000        0xc CMakeFiles/stm32_test.elf.dir/Drivers/STM32F1xx_HAL_Driver/Src/stm32f1xx_hal.c.obj
 .text.HAL_GetTickPrio
                0x0000000000000000       0x14 CMakeFiles/stm32_test.elf.dir/Drivers/STM32F1xx_HAL_Driver/Src/stm32f1xx_hal.c.obj
 .text.HAL_SetTickFreq
                0x0000000000000000       0x44 CMakeFiles/stm32_test.elf.dir/Drivers/STM32F1xx_HAL_Driver/Src/stm32f1xx_hal.c.obj
 .text.HAL_GetTickFreq
                0x0000000000000000       0x14 CMakeFiles/stm32_test.elf.dir/Drivers/STM32F1xx_HAL_Driver/Src/stm32f1xx_hal.c.obj
 .text.HAL_SuspendTick
                0x0000000000000000       0x1c CMakeFiles/stm32_test.elf.dir/Drivers/STM32F1xx_HAL_Driver/Src/stm32f1xx_hal.c.obj
 .text.HAL_ResumeTick
                0x0000000000000000       0x1c CMakeFiles/stm32_test.elf.dir/Drivers/STM32F1xx_HAL_Driver/Src/stm32f1xx_hal.c.obj
 .text.HAL_GetHalVersion
                0x0000000000000000       0x14 CMakeFiles/stm32_test.elf.dir/Drivers/STM32F1xx_HAL_Driver/Src/stm32f1xx_hal.c.obj
 .text.HAL_GetREVID
                0x0000000000000000       0x18 CMakeFiles/stm32_test.elf.dir/Drivers/STM32F1xx_HAL_Driver/Src/stm32f1xx_hal.c.obj
 .text.HAL_GetDEVID
                0x0000000000000000       0x18 CMakeFiles/stm32_test.elf.dir/Drivers/STM32F1xx_HAL_Driver/Src/stm32f1xx_hal.c.obj
 .text.HAL_GetUIDw0
                0x0000000000000000       0x14 CMakeFiles/stm32_test.elf.dir/Drivers/STM32F1xx_HAL_Driver/Src/stm32f1xx_hal.c.obj
 .text.HAL_GetUIDw1
                0x0000000000000000       0x14 CMakeFiles/stm32_test.elf.dir/Drivers/STM32F1xx_HAL_Driver/Src/stm32f1xx_hal.c.obj
 .text.HAL_GetUIDw2
                0x0000000000000000       0x14 CMakeFiles/stm32_test.elf.dir/Drivers/STM32F1xx_HAL_Driver/Src/stm32f1xx_hal.c.obj
 .text.HAL_DBGMCU_EnableDBGSleepMode
                0x0000000000000000       0x1c CMakeFiles/stm32_test.elf.dir/Drivers/STM32F1xx_HAL_Driver/Src/stm32f1xx_hal.c.obj
 .text.HAL_DBGMCU_DisableDBGSleepMode
                0x0000000000000000       0x1c CMakeFiles/stm32_test.elf.dir/Drivers/STM32F1xx_HAL_Driver/Src/stm32f1xx_hal.c.obj
 .text.HAL_DBGMCU_EnableDBGStopMode
                0x0000000000000000       0x1c CMakeFiles/stm32_test.elf.dir/Drivers/STM32F1xx_HAL_Driver/Src/stm32f1xx_hal.c.obj
 .text.HAL_DBGMCU_DisableDBGStopMode
                0x0000000000000000       0x1c CMakeFiles/stm32_test.elf.dir/Drivers/STM32F1xx_HAL_Driver/Src/stm32f1xx_hal.c.obj
 .text.HAL_DBGMCU_EnableDBGStandbyMode
                0x0000000000000000       0x1c CMakeFiles/stm32_test.elf.dir/Drivers/STM32F1xx_HAL_Driver/Src/stm32f1xx_hal.c.obj
 .text.HAL_DBGMCU_DisableDBGStandbyMode
                0x0000000000000000       0x1c CMakeFiles/stm32_test.elf.dir/Drivers/STM32F1xx_HAL_Driver/Src/stm32f1xx_hal.c.obj
 .text          0x0000000000000000        0x0 CMakeFiles/stm32_test.elf.dir/Drivers/STM32F1xx_HAL_Driver/Src/stm32f1xx_hal_cortex.c.obj
 .data          0x0000000000000000        0x0 CMakeFiles/stm32_test.elf.dir/Drivers/STM32F1xx_HAL_Driver/Src/stm32f1xx_hal_cortex.c.obj
 .bss           0x0000000000000000        0x0 CMakeFiles/stm32_test.elf.dir/Drivers/STM32F1xx_HAL_Driver/Src/stm32f1xx_hal_cortex.c.obj
 .text.__NVIC_EnableIRQ
                0x0000000000000000       0x38 CMakeFiles/stm32_test.elf.dir/Drivers/STM32F1xx_HAL_Driver/Src/stm32f1xx_hal_cortex.c.obj
 .text.__NVIC_DisableIRQ
                0x0000000000000000       0x48 CMakeFiles/stm32_test.elf.dir/Drivers/STM32F1xx_HAL_Driver/Src/stm32f1xx_hal_cortex.c.obj
 .text.__NVIC_GetPendingIRQ
                0x0000000000000000       0x40 CMakeFiles/stm32_test.elf.dir/Drivers/STM32F1xx_HAL_Driver/Src/stm32f1xx_hal_cortex.c.obj
 .text.__NVIC_SetPendingIRQ
                0x0000000000000000       0x3c CMakeFiles/stm32_test.elf.dir/Drivers/STM32F1xx_HAL_Driver/Src/stm32f1xx_hal_cortex.c.obj
 .text.__NVIC_ClearPendingIRQ
                0x0000000000000000       0x3c CMakeFiles/stm32_test.elf.dir/Drivers/STM32F1xx_HAL_Driver/Src/stm32f1xx_hal_cortex.c.obj
 .text.__NVIC_GetActive
                0x0000000000000000       0x40 CMakeFiles/stm32_test.elf.dir/Drivers/STM32F1xx_HAL_Driver/Src/stm32f1xx_hal_cortex.c.obj
 .text.__NVIC_GetPriority
                0x0000000000000000       0x4c CMakeFiles/stm32_test.elf.dir/Drivers/STM32F1xx_HAL_Driver/Src/stm32f1xx_hal_cortex.c.obj
 .text.NVIC_DecodePriority
                0x0000000000000000       0x6c CMakeFiles/stm32_test.elf.dir/Drivers/STM32F1xx_HAL_Driver/Src/stm32f1xx_hal_cortex.c.obj
 .text.__NVIC_SystemReset
                0x0000000000000000       0x2c CMakeFiles/stm32_test.elf.dir/Drivers/STM32F1xx_HAL_Driver/Src/stm32f1xx_hal_cortex.c.obj
 .text.HAL_NVIC_EnableIRQ
                0x0000000000000000       0x1c CMakeFiles/stm32_test.elf.dir/Drivers/STM32F1xx_HAL_Driver/Src/stm32f1xx_hal_cortex.c.obj
 .text.HAL_NVIC_DisableIRQ
                0x0000000000000000       0x1c CMakeFiles/stm32_test.elf.dir/Drivers/STM32F1xx_HAL_Driver/Src/stm32f1xx_hal_cortex.c.obj
 .text.HAL_NVIC_SystemReset
                0x0000000000000000        0x8 CMakeFiles/stm32_test.elf.dir/Drivers/STM32F1xx_HAL_Driver/Src/stm32f1xx_hal_cortex.c.obj
 .text.HAL_NVIC_GetPriorityGrouping
                0x0000000000000000        0xe CMakeFiles/stm32_test.elf.dir/Drivers/STM32F1xx_HAL_Driver/Src/stm32f1xx_hal_cortex.c.obj
 .text.HAL_NVIC_GetPriority
                0x0000000000000000       0x2c CMakeFiles/stm32_test.elf.dir/Drivers/STM32F1xx_HAL_Driver/Src/stm32f1xx_hal_cortex.c.obj
 .text.HAL_NVIC_SetPendingIRQ
                0x0000000000000000       0x1c CMakeFiles/stm32_test.elf.dir/Drivers/STM32F1xx_HAL_Driver/Src/stm32f1xx_hal_cortex.c.obj
 .text.HAL_NVIC_GetPendingIRQ
                0x0000000000000000       0x1e CMakeFiles/stm32_test.elf.dir/Drivers/STM32F1xx_HAL_Driver/Src/stm32f1xx_hal_cortex.c.obj
 .text.HAL_NVIC_ClearPendingIRQ
                0x0000000000000000       0x1c CMakeFiles/stm32_test.elf.dir/Drivers/STM32F1xx_HAL_Driver/Src/stm32f1xx_hal_cortex.c.obj
 .text.HAL_NVIC_GetActive
                0x0000000000000000       0x1e CMakeFiles/stm32_test.elf.dir/Drivers/STM32F1xx_HAL_Driver/Src/stm32f1xx_hal_cortex.c.obj
 .text.HAL_SYSTICK_CLKSourceConfig
                0x0000000000000000       0x38 CMakeFiles/stm32_test.elf.dir/Drivers/STM32F1xx_HAL_Driver/Src/stm32f1xx_hal_cortex.c.obj
 .text.HAL_SYSTICK_IRQHandler
                0x0000000000000000        0xc CMakeFiles/stm32_test.elf.dir/Drivers/STM32F1xx_HAL_Driver/Src/stm32f1xx_hal_cortex.c.obj
 .text.HAL_SYSTICK_Callback
                0x0000000000000000        0xc CMakeFiles/stm32_test.elf.dir/Drivers/STM32F1xx_HAL_Driver/Src/stm32f1xx_hal_cortex.c.obj
 .text          0x0000000000000000        0x0 CMakeFiles/stm32_test.elf.dir/Drivers/STM32F1xx_HAL_Driver/Src/stm32f1xx_hal_dma.c.obj
 .data          0x0000000000000000        0x0 CMakeFiles/stm32_test.elf.dir/Drivers/STM32F1xx_HAL_Driver/Src/stm32f1xx_hal_dma.c.obj
 .bss           0x0000000000000000        0x0 CMakeFiles/stm32_test.elf.dir/Drivers/STM32F1xx_HAL_Driver/Src/stm32f1xx_hal_dma.c.obj
 .text.HAL_DMA_Init
                0x0000000000000000       0xec CMakeFiles/stm32_test.elf.dir/Drivers/STM32F1xx_HAL_Driver/Src/stm32f1xx_hal_dma.c.obj
 .text.HAL_DMA_DeInit
                0x0000000000000000       0xf0 CMakeFiles/stm32_test.elf.dir/Drivers/STM32F1xx_HAL_Driver/Src/stm32f1xx_hal_dma.c.obj
 .text.HAL_DMA_Start
                0x0000000000000000       0x84 CMakeFiles/stm32_test.elf.dir/Drivers/STM32F1xx_HAL_Driver/Src/stm32f1xx_hal_dma.c.obj
 .text.HAL_DMA_Start_IT
                0x0000000000000000       0xbe CMakeFiles/stm32_test.elf.dir/Drivers/STM32F1xx_HAL_Driver/Src/stm32f1xx_hal_dma.c.obj
 .text.HAL_DMA_Abort
                0x0000000000000000       0x74 CMakeFiles/stm32_test.elf.dir/Drivers/STM32F1xx_HAL_Driver/Src/stm32f1xx_hal_dma.c.obj
 .text.HAL_DMA_Abort_IT
                0x0000000000000000      0x210 CMakeFiles/stm32_test.elf.dir/Drivers/STM32F1xx_HAL_Driver/Src/stm32f1xx_hal_dma.c.obj
 .text.HAL_DMA_PollForTransfer
                0x0000000000000000      0x77c CMakeFiles/stm32_test.elf.dir/Drivers/STM32F1xx_HAL_Driver/Src/stm32f1xx_hal_dma.c.obj
 .text.HAL_DMA_IRQHandler
                0x0000000000000000      0x478 CMakeFiles/stm32_test.elf.dir/Drivers/STM32F1xx_HAL_Driver/Src/stm32f1xx_hal_dma.c.obj
 .text.HAL_DMA_RegisterCallback
                0x0000000000000000       0x90 CMakeFiles/stm32_test.elf.dir/Drivers/STM32F1xx_HAL_Driver/Src/stm32f1xx_hal_dma.c.obj
 .text.HAL_DMA_UnRegisterCallback
                0x0000000000000000       0xa8 CMakeFiles/stm32_test.elf.dir/Drivers/STM32F1xx_HAL_Driver/Src/stm32f1xx_hal_dma.c.obj
 .text.HAL_DMA_GetState
                0x0000000000000000       0x18 CMakeFiles/stm32_test.elf.dir/Drivers/STM32F1xx_HAL_Driver/Src/stm32f1xx_hal_dma.c.obj
 .text.HAL_DMA_GetError
                0x0000000000000000       0x16 CMakeFiles/stm32_test.elf.dir/Drivers/STM32F1xx_HAL_Driver/Src/stm32f1xx_hal_dma.c.obj
 .text.DMA_SetConfig
                0x0000000000000000       0x5a CMakeFiles/stm32_test.elf.dir/Drivers/STM32F1xx_HAL_Driver/Src/stm32f1xx_hal_dma.c.obj
 .debug_info    0x0000000000000000      0x807 CMakeFiles/stm32_test.elf.dir/Drivers/STM32F1xx_HAL_Driver/Src/stm32f1xx_hal_dma.c.obj
 .debug_abbrev  0x0000000000000000      0x225 CMakeFiles/stm32_test.elf.dir/Drivers/STM32F1xx_HAL_Driver/Src/stm32f1xx_hal_dma.c.obj
 .debug_aranges
                0x0000000000000000       0x80 CMakeFiles/stm32_test.elf.dir/Drivers/STM32F1xx_HAL_Driver/Src/stm32f1xx_hal_dma.c.obj
 .debug_ranges  0x0000000000000000       0x70 CMakeFiles/stm32_test.elf.dir/Drivers/STM32F1xx_HAL_Driver/Src/stm32f1xx_hal_dma.c.obj
 .debug_line    0x0000000000000000      0xe56 CMakeFiles/stm32_test.elf.dir/Drivers/STM32F1xx_HAL_Driver/Src/stm32f1xx_hal_dma.c.obj
 .debug_str     0x0000000000000000      0x72c CMakeFiles/stm32_test.elf.dir/Drivers/STM32F1xx_HAL_Driver/Src/stm32f1xx_hal_dma.c.obj
 .comment       0x0000000000000000       0x7a CMakeFiles/stm32_test.elf.dir/Drivers/STM32F1xx_HAL_Driver/Src/stm32f1xx_hal_dma.c.obj
 .debug_frame   0x0000000000000000      0x20c CMakeFiles/stm32_test.elf.dir/Drivers/STM32F1xx_HAL_Driver/Src/stm32f1xx_hal_dma.c.obj
 .ARM.attributes
                0x0000000000000000       0x2d CMakeFiles/stm32_test.elf.dir/Drivers/STM32F1xx_HAL_Driver/Src/stm32f1xx_hal_dma.c.obj
 .text          0x0000000000000000        0x0 CMakeFiles/stm32_test.elf.dir/Drivers/STM32F1xx_HAL_Driver/Src/stm32f1xx_hal_exti.c.obj
 .data          0x0000000000000000        0x0 CMakeFiles/stm32_test.elf.dir/Drivers/STM32F1xx_HAL_Driver/Src/stm32f1xx_hal_exti.c.obj
 .bss           0x0000000000000000        0x0 CMakeFiles/stm32_test.elf.dir/Drivers/STM32F1xx_HAL_Driver/Src/stm32f1xx_hal_exti.c.obj
 .text.HAL_EXTI_SetConfigLine
                0x0000000000000000      0x14c CMakeFiles/stm32_test.elf.dir/Drivers/STM32F1xx_HAL_Driver/Src/stm32f1xx_hal_exti.c.obj
 .text.HAL_EXTI_GetConfigLine
                0x0000000000000000      0x104 CMakeFiles/stm32_test.elf.dir/Drivers/STM32F1xx_HAL_Driver/Src/stm32f1xx_hal_exti.c.obj
 .text.HAL_EXTI_ClearConfigLine
                0x0000000000000000       0xc0 CMakeFiles/stm32_test.elf.dir/Drivers/STM32F1xx_HAL_Driver/Src/stm32f1xx_hal_exti.c.obj
 .text.HAL_EXTI_RegisterCallback
                0x0000000000000000       0x32 CMakeFiles/stm32_test.elf.dir/Drivers/STM32F1xx_HAL_Driver/Src/stm32f1xx_hal_exti.c.obj
 .text.HAL_EXTI_GetHandle
                0x0000000000000000       0x26 CMakeFiles/stm32_test.elf.dir/Drivers/STM32F1xx_HAL_Driver/Src/stm32f1xx_hal_exti.c.obj
 .text.HAL_EXTI_IRQHandler
                0x0000000000000000       0x48 CMakeFiles/stm32_test.elf.dir/Drivers/STM32F1xx_HAL_Driver/Src/stm32f1xx_hal_exti.c.obj
 .text.HAL_EXTI_GetPending
                0x0000000000000000       0x40 CMakeFiles/stm32_test.elf.dir/Drivers/STM32F1xx_HAL_Driver/Src/stm32f1xx_hal_exti.c.obj
 .text.HAL_EXTI_ClearPending
                0x0000000000000000       0x30 CMakeFiles/stm32_test.elf.dir/Drivers/STM32F1xx_HAL_Driver/Src/stm32f1xx_hal_exti.c.obj
 .text.HAL_EXTI_GenerateSWI
                0x0000000000000000       0x2c CMakeFiles/stm32_test.elf.dir/Drivers/STM32F1xx_HAL_Driver/Src/stm32f1xx_hal_exti.c.obj
 .debug_info    0x0000000000000000      0x618 CMakeFiles/stm32_test.elf.dir/Drivers/STM32F1xx_HAL_Driver/Src/stm32f1xx_hal_exti.c.obj
 .debug_abbrev  0x0000000000000000      0x1df CMakeFiles/stm32_test.elf.dir/Drivers/STM32F1xx_HAL_Driver/Src/stm32f1xx_hal_exti.c.obj
 .debug_aranges
                0x0000000000000000       0x60 CMakeFiles/stm32_test.elf.dir/Drivers/STM32F1xx_HAL_Driver/Src/stm32f1xx_hal_exti.c.obj
 .debug_ranges  0x0000000000000000       0x50 CMakeFiles/stm32_test.elf.dir/Drivers/STM32F1xx_HAL_Driver/Src/stm32f1xx_hal_exti.c.obj
 .debug_line    0x0000000000000000      0x548 CMakeFiles/stm32_test.elf.dir/Drivers/STM32F1xx_HAL_Driver/Src/stm32f1xx_hal_exti.c.obj
 .debug_str     0x0000000000000000      0x511 CMakeFiles/stm32_test.elf.dir/Drivers/STM32F1xx_HAL_Driver/Src/stm32f1xx_hal_exti.c.obj
 .comment       0x0000000000000000       0x7a CMakeFiles/stm32_test.elf.dir/Drivers/STM32F1xx_HAL_Driver/Src/stm32f1xx_hal_exti.c.obj
 .debug_frame   0x0000000000000000      0x174 CMakeFiles/stm32_test.elf.dir/Drivers/STM32F1xx_HAL_Driver/Src/stm32f1xx_hal_exti.c.obj
 .ARM.attributes
                0x0000000000000000       0x2d CMakeFiles/stm32_test.elf.dir/Drivers/STM32F1xx_HAL_Driver/Src/stm32f1xx_hal_exti.c.obj
 .text          0x0000000000000000        0x0 CMakeFiles/stm32_test.elf.dir/Drivers/STM32F1xx_HAL_Driver/Src/stm32f1xx_hal_flash.c.obj
 .data          0x0000000000000000        0x0 CMakeFiles/stm32_test.elf.dir/Drivers/STM32F1xx_HAL_Driver/Src/stm32f1xx_hal_flash.c.obj
 .bss           0x0000000000000000        0x0 CMakeFiles/stm32_test.elf.dir/Drivers/STM32F1xx_HAL_Driver/Src/stm32f1xx_hal_flash.c.obj
 .bss.pFlash    0x0000000000000000       0x20 CMakeFiles/stm32_test.elf.dir/Drivers/STM32F1xx_HAL_Driver/Src/stm32f1xx_hal_flash.c.obj
 .text.HAL_FLASH_Program
                0x0000000000000000       0xe0 CMakeFiles/stm32_test.elf.dir/Drivers/STM32F1xx_HAL_Driver/Src/stm32f1xx_hal_flash.c.obj
 .text.HAL_FLASH_Program_IT
                0x0000000000000000       0x90 CMakeFiles/stm32_test.elf.dir/Drivers/STM32F1xx_HAL_Driver/Src/stm32f1xx_hal_flash.c.obj
 .text.HAL_FLASH_IRQHandler
                0x0000000000000000      0x1c8 CMakeFiles/stm32_test.elf.dir/Drivers/STM32F1xx_HAL_Driver/Src/stm32f1xx_hal_flash.c.obj
 .text.HAL_FLASH_EndOfOperationCallback
                0x0000000000000000       0x12 CMakeFiles/stm32_test.elf.dir/Drivers/STM32F1xx_HAL_Driver/Src/stm32f1xx_hal_flash.c.obj
 .text.HAL_FLASH_OperationErrorCallback
                0x0000000000000000       0x12 CMakeFiles/stm32_test.elf.dir/Drivers/STM32F1xx_HAL_Driver/Src/stm32f1xx_hal_flash.c.obj
 .text.HAL_FLASH_Unlock
                0x0000000000000000       0x4c CMakeFiles/stm32_test.elf.dir/Drivers/STM32F1xx_HAL_Driver/Src/stm32f1xx_hal_flash.c.obj
 .text.HAL_FLASH_Lock
                0x0000000000000000       0x20 CMakeFiles/stm32_test.elf.dir/Drivers/STM32F1xx_HAL_Driver/Src/stm32f1xx_hal_flash.c.obj
 .text.HAL_FLASH_OB_Unlock
                0x0000000000000000       0x38 CMakeFiles/stm32_test.elf.dir/Drivers/STM32F1xx_HAL_Driver/Src/stm32f1xx_hal_flash.c.obj
 .text.HAL_FLASH_OB_Lock
                0x0000000000000000       0x20 CMakeFiles/stm32_test.elf.dir/Drivers/STM32F1xx_HAL_Driver/Src/stm32f1xx_hal_flash.c.obj
 .text.HAL_FLASH_OB_Launch
                0x0000000000000000        0xc CMakeFiles/stm32_test.elf.dir/Drivers/STM32F1xx_HAL_Driver/Src/stm32f1xx_hal_flash.c.obj
 .text.HAL_FLASH_GetError
                0x0000000000000000       0x14 CMakeFiles/stm32_test.elf.dir/Drivers/STM32F1xx_HAL_Driver/Src/stm32f1xx_hal_flash.c.obj
 .text.FLASH_Program_HalfWord
                0x0000000000000000       0x38 CMakeFiles/stm32_test.elf.dir/Drivers/STM32F1xx_HAL_Driver/Src/stm32f1xx_hal_flash.c.obj
 .text.FLASH_WaitForLastOperation
                0x0000000000000000       0x8c CMakeFiles/stm32_test.elf.dir/Drivers/STM32F1xx_HAL_Driver/Src/stm32f1xx_hal_flash.c.obj
 .text.FLASH_SetErrorCode
                0x0000000000000000       0xa0 CMakeFiles/stm32_test.elf.dir/Drivers/STM32F1xx_HAL_Driver/Src/stm32f1xx_hal_flash.c.obj
 .debug_info    0x0000000000000000      0x5dc CMakeFiles/stm32_test.elf.dir/Drivers/STM32F1xx_HAL_Driver/Src/stm32f1xx_hal_flash.c.obj
 .debug_abbrev  0x0000000000000000      0x23b CMakeFiles/stm32_test.elf.dir/Drivers/STM32F1xx_HAL_Driver/Src/stm32f1xx_hal_flash.c.obj
 .debug_aranges
                0x0000000000000000       0x88 CMakeFiles/stm32_test.elf.dir/Drivers/STM32F1xx_HAL_Driver/Src/stm32f1xx_hal_flash.c.obj
 .debug_ranges  0x0000000000000000       0x78 CMakeFiles/stm32_test.elf.dir/Drivers/STM32F1xx_HAL_Driver/Src/stm32f1xx_hal_flash.c.obj
 .debug_line    0x0000000000000000      0x60b CMakeFiles/stm32_test.elf.dir/Drivers/STM32F1xx_HAL_Driver/Src/stm32f1xx_hal_flash.c.obj
 .debug_str     0x0000000000000000      0x627 CMakeFiles/stm32_test.elf.dir/Drivers/STM32F1xx_HAL_Driver/Src/stm32f1xx_hal_flash.c.obj
 .comment       0x0000000000000000       0x7a CMakeFiles/stm32_test.elf.dir/Drivers/STM32F1xx_HAL_Driver/Src/stm32f1xx_hal_flash.c.obj
 .debug_frame   0x0000000000000000      0x20c CMakeFiles/stm32_test.elf.dir/Drivers/STM32F1xx_HAL_Driver/Src/stm32f1xx_hal_flash.c.obj
 .ARM.attributes
                0x0000000000000000       0x2d CMakeFiles/stm32_test.elf.dir/Drivers/STM32F1xx_HAL_Driver/Src/stm32f1xx_hal_flash.c.obj
 .text          0x0000000000000000        0x0 CMakeFiles/stm32_test.elf.dir/Drivers/STM32F1xx_HAL_Driver/Src/stm32f1xx_hal_flash_ex.c.obj
 .data          0x0000000000000000        0x0 CMakeFiles/stm32_test.elf.dir/Drivers/STM32F1xx_HAL_Driver/Src/stm32f1xx_hal_flash_ex.c.obj
 .bss           0x0000000000000000        0x0 CMakeFiles/stm32_test.elf.dir/Drivers/STM32F1xx_HAL_Driver/Src/stm32f1xx_hal_flash_ex.c.obj
 .text.HAL_FLASHEx_Erase
                0x0000000000000000       0xd8 CMakeFiles/stm32_test.elf.dir/Drivers/STM32F1xx_HAL_Driver/Src/stm32f1xx_hal_flash_ex.c.obj
 .text.HAL_FLASHEx_Erase_IT
                0x0000000000000000       0x84 CMakeFiles/stm32_test.elf.dir/Drivers/STM32F1xx_HAL_Driver/Src/stm32f1xx_hal_flash_ex.c.obj
 .text.HAL_FLASHEx_OBErase
                0x0000000000000000       0x84 CMakeFiles/stm32_test.elf.dir/Drivers/STM32F1xx_HAL_Driver/Src/stm32f1xx_hal_flash_ex.c.obj
 .text.HAL_FLASHEx_OBProgram
                0x0000000000000000       0xf8 CMakeFiles/stm32_test.elf.dir/Drivers/STM32F1xx_HAL_Driver/Src/stm32f1xx_hal_flash_ex.c.obj
 .text.HAL_FLASHEx_OBGetConfig
                0x0000000000000000       0x38 CMakeFiles/stm32_test.elf.dir/Drivers/STM32F1xx_HAL_Driver/Src/stm32f1xx_hal_flash_ex.c.obj
 .text.HAL_FLASHEx_OBGetUserData
                0x0000000000000000       0x40 CMakeFiles/stm32_test.elf.dir/Drivers/STM32F1xx_HAL_Driver/Src/stm32f1xx_hal_flash_ex.c.obj
 .text.FLASH_MassErase
                0x0000000000000000       0x38 CMakeFiles/stm32_test.elf.dir/Drivers/STM32F1xx_HAL_Driver/Src/stm32f1xx_hal_flash_ex.c.obj
 .text.FLASH_OB_EnableWRP
                0x0000000000000000      0x144 CMakeFiles/stm32_test.elf.dir/Drivers/STM32F1xx_HAL_Driver/Src/stm32f1xx_hal_flash_ex.c.obj
 .text.FLASH_OB_DisableWRP
                0x0000000000000000      0x140 CMakeFiles/stm32_test.elf.dir/Drivers/STM32F1xx_HAL_Driver/Src/stm32f1xx_hal_flash_ex.c.obj
 .text.FLASH_OB_RDP_LevelConfig
                0x0000000000000000       0xa0 CMakeFiles/stm32_test.elf.dir/Drivers/STM32F1xx_HAL_Driver/Src/stm32f1xx_hal_flash_ex.c.obj
 .text.FLASH_OB_UserConfig
                0x0000000000000000       0x70 CMakeFiles/stm32_test.elf.dir/Drivers/STM32F1xx_HAL_Driver/Src/stm32f1xx_hal_flash_ex.c.obj
 .text.FLASH_OB_ProgramData
                0x0000000000000000       0x68 CMakeFiles/stm32_test.elf.dir/Drivers/STM32F1xx_HAL_Driver/Src/stm32f1xx_hal_flash_ex.c.obj
 .text.FLASH_OB_GetWRP
                0x0000000000000000       0x14 CMakeFiles/stm32_test.elf.dir/Drivers/STM32F1xx_HAL_Driver/Src/stm32f1xx_hal_flash_ex.c.obj
 .text.FLASH_OB_GetRDP
                0x0000000000000000       0x38 CMakeFiles/stm32_test.elf.dir/Drivers/STM32F1xx_HAL_Driver/Src/stm32f1xx_hal_flash_ex.c.obj
 .text.FLASH_OB_GetUser
                0x0000000000000000       0x20 CMakeFiles/stm32_test.elf.dir/Drivers/STM32F1xx_HAL_Driver/Src/stm32f1xx_hal_flash_ex.c.obj
 .text.FLASH_PageErase
                0x0000000000000000       0x40 CMakeFiles/stm32_test.elf.dir/Drivers/STM32F1xx_HAL_Driver/Src/stm32f1xx_hal_flash_ex.c.obj
 .debug_info    0x0000000000000000      0x88b CMakeFiles/stm32_test.elf.dir/Drivers/STM32F1xx_HAL_Driver/Src/stm32f1xx_hal_flash_ex.c.obj
 .debug_abbrev  0x0000000000000000      0x246 CMakeFiles/stm32_test.elf.dir/Drivers/STM32F1xx_HAL_Driver/Src/stm32f1xx_hal_flash_ex.c.obj
 .debug_aranges
                0x0000000000000000       0x98 CMakeFiles/stm32_test.elf.dir/Drivers/STM32F1xx_HAL_Driver/Src/stm32f1xx_hal_flash_ex.c.obj
 .debug_ranges  0x0000000000000000       0x88 CMakeFiles/stm32_test.elf.dir/Drivers/STM32F1xx_HAL_Driver/Src/stm32f1xx_hal_flash_ex.c.obj
 .debug_line    0x0000000000000000      0x709 CMakeFiles/stm32_test.elf.dir/Drivers/STM32F1xx_HAL_Driver/Src/stm32f1xx_hal_flash_ex.c.obj
 .debug_str     0x0000000000000000      0x753 CMakeFiles/stm32_test.elf.dir/Drivers/STM32F1xx_HAL_Driver/Src/stm32f1xx_hal_flash_ex.c.obj
 .comment       0x0000000000000000       0x7a CMakeFiles/stm32_test.elf.dir/Drivers/STM32F1xx_HAL_Driver/Src/stm32f1xx_hal_flash_ex.c.obj
 .debug_frame   0x0000000000000000      0x258 CMakeFiles/stm32_test.elf.dir/Drivers/STM32F1xx_HAL_Driver/Src/stm32f1xx_hal_flash_ex.c.obj
 .ARM.attributes
                0x0000000000000000       0x2d CMakeFiles/stm32_test.elf.dir/Drivers/STM32F1xx_HAL_Driver/Src/stm32f1xx_hal_flash_ex.c.obj
 .text          0x0000000000000000        0x0 CMakeFiles/stm32_test.elf.dir/Drivers/STM32F1xx_HAL_Driver/Src/stm32f1xx_hal_gpio.c.obj
 .data          0x0000000000000000        0x0 CMakeFiles/stm32_test.elf.dir/Drivers/STM32F1xx_HAL_Driver/Src/stm32f1xx_hal_gpio.c.obj
 .bss           0x0000000000000000        0x0 CMakeFiles/stm32_test.elf.dir/Drivers/STM32F1xx_HAL_Driver/Src/stm32f1xx_hal_gpio.c.obj
 .text.HAL_GPIO_DeInit
                0x0000000000000000      0x198 CMakeFiles/stm32_test.elf.dir/Drivers/STM32F1xx_HAL_Driver/Src/stm32f1xx_hal_gpio.c.obj
 .text.HAL_GPIO_ReadPin
                0x0000000000000000       0x2e CMakeFiles/stm32_test.elf.dir/Drivers/STM32F1xx_HAL_Driver/Src/stm32f1xx_hal_gpio.c.obj
 .text.HAL_GPIO_LockPin
                0x0000000000000000       0x4e CMakeFiles/stm32_test.elf.dir/Drivers/STM32F1xx_HAL_Driver/Src/stm32f1xx_hal_gpio.c.obj
 .text.HAL_GPIO_EXTI_IRQHandler
                0x0000000000000000       0x30 CMakeFiles/stm32_test.elf.dir/Drivers/STM32F1xx_HAL_Driver/Src/stm32f1xx_hal_gpio.c.obj
 .text.HAL_GPIO_EXTI_Callback
                0x0000000000000000       0x14 CMakeFiles/stm32_test.elf.dir/Drivers/STM32F1xx_HAL_Driver/Src/stm32f1xx_hal_gpio.c.obj
 .text          0x0000000000000000        0x0 CMakeFiles/stm32_test.elf.dir/Drivers/STM32F1xx_HAL_Driver/Src/stm32f1xx_hal_gpio_ex.c.obj
 .data          0x0000000000000000        0x0 CMakeFiles/stm32_test.elf.dir/Drivers/STM32F1xx_HAL_Driver/Src/stm32f1xx_hal_gpio_ex.c.obj
 .bss           0x0000000000000000        0x0 CMakeFiles/stm32_test.elf.dir/Drivers/STM32F1xx_HAL_Driver/Src/stm32f1xx_hal_gpio_ex.c.obj
 .text.HAL_GPIOEx_ConfigEventout
                0x0000000000000000       0x2c CMakeFiles/stm32_test.elf.dir/Drivers/STM32F1xx_HAL_Driver/Src/stm32f1xx_hal_gpio_ex.c.obj
 .text.HAL_GPIOEx_EnableEventout
                0x0000000000000000       0x1c CMakeFiles/stm32_test.elf.dir/Drivers/STM32F1xx_HAL_Driver/Src/stm32f1xx_hal_gpio_ex.c.obj
 .text.HAL_GPIOEx_DisableEventout
                0x0000000000000000       0x1c CMakeFiles/stm32_test.elf.dir/Drivers/STM32F1xx_HAL_Driver/Src/stm32f1xx_hal_gpio_ex.c.obj
 .debug_info    0x0000000000000000      0x231 CMakeFiles/stm32_test.elf.dir/Drivers/STM32F1xx_HAL_Driver/Src/stm32f1xx_hal_gpio_ex.c.obj
 .debug_abbrev  0x0000000000000000      0x10f CMakeFiles/stm32_test.elf.dir/Drivers/STM32F1xx_HAL_Driver/Src/stm32f1xx_hal_gpio_ex.c.obj
 .debug_aranges
                0x0000000000000000       0x30 CMakeFiles/stm32_test.elf.dir/Drivers/STM32F1xx_HAL_Driver/Src/stm32f1xx_hal_gpio_ex.c.obj
 .debug_ranges  0x0000000000000000       0x20 CMakeFiles/stm32_test.elf.dir/Drivers/STM32F1xx_HAL_Driver/Src/stm32f1xx_hal_gpio_ex.c.obj
 .debug_line    0x0000000000000000      0x285 CMakeFiles/stm32_test.elf.dir/Drivers/STM32F1xx_HAL_Driver/Src/stm32f1xx_hal_gpio_ex.c.obj
 .debug_str     0x0000000000000000      0x392 CMakeFiles/stm32_test.elf.dir/Drivers/STM32F1xx_HAL_Driver/Src/stm32f1xx_hal_gpio_ex.c.obj
 .comment       0x0000000000000000       0x7a CMakeFiles/stm32_test.elf.dir/Drivers/STM32F1xx_HAL_Driver/Src/stm32f1xx_hal_gpio_ex.c.obj
 .debug_frame   0x0000000000000000       0x78 CMakeFiles/stm32_test.elf.dir/Drivers/STM32F1xx_HAL_Driver/Src/stm32f1xx_hal_gpio_ex.c.obj
 .ARM.attributes
                0x0000000000000000       0x2d CMakeFiles/stm32_test.elf.dir/Drivers/STM32F1xx_HAL_Driver/Src/stm32f1xx_hal_gpio_ex.c.obj
 .text          0x0000000000000000        0x0 CMakeFiles/stm32_test.elf.dir/Drivers/STM32F1xx_HAL_Driver/Src/stm32f1xx_hal_pwr.c.obj
 .data          0x0000000000000000        0x0 CMakeFiles/stm32_test.elf.dir/Drivers/STM32F1xx_HAL_Driver/Src/stm32f1xx_hal_pwr.c.obj
 .bss           0x0000000000000000        0x0 CMakeFiles/stm32_test.elf.dir/Drivers/STM32F1xx_HAL_Driver/Src/stm32f1xx_hal_pwr.c.obj
 .text.PWR_OverloadWfe
                0x0000000000000000       0x10 CMakeFiles/stm32_test.elf.dir/Drivers/STM32F1xx_HAL_Driver/Src/stm32f1xx_hal_pwr.c.obj
 .text.HAL_PWR_DeInit
                0x0000000000000000       0x28 CMakeFiles/stm32_test.elf.dir/Drivers/STM32F1xx_HAL_Driver/Src/stm32f1xx_hal_pwr.c.obj
 .text.HAL_PWR_EnableBkUpAccess
                0x0000000000000000       0x18 CMakeFiles/stm32_test.elf.dir/Drivers/STM32F1xx_HAL_Driver/Src/stm32f1xx_hal_pwr.c.obj
 .text.HAL_PWR_DisableBkUpAccess
                0x0000000000000000       0x18 CMakeFiles/stm32_test.elf.dir/Drivers/STM32F1xx_HAL_Driver/Src/stm32f1xx_hal_pwr.c.obj
 .text.HAL_PWR_ConfigPVD
                0x0000000000000000       0xbc CMakeFiles/stm32_test.elf.dir/Drivers/STM32F1xx_HAL_Driver/Src/stm32f1xx_hal_pwr.c.obj
 .text.HAL_PWR_EnablePVD
                0x0000000000000000       0x18 CMakeFiles/stm32_test.elf.dir/Drivers/STM32F1xx_HAL_Driver/Src/stm32f1xx_hal_pwr.c.obj
 .text.HAL_PWR_DisablePVD
                0x0000000000000000       0x18 CMakeFiles/stm32_test.elf.dir/Drivers/STM32F1xx_HAL_Driver/Src/stm32f1xx_hal_pwr.c.obj
 .text.HAL_PWR_EnableWakeUpPin
                0x0000000000000000       0x38 CMakeFiles/stm32_test.elf.dir/Drivers/STM32F1xx_HAL_Driver/Src/stm32f1xx_hal_pwr.c.obj
 .text.HAL_PWR_DisableWakeUpPin
                0x0000000000000000       0x38 CMakeFiles/stm32_test.elf.dir/Drivers/STM32F1xx_HAL_Driver/Src/stm32f1xx_hal_pwr.c.obj
 .text.HAL_PWR_EnterSLEEPMode
                0x0000000000000000       0x38 CMakeFiles/stm32_test.elf.dir/Drivers/STM32F1xx_HAL_Driver/Src/stm32f1xx_hal_pwr.c.obj
 .text.HAL_PWR_EnterSTOPMode
                0x0000000000000000       0x64 CMakeFiles/stm32_test.elf.dir/Drivers/STM32F1xx_HAL_Driver/Src/stm32f1xx_hal_pwr.c.obj
 .text.HAL_PWR_EnterSTANDBYMode
                0x0000000000000000       0x30 CMakeFiles/stm32_test.elf.dir/Drivers/STM32F1xx_HAL_Driver/Src/stm32f1xx_hal_pwr.c.obj
 .text.HAL_PWR_EnableSleepOnExit
                0x0000000000000000       0x1c CMakeFiles/stm32_test.elf.dir/Drivers/STM32F1xx_HAL_Driver/Src/stm32f1xx_hal_pwr.c.obj
 .text.HAL_PWR_DisableSleepOnExit
                0x0000000000000000       0x1c CMakeFiles/stm32_test.elf.dir/Drivers/STM32F1xx_HAL_Driver/Src/stm32f1xx_hal_pwr.c.obj
 .text.HAL_PWR_EnableSEVOnPend
                0x0000000000000000       0x1c CMakeFiles/stm32_test.elf.dir/Drivers/STM32F1xx_HAL_Driver/Src/stm32f1xx_hal_pwr.c.obj
 .text.HAL_PWR_DisableSEVOnPend
                0x0000000000000000       0x1c CMakeFiles/stm32_test.elf.dir/Drivers/STM32F1xx_HAL_Driver/Src/stm32f1xx_hal_pwr.c.obj
 .text.HAL_PWR_PVD_IRQHandler
                0x0000000000000000       0x24 CMakeFiles/stm32_test.elf.dir/Drivers/STM32F1xx_HAL_Driver/Src/stm32f1xx_hal_pwr.c.obj
 .text.HAL_PWR_PVDCallback
                0x0000000000000000        0xc CMakeFiles/stm32_test.elf.dir/Drivers/STM32F1xx_HAL_Driver/Src/stm32f1xx_hal_pwr.c.obj
 .debug_info    0x0000000000000000      0x719 CMakeFiles/stm32_test.elf.dir/Drivers/STM32F1xx_HAL_Driver/Src/stm32f1xx_hal_pwr.c.obj
 .debug_abbrev  0x0000000000000000      0x210 CMakeFiles/stm32_test.elf.dir/Drivers/STM32F1xx_HAL_Driver/Src/stm32f1xx_hal_pwr.c.obj
 .debug_aranges
                0x0000000000000000       0xa8 CMakeFiles/stm32_test.elf.dir/Drivers/STM32F1xx_HAL_Driver/Src/stm32f1xx_hal_pwr.c.obj
 .debug_ranges  0x0000000000000000       0x98 CMakeFiles/stm32_test.elf.dir/Drivers/STM32F1xx_HAL_Driver/Src/stm32f1xx_hal_pwr.c.obj
 .debug_line    0x0000000000000000      0x4a6 CMakeFiles/stm32_test.elf.dir/Drivers/STM32F1xx_HAL_Driver/Src/stm32f1xx_hal_pwr.c.obj
 .debug_str     0x0000000000000000      0x5c4 CMakeFiles/stm32_test.elf.dir/Drivers/STM32F1xx_HAL_Driver/Src/stm32f1xx_hal_pwr.c.obj
 .comment       0x0000000000000000       0x7a CMakeFiles/stm32_test.elf.dir/Drivers/STM32F1xx_HAL_Driver/Src/stm32f1xx_hal_pwr.c.obj
 .debug_frame   0x0000000000000000      0x270 CMakeFiles/stm32_test.elf.dir/Drivers/STM32F1xx_HAL_Driver/Src/stm32f1xx_hal_pwr.c.obj
 .ARM.attributes
                0x0000000000000000       0x2d CMakeFiles/stm32_test.elf.dir/Drivers/STM32F1xx_HAL_Driver/Src/stm32f1xx_hal_pwr.c.obj
 .text          0x0000000000000000        0x0 CMakeFiles/stm32_test.elf.dir/Drivers/STM32F1xx_HAL_Driver/Src/stm32f1xx_hal_rcc.c.obj
 .data          0x0000000000000000        0x0 CMakeFiles/stm32_test.elf.dir/Drivers/STM32F1xx_HAL_Driver/Src/stm32f1xx_hal_rcc.c.obj
 .bss           0x0000000000000000        0x0 CMakeFiles/stm32_test.elf.dir/Drivers/STM32F1xx_HAL_Driver/Src/stm32f1xx_hal_rcc.c.obj
 .text.HAL_RCC_DeInit
                0x0000000000000000      0x134 CMakeFiles/stm32_test.elf.dir/Drivers/STM32F1xx_HAL_Driver/Src/stm32f1xx_hal_rcc.c.obj
 .text.HAL_RCC_MCOConfig
                0x0000000000000000       0x70 CMakeFiles/stm32_test.elf.dir/Drivers/STM32F1xx_HAL_Driver/Src/stm32f1xx_hal_rcc.c.obj
 .text.HAL_RCC_EnableCSS
                0x0000000000000000       0x18 CMakeFiles/stm32_test.elf.dir/Drivers/STM32F1xx_HAL_Driver/Src/stm32f1xx_hal_rcc.c.obj
 .text.HAL_RCC_DisableCSS
                0x0000000000000000       0x18 CMakeFiles/stm32_test.elf.dir/Drivers/STM32F1xx_HAL_Driver/Src/stm32f1xx_hal_rcc.c.obj
 .text.HAL_RCC_GetHCLKFreq
                0x0000000000000000       0x14 CMakeFiles/stm32_test.elf.dir/Drivers/STM32F1xx_HAL_Driver/Src/stm32f1xx_hal_rcc.c.obj
 .text.HAL_RCC_GetPCLK1Freq
                0x0000000000000000       0x28 CMakeFiles/stm32_test.elf.dir/Drivers/STM32F1xx_HAL_Driver/Src/stm32f1xx_hal_rcc.c.obj
 .text.HAL_RCC_GetPCLK2Freq
                0x0000000000000000       0x28 CMakeFiles/stm32_test.elf.dir/Drivers/STM32F1xx_HAL_Driver/Src/stm32f1xx_hal_rcc.c.obj
 .text.HAL_RCC_GetOscConfig
                0x0000000000000000      0x104 CMakeFiles/stm32_test.elf.dir/Drivers/STM32F1xx_HAL_Driver/Src/stm32f1xx_hal_rcc.c.obj
 .text.HAL_RCC_GetClockConfig
                0x0000000000000000       0x60 CMakeFiles/stm32_test.elf.dir/Drivers/STM32F1xx_HAL_Driver/Src/stm32f1xx_hal_rcc.c.obj
 .text.HAL_RCC_NMI_IRQHandler
                0x0000000000000000       0x28 CMakeFiles/stm32_test.elf.dir/Drivers/STM32F1xx_HAL_Driver/Src/stm32f1xx_hal_rcc.c.obj
 .text.HAL_RCC_CSSCallback
                0x0000000000000000        0xc CMakeFiles/stm32_test.elf.dir/Drivers/STM32F1xx_HAL_Driver/Src/stm32f1xx_hal_rcc.c.obj
 .text          0x0000000000000000        0x0 CMakeFiles/stm32_test.elf.dir/Drivers/STM32F1xx_HAL_Driver/Src/stm32f1xx_hal_rcc_ex.c.obj
 .data          0x0000000000000000        0x0 CMakeFiles/stm32_test.elf.dir/Drivers/STM32F1xx_HAL_Driver/Src/stm32f1xx_hal_rcc_ex.c.obj
 .bss           0x0000000000000000        0x0 CMakeFiles/stm32_test.elf.dir/Drivers/STM32F1xx_HAL_Driver/Src/stm32f1xx_hal_rcc_ex.c.obj
 .text.HAL_RCCEx_PeriphCLKConfig
                0x0000000000000000      0x16c CMakeFiles/stm32_test.elf.dir/Drivers/STM32F1xx_HAL_Driver/Src/stm32f1xx_hal_rcc_ex.c.obj
 .text.HAL_RCCEx_GetPeriphCLKConfig
                0x0000000000000000       0x84 CMakeFiles/stm32_test.elf.dir/Drivers/STM32F1xx_HAL_Driver/Src/stm32f1xx_hal_rcc_ex.c.obj
 .rodata        0x0000000000000000       0x10 CMakeFiles/stm32_test.elf.dir/Drivers/STM32F1xx_HAL_Driver/Src/stm32f1xx_hal_rcc_ex.c.obj
 .text.HAL_RCCEx_GetPeriphCLKFreq
                0x0000000000000000      0x1cc CMakeFiles/stm32_test.elf.dir/Drivers/STM32F1xx_HAL_Driver/Src/stm32f1xx_hal_rcc_ex.c.obj
 .debug_info    0x0000000000000000      0x485 CMakeFiles/stm32_test.elf.dir/Drivers/STM32F1xx_HAL_Driver/Src/stm32f1xx_hal_rcc_ex.c.obj
 .debug_abbrev  0x0000000000000000      0x190 CMakeFiles/stm32_test.elf.dir/Drivers/STM32F1xx_HAL_Driver/Src/stm32f1xx_hal_rcc_ex.c.obj
 .debug_aranges
                0x0000000000000000       0x30 CMakeFiles/stm32_test.elf.dir/Drivers/STM32F1xx_HAL_Driver/Src/stm32f1xx_hal_rcc_ex.c.obj
 .debug_ranges  0x0000000000000000       0x20 CMakeFiles/stm32_test.elf.dir/Drivers/STM32F1xx_HAL_Driver/Src/stm32f1xx_hal_rcc_ex.c.obj
 .debug_line    0x0000000000000000      0x48d CMakeFiles/stm32_test.elf.dir/Drivers/STM32F1xx_HAL_Driver/Src/stm32f1xx_hal_rcc_ex.c.obj
 .debug_str     0x0000000000000000      0x501 CMakeFiles/stm32_test.elf.dir/Drivers/STM32F1xx_HAL_Driver/Src/stm32f1xx_hal_rcc_ex.c.obj
 .comment       0x0000000000000000       0x7a CMakeFiles/stm32_test.elf.dir/Drivers/STM32F1xx_HAL_Driver/Src/stm32f1xx_hal_rcc_ex.c.obj
 .debug_frame   0x0000000000000000       0x84 CMakeFiles/stm32_test.elf.dir/Drivers/STM32F1xx_HAL_Driver/Src/stm32f1xx_hal_rcc_ex.c.obj
 .ARM.attributes
                0x0000000000000000       0x2d CMakeFiles/stm32_test.elf.dir/Drivers/STM32F1xx_HAL_Driver/Src/stm32f1xx_hal_rcc_ex.c.obj
 .text          0x0000000000000000        0x0 CMakeFiles/stm32_test.elf.dir/Drivers/STM32F1xx_HAL_Driver/Src/stm32f1xx_hal_tim.c.obj
 .data          0x0000000000000000        0x0 CMakeFiles/stm32_test.elf.dir/Drivers/STM32F1xx_HAL_Driver/Src/stm32f1xx_hal_tim.c.obj
 .bss           0x0000000000000000        0x0 CMakeFiles/stm32_test.elf.dir/Drivers/STM32F1xx_HAL_Driver/Src/stm32f1xx_hal_tim.c.obj
 .debug_info    0x0000000000000000      0x15c CMakeFiles/stm32_test.elf.dir/Drivers/STM32F1xx_HAL_Driver/Src/stm32f1xx_hal_tim.c.obj
 .debug_abbrev  0x0000000000000000       0x97 CMakeFiles/stm32_test.elf.dir/Drivers/STM32F1xx_HAL_Driver/Src/stm32f1xx_hal_tim.c.obj
 .debug_aranges
                0x0000000000000000       0x18 CMakeFiles/stm32_test.elf.dir/Drivers/STM32F1xx_HAL_Driver/Src/stm32f1xx_hal_tim.c.obj
 .debug_line    0x0000000000000000      0x1c3 CMakeFiles/stm32_test.elf.dir/Drivers/STM32F1xx_HAL_Driver/Src/stm32f1xx_hal_tim.c.obj
 .debug_str     0x0000000000000000      0x2f2 CMakeFiles/stm32_test.elf.dir/Drivers/STM32F1xx_HAL_Driver/Src/stm32f1xx_hal_tim.c.obj
 .comment       0x0000000000000000       0x7a CMakeFiles/stm32_test.elf.dir/Drivers/STM32F1xx_HAL_Driver/Src/stm32f1xx_hal_tim.c.obj
 .ARM.attributes
                0x0000000000000000       0x33 CMakeFiles/stm32_test.elf.dir/Drivers/STM32F1xx_HAL_Driver/Src/stm32f1xx_hal_tim.c.obj
 .text          0x0000000000000000        0x0 CMakeFiles/stm32_test.elf.dir/Drivers/STM32F1xx_HAL_Driver/Src/stm32f1xx_hal_tim_ex.c.obj
 .data          0x0000000000000000        0x0 CMakeFiles/stm32_test.elf.dir/Drivers/STM32F1xx_HAL_Driver/Src/stm32f1xx_hal_tim_ex.c.obj
 .bss           0x0000000000000000        0x0 CMakeFiles/stm32_test.elf.dir/Drivers/STM32F1xx_HAL_Driver/Src/stm32f1xx_hal_tim_ex.c.obj
 .debug_info    0x0000000000000000      0x15c CMakeFiles/stm32_test.elf.dir/Drivers/STM32F1xx_HAL_Driver/Src/stm32f1xx_hal_tim_ex.c.obj
 .debug_abbrev  0x0000000000000000       0x97 CMakeFiles/stm32_test.elf.dir/Drivers/STM32F1xx_HAL_Driver/Src/stm32f1xx_hal_tim_ex.c.obj
 .debug_aranges
                0x0000000000000000       0x18 CMakeFiles/stm32_test.elf.dir/Drivers/STM32F1xx_HAL_Driver/Src/stm32f1xx_hal_tim_ex.c.obj
 .debug_line    0x0000000000000000      0x1c3 CMakeFiles/stm32_test.elf.dir/Drivers/STM32F1xx_HAL_Driver/Src/stm32f1xx_hal_tim_ex.c.obj
 .debug_str     0x0000000000000000      0x2f5 CMakeFiles/stm32_test.elf.dir/Drivers/STM32F1xx_HAL_Driver/Src/stm32f1xx_hal_tim_ex.c.obj
 .comment       0x0000000000000000       0x7a CMakeFiles/stm32_test.elf.dir/Drivers/STM32F1xx_HAL_Driver/Src/stm32f1xx_hal_tim_ex.c.obj
 .ARM.attributes
                0x0000000000000000       0x33 CMakeFiles/stm32_test.elf.dir/Drivers/STM32F1xx_HAL_Driver/Src/stm32f1xx_hal_tim_ex.c.obj
 .text          0x0000000000000000        0x0 CMakeFiles/stm32_test.elf.dir/Src/main.c.obj
 .data          0x0000000000000000        0x0 CMakeFiles/stm32_test.elf.dir/Src/main.c.obj
 .bss           0x0000000000000000        0x0 CMakeFiles/stm32_test.elf.dir/Src/main.c.obj
 .text          0x0000000000000000        0x0 CMakeFiles/stm32_test.elf.dir/Src/stm32f1xx_hal_msp.c.obj
 .data          0x0000000000000000        0x0 CMakeFiles/stm32_test.elf.dir/Src/stm32f1xx_hal_msp.c.obj
 .bss           0x0000000000000000        0x0 CMakeFiles/stm32_test.elf.dir/Src/stm32f1xx_hal_msp.c.obj
 .text          0x0000000000000000        0x0 CMakeFiles/stm32_test.elf.dir/Src/stm32f1xx_it.c.obj
 .data          0x0000000000000000        0x0 CMakeFiles/stm32_test.elf.dir/Src/stm32f1xx_it.c.obj
 .bss           0x0000000000000000        0x0 CMakeFiles/stm32_test.elf.dir/Src/stm32f1xx_it.c.obj
 .text          0x0000000000000000        0x0 CMakeFiles/stm32_test.elf.dir/Src/syscalls.c.obj
 .data          0x0000000000000000        0x0 CMakeFiles/stm32_test.elf.dir/Src/syscalls.c.obj
 .bss           0x0000000000000000        0x0 CMakeFiles/stm32_test.elf.dir/Src/syscalls.c.obj
 .bss.__env     0x0000000000000000        0x4 CMakeFiles/stm32_test.elf.dir/Src/syscalls.c.obj
 .data.environ  0x0000000000000000        0x4 CMakeFiles/stm32_test.elf.dir/Src/syscalls.c.obj
 .text.initialise_monitor_handles
                0x0000000000000000        0xc CMakeFiles/stm32_test.elf.dir/Src/syscalls.c.obj
 .text._getpid  0x0000000000000000        0xe CMakeFiles/stm32_test.elf.dir/Src/syscalls.c.obj
 .text._kill    0x0000000000000000       0x20 CMakeFiles/stm32_test.elf.dir/Src/syscalls.c.obj
 .text._exit    0x0000000000000000       0x14 CMakeFiles/stm32_test.elf.dir/Src/syscalls.c.obj
 .text._read    0x0000000000000000       0x3a CMakeFiles/stm32_test.elf.dir/Src/syscalls.c.obj
 .text._write   0x0000000000000000       0x38 CMakeFiles/stm32_test.elf.dir/Src/syscalls.c.obj
 .bss.heap_end.6018
                0x0000000000000000        0x4 CMakeFiles/stm32_test.elf.dir/Src/syscalls.c.obj
 .text._sbrk    0x0000000000000000       0x58 CMakeFiles/stm32_test.elf.dir/Src/syscalls.c.obj
 .text._close   0x0000000000000000       0x16 CMakeFiles/stm32_test.elf.dir/Src/syscalls.c.obj
 .text._fstat   0x0000000000000000       0x1e CMakeFiles/stm32_test.elf.dir/Src/syscalls.c.obj
 .text._isatty  0x0000000000000000       0x14 CMakeFiles/stm32_test.elf.dir/Src/syscalls.c.obj
 .text._lseek   0x0000000000000000       0x18 CMakeFiles/stm32_test.elf.dir/Src/syscalls.c.obj
 .text._open    0x0000000000000000       0x1a CMakeFiles/stm32_test.elf.dir/Src/syscalls.c.obj
 .text._wait    0x0000000000000000       0x1e CMakeFiles/stm32_test.elf.dir/Src/syscalls.c.obj
 .text._unlink  0x0000000000000000       0x1e CMakeFiles/stm32_test.elf.dir/Src/syscalls.c.obj
 .text._times   0x0000000000000000       0x16 CMakeFiles/stm32_test.elf.dir/Src/syscalls.c.obj
 .text._stat    0x0000000000000000       0x1e CMakeFiles/stm32_test.elf.dir/Src/syscalls.c.obj
 .text._link    0x0000000000000000       0x20 CMakeFiles/stm32_test.elf.dir/Src/syscalls.c.obj
 .text._fork    0x0000000000000000       0x16 CMakeFiles/stm32_test.elf.dir/Src/syscalls.c.obj
 .text._execve  0x0000000000000000       0x22 CMakeFiles/stm32_test.elf.dir/Src/syscalls.c.obj
 .debug_info    0x0000000000000000     0x100f CMakeFiles/stm32_test.elf.dir/Src/syscalls.c.obj
 .debug_abbrev  0x0000000000000000      0x2a9 CMakeFiles/stm32_test.elf.dir/Src/syscalls.c.obj
 .debug_aranges
                0x0000000000000000       0xb0 CMakeFiles/stm32_test.elf.dir/Src/syscalls.c.obj
 .debug_ranges  0x0000000000000000       0xa0 CMakeFiles/stm32_test.elf.dir/Src/syscalls.c.obj
 .debug_line    0x0000000000000000      0x41e CMakeFiles/stm32_test.elf.dir/Src/syscalls.c.obj
 .debug_str     0x0000000000000000      0x8a1 CMakeFiles/stm32_test.elf.dir/Src/syscalls.c.obj
 .comment       0x0000000000000000       0x7a CMakeFiles/stm32_test.elf.dir/Src/syscalls.c.obj
 .debug_frame   0x0000000000000000      0x2d0 CMakeFiles/stm32_test.elf.dir/Src/syscalls.c.obj
 .ARM.attributes
                0x0000000000000000       0x2d CMakeFiles/stm32_test.elf.dir/Src/syscalls.c.obj
 .text          0x0000000000000000        0x0 CMakeFiles/stm32_test.elf.dir/Src/system_stm32f1xx.c.obj
 .data          0x0000000000000000        0x0 CMakeFiles/stm32_test.elf.dir/Src/system_stm32f1xx.c.obj
 .bss           0x0000000000000000        0x0 CMakeFiles/stm32_test.elf.dir/Src/system_stm32f1xx.c.obj
 .rodata.APBPrescTable
                0x0000000000000000        0x8 CMakeFiles/stm32_test.elf.dir/Src/system_stm32f1xx.c.obj
 .text.SystemCoreClockUpdate
                0x0000000000000000       0xe4 CMakeFiles/stm32_test.elf.dir/Src/system_stm32f1xx.c.obj
 .text          0x0000000000000000       0x14 CMakeFiles/stm32_test.elf.dir/startup/startup_stm32f103xe.s.obj
 .data          0x0000000000000000        0x0 CMakeFiles/stm32_test.elf.dir/startup/startup_stm32f103xe.s.obj
 .bss           0x0000000000000000        0x0 CMakeFiles/stm32_test.elf.dir/startup/startup_stm32f103xe.s.obj
 .text          0x0000000000000000        0x0 /opt/gcc-arm-none-eabi/bin/../lib/gcc/arm-none-eabi/9.2.1/../../../../arm-none-eabi/lib/thumb/v7-m/nofp/libg_nano.a(lib_a-errno.o)
 .data          0x0000000000000000        0x0 /opt/gcc-arm-none-eabi/bin/../lib/gcc/arm-none-eabi/9.2.1/../../../../arm-none-eabi/lib/thumb/v7-m/nofp/libg_nano.a(lib_a-errno.o)
 .bss           0x0000000000000000        0x0 /opt/gcc-arm-none-eabi/bin/../lib/gcc/arm-none-eabi/9.2.1/../../../../arm-none-eabi/lib/thumb/v7-m/nofp/libg_nano.a(lib_a-errno.o)
 .text.__errno  0x0000000000000000        0xc /opt/gcc-arm-none-eabi/bin/../lib/gcc/arm-none-eabi/9.2.1/../../../../arm-none-eabi/lib/thumb/v7-m/nofp/libg_nano.a(lib_a-errno.o)
 .debug_frame   0x0000000000000000       0x20 /opt/gcc-arm-none-eabi/bin/../lib/gcc/arm-none-eabi/9.2.1/../../../../arm-none-eabi/lib/thumb/v7-m/nofp/libg_nano.a(lib_a-errno.o)
 .ARM.attributes
                0x0000000000000000       0x2d /opt/gcc-arm-none-eabi/bin/../lib/gcc/arm-none-eabi/9.2.1/../../../../arm-none-eabi/lib/thumb/v7-m/nofp/libg_nano.a(lib_a-errno.o)
 .text          0x0000000000000000        0x0 /opt/gcc-arm-none-eabi/bin/../lib/gcc/arm-none-eabi/9.2.1/../../../../arm-none-eabi/lib/thumb/v7-m/nofp/libg_nano.a(lib_a-exit.o)
 .data          0x0000000000000000        0x0 /opt/gcc-arm-none-eabi/bin/../lib/gcc/arm-none-eabi/9.2.1/../../../../arm-none-eabi/lib/thumb/v7-m/nofp/libg_nano.a(lib_a-exit.o)
 .bss           0x0000000000000000        0x0 /opt/gcc-arm-none-eabi/bin/../lib/gcc/arm-none-eabi/9.2.1/../../../../arm-none-eabi/lib/thumb/v7-m/nofp/libg_nano.a(lib_a-exit.o)
 .text.exit     0x0000000000000000       0x28 /opt/gcc-arm-none-eabi/bin/../lib/gcc/arm-none-eabi/9.2.1/../../../../arm-none-eabi/lib/thumb/v7-m/nofp/libg_nano.a(lib_a-exit.o)
 .debug_frame   0x0000000000000000       0x28 /opt/gcc-arm-none-eabi/bin/../lib/gcc/arm-none-eabi/9.2.1/../../../../arm-none-eabi/lib/thumb/v7-m/nofp/libg_nano.a(lib_a-exit.o)
 .ARM.attributes
                0x0000000000000000       0x2d /opt/gcc-arm-none-eabi/bin/../lib/gcc/arm-none-eabi/9.2.1/../../../../arm-none-eabi/lib/thumb/v7-m/nofp/libg_nano.a(lib_a-exit.o)
 .text          0x0000000000000000        0x0 /opt/gcc-arm-none-eabi/bin/../lib/gcc/arm-none-eabi/9.2.1/../../../../arm-none-eabi/lib/thumb/v7-m/nofp/libg_nano.a(lib_a-impure.o)
 .data          0x0000000000000000        0x0 /opt/gcc-arm-none-eabi/bin/../lib/gcc/arm-none-eabi/9.2.1/../../../../arm-none-eabi/lib/thumb/v7-m/nofp/libg_nano.a(lib_a-impure.o)
 .bss           0x0000000000000000        0x0 /opt/gcc-arm-none-eabi/bin/../lib/gcc/arm-none-eabi/9.2.1/../../../../arm-none-eabi/lib/thumb/v7-m/nofp/libg_nano.a(lib_a-impure.o)
 .data._impure_ptr
                0x0000000000000000        0x4 /opt/gcc-arm-none-eabi/bin/../lib/gcc/arm-none-eabi/9.2.1/../../../../arm-none-eabi/lib/thumb/v7-m/nofp/libg_nano.a(lib_a-impure.o)
 .data.impure_data
                0x0000000000000000       0x60 /opt/gcc-arm-none-eabi/bin/../lib/gcc/arm-none-eabi/9.2.1/../../../../arm-none-eabi/lib/thumb/v7-m/nofp/libg_nano.a(lib_a-impure.o)
 .rodata._global_impure_ptr
                0x0000000000000000        0x4 /opt/gcc-arm-none-eabi/bin/../lib/gcc/arm-none-eabi/9.2.1/../../../../arm-none-eabi/lib/thumb/v7-m/nofp/libg_nano.a(lib_a-impure.o)
 .ARM.attributes
                0x0000000000000000       0x2d /opt/gcc-arm-none-eabi/bin/../lib/gcc/arm-none-eabi/9.2.1/../../../../arm-none-eabi/lib/thumb/v7-m/nofp/libg_nano.a(lib_a-impure.o)
 .text          0x0000000000000000        0x0 /opt/gcc-arm-none-eabi/bin/../lib/gcc/arm-none-eabi/9.2.1/../../../../arm-none-eabi/lib/thumb/v7-m/nofp/libg_nano.a(lib_a-init.o)
 .data          0x0000000000000000        0x0 /opt/gcc-arm-none-eabi/bin/../lib/gcc/arm-none-eabi/9.2.1/../../../../arm-none-eabi/lib/thumb/v7-m/nofp/libg_nano.a(lib_a-init.o)
 .bss           0x0000000000000000        0x0 /opt/gcc-arm-none-eabi/bin/../lib/gcc/arm-none-eabi/9.2.1/../../../../arm-none-eabi/lib/thumb/v7-m/nofp/libg_nano.a(lib_a-init.o)
 .text          0x0000000000000000        0x0 /opt/gcc-arm-none-eabi/bin/../lib/gcc/arm-none-eabi/9.2.1/../../../../arm-none-eabi/lib/thumb/v7-m/nofp/libg_nano.a(lib_a-memset.o)
 .data          0x0000000000000000        0x0 /opt/gcc-arm-none-eabi/bin/../lib/gcc/arm-none-eabi/9.2.1/../../../../arm-none-eabi/lib/thumb/v7-m/nofp/libg_nano.a(lib_a-memset.o)
 .bss           0x0000000000000000        0x0 /opt/gcc-arm-none-eabi/bin/../lib/gcc/arm-none-eabi/9.2.1/../../../../arm-none-eabi/lib/thumb/v7-m/nofp/libg_nano.a(lib_a-memset.o)
 .text          0x0000000000000000        0x0 /opt/gcc-arm-none-eabi/bin/../lib/gcc/arm-none-eabi/9.2.1/thumb/v7-m/nofp/crtend.o
 .data          0x0000000000000000        0x0 /opt/gcc-arm-none-eabi/bin/../lib/gcc/arm-none-eabi/9.2.1/thumb/v7-m/nofp/crtend.o
 .bss           0x0000000000000000        0x0 /opt/gcc-arm-none-eabi/bin/../lib/gcc/arm-none-eabi/9.2.1/thumb/v7-m/nofp/crtend.o
 .eh_frame      0x0000000000000000        0x4 /opt/gcc-arm-none-eabi/bin/../lib/gcc/arm-none-eabi/9.2.1/thumb/v7-m/nofp/crtend.o
 .ARM.attributes
                0x0000000000000000       0x2d /opt/gcc-arm-none-eabi/bin/../lib/gcc/arm-none-eabi/9.2.1/thumb/v7-m/nofp/crtend.o
 .text          0x0000000000000000        0x0 /opt/gcc-arm-none-eabi/bin/../lib/gcc/arm-none-eabi/9.2.1/thumb/v7-m/nofp/crtn.o
 .data          0x0000000000000000        0x0 /opt/gcc-arm-none-eabi/bin/../lib/gcc/arm-none-eabi/9.2.1/thumb/v7-m/nofp/crtn.o
 .bss           0x0000000000000000        0x0 /opt/gcc-arm-none-eabi/bin/../lib/gcc/arm-none-eabi/9.2.1/thumb/v7-m/nofp/crtn.o

Memory Configuration

Name             Origin             Length             Attributes
RAM              0x0000000020000000 0x0000000000010000 xrw
FLASH            0x0000000008000000 0x0000000000080000 xr
*default*        0x0000000000000000 0xffffffffffffffff

Linker script and memory map

LOAD /opt/gcc-arm-none-eabi/bin/../lib/gcc/arm-none-eabi/9.2.1/thumb/v7-m/nofp/crti.o
LOAD /opt/gcc-arm-none-eabi/bin/../lib/gcc/arm-none-eabi/9.2.1/thumb/v7-m/nofp/crtbegin.o
LOAD /opt/gcc-arm-none-eabi/bin/../lib/gcc/arm-none-eabi/9.2.1/../../../../arm-none-eabi/lib/thumb/v7-m/nofp/crt0.o
LOAD CMakeFiles/stm32_test.elf.dir/Drivers/STM32F1xx_HAL_Driver/Src/stm32f1xx_hal.c.obj
LOAD CMakeFiles/stm32_test.elf.dir/Drivers/STM32F1xx_HAL_Driver/Src/stm32f1xx_hal_cortex.c.obj
LOAD CMakeFiles/stm32_test.elf.dir/Drivers/STM32F1xx_HAL_Driver/Src/stm32f1xx_hal_dma.c.obj
LOAD CMakeFiles/stm32_test.elf.dir/Drivers/STM32F1xx_HAL_Driver/Src/stm32f1xx_hal_exti.c.obj
LOAD CMakeFiles/stm32_test.elf.dir/Drivers/STM32F1xx_HAL_Driver/Src/stm32f1xx_hal_flash.c.obj
LOAD CMakeFiles/stm32_test.elf.dir/Drivers/STM32F1xx_HAL_Driver/Src/stm32f1xx_hal_flash_ex.c.obj
LOAD CMakeFiles/stm32_test.elf.dir/Drivers/STM32F1xx_HAL_Driver/Src/stm32f1xx_hal_gpio.c.obj
LOAD CMakeFiles/stm32_test.elf.dir/Drivers/STM32F1xx_HAL_Driver/Src/stm32f1xx_hal_gpio_ex.c.obj
LOAD CMakeFiles/stm32_test.elf.dir/Drivers/STM32F1xx_HAL_Driver/Src/stm32f1xx_hal_pwr.c.obj
LOAD CMakeFiles/stm32_test.elf.dir/Drivers/STM32F1xx_HAL_Driver/Src/stm32f1xx_hal_rcc.c.obj
LOAD CMakeFiles/stm32_test.elf.dir/Drivers/STM32F1xx_HAL_Driver/Src/stm32f1xx_hal_rcc_ex.c.obj
LOAD CMakeFiles/stm32_test.elf.dir/Drivers/STM32F1xx_HAL_Driver/Src/stm32f1xx_hal_tim.c.obj
LOAD CMakeFiles/stm32_test.elf.dir/Drivers/STM32F1xx_HAL_Driver/Src/stm32f1xx_hal_tim_ex.c.obj
LOAD CMakeFiles/stm32_test.elf.dir/Src/main.c.obj
LOAD CMakeFiles/stm32_test.elf.dir/Src/stm32f1xx_hal_msp.c.obj
LOAD CMakeFiles/stm32_test.elf.dir/Src/stm32f1xx_it.c.obj
LOAD CMakeFiles/stm32_test.elf.dir/Src/syscalls.c.obj
LOAD CMakeFiles/stm32_test.elf.dir/Src/system_stm32f1xx.c.obj
LOAD CMakeFiles/stm32_test.elf.dir/startup/startup_stm32f103xe.s.obj
START GROUP
LOAD /opt/gcc-arm-none-eabi/bin/../lib/gcc/arm-none-eabi/9.2.1/thumb/v7-m/nofp/libgcc.a
LOAD /opt/gcc-arm-none-eabi/bin/../lib/gcc/arm-none-eabi/9.2.1/../../../../arm-none-eabi/lib/thumb/v7-m/nofp/libg_nano.a
LOAD /opt/gcc-arm-none-eabi/bin/../lib/gcc/arm-none-eabi/9.2.1/../../../../arm-none-eabi/lib/thumb/v7-m/nofp/libc_nano.a
END GROUP
START GROUP
LOAD /opt/gcc-arm-none-eabi/bin/../lib/gcc/arm-none-eabi/9.2.1/thumb/v7-m/nofp/libgcc.a
LOAD /opt/gcc-arm-none-eabi/bin/../lib/gcc/arm-none-eabi/9.2.1/../../../../arm-none-eabi/lib/thumb/v7-m/nofp/libc_nano.a
LOAD /opt/gcc-arm-none-eabi/bin/../lib/gcc/arm-none-eabi/9.2.1/../../../../arm-none-eabi/lib/thumb/v7-m/nofp/libnosys.a
END GROUP
START GROUP
LOAD /opt/gcc-arm-none-eabi/bin/../lib/gcc/arm-none-eabi/9.2.1/thumb/v7-m/nofp/libgcc.a
LOAD /opt/gcc-arm-none-eabi/bin/../lib/gcc/arm-none-eabi/9.2.1/../../../../arm-none-eabi/lib/thumb/v7-m/nofp/libc_nano.a
LOAD /opt/gcc-arm-none-eabi/bin/../lib/gcc/arm-none-eabi/9.2.1/../../../../arm-none-eabi/lib/thumb/v7-m/nofp/libnosys.a
END GROUP
LOAD /opt/gcc-arm-none-eabi/bin/../lib/gcc/arm-none-eabi/9.2.1/thumb/v7-m/nofp/crtend.o
LOAD /opt/gcc-arm-none-eabi/bin/../lib/gcc/arm-none-eabi/9.2.1/thumb/v7-m/nofp/crtn.o
                0x0000000020010000                _estack = 0x20010000
                0x0000000000000200                _Min_Heap_Size = 0x200
                0x0000000000000400                _Min_Stack_Size = 0x400

.isr_vector     0x0000000008000000      0x1e4
                0x0000000008000000                . = ALIGN (0x4)
 *(.isr_vector)
 .isr_vector    0x0000000008000000      0x1e4 CMakeFiles/stm32_test.elf.dir/startup/startup_stm32f103xe.s.obj
                0x0000000008000000                g_pfnVectors
                0x00000000080001e4                . = ALIGN (0x4)

.text           0x00000000080001e4     0x1188
                0x00000000080001e4                . = ALIGN (0x4)
 *(.text)
 .text          0x00000000080001e4       0x40 /opt/gcc-arm-none-eabi/bin/../lib/gcc/arm-none-eabi/9.2.1/thumb/v7-m/nofp/crtbegin.o
 *(.text*)
 .text.HAL_Init
                0x0000000008000224       0x2c CMakeFiles/stm32_test.elf.dir/Drivers/STM32F1xx_HAL_Driver/Src/stm32f1xx_hal.c.obj
                0x0000000008000224                HAL_Init
 .text.HAL_InitTick
                0x0000000008000250       0x60 CMakeFiles/stm32_test.elf.dir/Drivers/STM32F1xx_HAL_Driver/Src/stm32f1xx_hal.c.obj
                0x0000000008000250                HAL_InitTick
 .text.HAL_IncTick
                0x00000000080002b0       0x24 CMakeFiles/stm32_test.elf.dir/Drivers/STM32F1xx_HAL_Driver/Src/stm32f1xx_hal.c.obj
                0x00000000080002b0                HAL_IncTick
 .text.HAL_GetTick
                0x00000000080002d4       0x14 CMakeFiles/stm32_test.elf.dir/Drivers/STM32F1xx_HAL_Driver/Src/stm32f1xx_hal.c.obj
                0x00000000080002d4                HAL_GetTick
 .text.HAL_Delay
                0x00000000080002e8       0x48 CMakeFiles/stm32_test.elf.dir/Drivers/STM32F1xx_HAL_Driver/Src/stm32f1xx_hal.c.obj
                0x00000000080002e8                HAL_Delay
 .text.__NVIC_SetPriorityGrouping
                0x0000000008000330       0x48 CMakeFiles/stm32_test.elf.dir/Drivers/STM32F1xx_HAL_Driver/Src/stm32f1xx_hal_cortex.c.obj
 .text.__NVIC_GetPriorityGrouping
                0x0000000008000378       0x1c CMakeFiles/stm32_test.elf.dir/Drivers/STM32F1xx_HAL_Driver/Src/stm32f1xx_hal_cortex.c.obj
 .text.__NVIC_SetPriority
                0x0000000008000394       0x54 CMakeFiles/stm32_test.elf.dir/Drivers/STM32F1xx_HAL_Driver/Src/stm32f1xx_hal_cortex.c.obj
 .text.NVIC_EncodePriority
                0x00000000080003e8       0x64 CMakeFiles/stm32_test.elf.dir/Drivers/STM32F1xx_HAL_Driver/Src/stm32f1xx_hal_cortex.c.obj
 .text.SysTick_Config
                0x000000000800044c       0x44 CMakeFiles/stm32_test.elf.dir/Drivers/STM32F1xx_HAL_Driver/Src/stm32f1xx_hal_cortex.c.obj
 .text.HAL_NVIC_SetPriorityGrouping
                0x0000000008000490       0x16 CMakeFiles/stm32_test.elf.dir/Drivers/STM32F1xx_HAL_Driver/Src/stm32f1xx_hal_cortex.c.obj
                0x0000000008000490                HAL_NVIC_SetPriorityGrouping
 .text.HAL_NVIC_SetPriority
                0x00000000080004a6       0x38 CMakeFiles/stm32_test.elf.dir/Drivers/STM32F1xx_HAL_Driver/Src/stm32f1xx_hal_cortex.c.obj
                0x00000000080004a6                HAL_NVIC_SetPriority
 .text.HAL_SYSTICK_Config
                0x00000000080004de       0x18 CMakeFiles/stm32_test.elf.dir/Drivers/STM32F1xx_HAL_Driver/Src/stm32f1xx_hal_cortex.c.obj
                0x00000000080004de                HAL_SYSTICK_Config
 *fill*         0x00000000080004f6        0x2 
 .text.HAL_GPIO_Init
                0x00000000080004f8      0x328 CMakeFiles/stm32_test.elf.dir/Drivers/STM32F1xx_HAL_Driver/Src/stm32f1xx_hal_gpio.c.obj
                0x00000000080004f8                HAL_GPIO_Init
 .text.HAL_GPIO_WritePin
                0x0000000008000820       0x30 CMakeFiles/stm32_test.elf.dir/Drivers/STM32F1xx_HAL_Driver/Src/stm32f1xx_hal_gpio.c.obj
                0x0000000008000820                HAL_GPIO_WritePin
 .text.HAL_GPIO_TogglePin
                0x0000000008000850       0x30 CMakeFiles/stm32_test.elf.dir/Drivers/STM32F1xx_HAL_Driver/Src/stm32f1xx_hal_gpio.c.obj
                0x0000000008000850                HAL_GPIO_TogglePin
 .text.HAL_RCC_OscConfig
                0x0000000008000880      0x500 CMakeFiles/stm32_test.elf.dir/Drivers/STM32F1xx_HAL_Driver/Src/stm32f1xx_hal_rcc.c.obj
                0x0000000008000880                HAL_RCC_OscConfig
 .text.HAL_RCC_ClockConfig
                0x0000000008000d80      0x1d4 CMakeFiles/stm32_test.elf.dir/Drivers/STM32F1xx_HAL_Driver/Src/stm32f1xx_hal_rcc.c.obj
                0x0000000008000d80                HAL_RCC_ClockConfig
 .text.HAL_RCC_GetSysClockFreq
                0x0000000008000f54       0xc0 CMakeFiles/stm32_test.elf.dir/Drivers/STM32F1xx_HAL_Driver/Src/stm32f1xx_hal_rcc.c.obj
                0x0000000008000f54                HAL_RCC_GetSysClockFreq
 .text.RCC_Delay
                0x0000000008001014       0x3c CMakeFiles/stm32_test.elf.dir/Drivers/STM32F1xx_HAL_Driver/Src/stm32f1xx_hal_rcc.c.obj
 .text.main     0x0000000008001050       0x28 CMakeFiles/stm32_test.elf.dir/Src/main.c.obj
                0x0000000008001050                main
 .text.SystemClock_Config
                0x0000000008001078       0x76 CMakeFiles/stm32_test.elf.dir/Src/main.c.obj
                0x0000000008001078                SystemClock_Config
 *fill*         0x00000000080010ee        0x2 
 .text.MX_GPIO_Init
                0x00000000080010f0       0x94 CMakeFiles/stm32_test.elf.dir/Src/main.c.obj
 .text.Error_Handler
                0x0000000008001184        0xc CMakeFiles/stm32_test.elf.dir/Src/main.c.obj
                0x0000000008001184                Error_Handler
 .text.HAL_MspInit
                0x0000000008001190       0x64 CMakeFiles/stm32_test.elf.dir/Src/stm32f1xx_hal_msp.c.obj
                0x0000000008001190                HAL_MspInit
 .text.NMI_Handler
                0x00000000080011f4        0xc CMakeFiles/stm32_test.elf.dir/Src/stm32f1xx_it.c.obj
                0x00000000080011f4                NMI_Handler
 .text.HardFault_Handler
                0x0000000008001200        0x6 CMakeFiles/stm32_test.elf.dir/Src/stm32f1xx_it.c.obj
                0x0000000008001200                HardFault_Handler
 .text.MemManage_Handler
                0x0000000008001206        0x6 CMakeFiles/stm32_test.elf.dir/Src/stm32f1xx_it.c.obj
                0x0000000008001206                MemManage_Handler
 .text.BusFault_Handler
                0x000000000800120c        0x6 CMakeFiles/stm32_test.elf.dir/Src/stm32f1xx_it.c.obj
                0x000000000800120c                BusFault_Handler
 .text.UsageFault_Handler
                0x0000000008001212        0x6 CMakeFiles/stm32_test.elf.dir/Src/stm32f1xx_it.c.obj
                0x0000000008001212                UsageFault_Handler
 .text.SVC_Handler
                0x0000000008001218        0xc CMakeFiles/stm32_test.elf.dir/Src/stm32f1xx_it.c.obj
                0x0000000008001218                SVC_Handler
 .text.DebugMon_Handler
                0x0000000008001224        0xc CMakeFiles/stm32_test.elf.dir/Src/stm32f1xx_it.c.obj
                0x0000000008001224                DebugMon_Handler
 .text.PendSV_Handler
                0x0000000008001230        0xc CMakeFiles/stm32_test.elf.dir/Src/stm32f1xx_it.c.obj
                0x0000000008001230                PendSV_Handler
 .text.SysTick_Handler
                0x000000000800123c        0xc CMakeFiles/stm32_test.elf.dir/Src/stm32f1xx_it.c.obj
                0x000000000800123c                SysTick_Handler
 .text.SystemInit
                0x0000000008001248       0x68 CMakeFiles/stm32_test.elf.dir/Src/system_stm32f1xx.c.obj
                0x0000000008001248                SystemInit
 .text.Reset_Handler
                0x00000000080012b0       0x48 CMakeFiles/stm32_test.elf.dir/startup/startup_stm32f103xe.s.obj
                0x00000000080012b0                Reset_Handler
 .text.Default_Handler
                0x00000000080012f8        0x2 CMakeFiles/stm32_test.elf.dir/startup/startup_stm32f103xe.s.obj
                0x00000000080012f8                RTC_Alarm_IRQHandler
                0x00000000080012f8                EXTI2_IRQHandler
                0x00000000080012f8                TIM8_TRG_COM_IRQHandler
                0x00000000080012f8                TIM8_CC_IRQHandler
                0x00000000080012f8                TIM1_CC_IRQHandler
                0x00000000080012f8                TIM6_IRQHandler
                0x00000000080012f8                PVD_IRQHandler
                0x00000000080012f8                SDIO_IRQHandler
                0x00000000080012f8                EXTI3_IRQHandler
                0x00000000080012f8                EXTI0_IRQHandler
                0x00000000080012f8                I2C2_EV_IRQHandler
                0x00000000080012f8                ADC1_2_IRQHandler
                0x00000000080012f8                SPI1_IRQHandler
                0x00000000080012f8                TAMPER_IRQHandler
                0x00000000080012f8                TIM8_UP_IRQHandler
                0x00000000080012f8                DMA2_Channel2_IRQHandler
                0x00000000080012f8                DMA1_Channel4_IRQHandler
                0x00000000080012f8                USART3_IRQHandler
                0x00000000080012f8                RTC_IRQHandler
                0x00000000080012f8                DMA1_Channel7_IRQHandler
                0x00000000080012f8                CAN1_RX1_IRQHandler
                0x00000000080012f8                UART5_IRQHandler
                0x00000000080012f8                ADC3_IRQHandler
                0x00000000080012f8                TIM4_IRQHandler
                0x00000000080012f8                DMA2_Channel1_IRQHandler
                0x00000000080012f8                I2C1_EV_IRQHandler
                0x00000000080012f8                DMA1_Channel6_IRQHandler
                0x00000000080012f8                UART4_IRQHandler
                0x00000000080012f8                TIM3_IRQHandler
                0x00000000080012f8                RCC_IRQHandler
                0x00000000080012f8                TIM1_TRG_COM_IRQHandler
                0x00000000080012f8                DMA1_Channel1_IRQHandler
                0x00000000080012f8                Default_Handler
                0x00000000080012f8                EXTI15_10_IRQHandler
                0x00000000080012f8                TIM7_IRQHandler
                0x00000000080012f8                TIM5_IRQHandler
                0x00000000080012f8                EXTI9_5_IRQHandler
                0x00000000080012f8                SPI2_IRQHandler
                0x00000000080012f8                DMA1_Channel5_IRQHandler
                0x00000000080012f8                EXTI4_IRQHandler
                0x00000000080012f8                USB_LP_CAN1_RX0_IRQHandler
                0x00000000080012f8                USB_HP_CAN1_TX_IRQHandler
                0x00000000080012f8                DMA1_Channel3_IRQHandler
                0x00000000080012f8                FSMC_IRQHandler
                0x00000000080012f8                TIM1_UP_IRQHandler
                0x00000000080012f8                WWDG_IRQHandler
                0x00000000080012f8                TIM2_IRQHandler
                0x00000000080012f8                TIM1_BRK_IRQHandler
                0x00000000080012f8                EXTI1_IRQHandler
                0x00000000080012f8                DMA2_Channel4_5_IRQHandler
                0x00000000080012f8                USART2_IRQHandler
                0x00000000080012f8                I2C2_ER_IRQHandler
                0x00000000080012f8                DMA1_Channel2_IRQHandler
                0x00000000080012f8                TIM8_BRK_IRQHandler
                0x00000000080012f8                CAN1_SCE_IRQHandler
                0x00000000080012f8                FLASH_IRQHandler
                0x00000000080012f8                USART1_IRQHandler
                0x00000000080012f8                SPI3_IRQHandler
                0x00000000080012f8                I2C1_ER_IRQHandler
                0x00000000080012f8                USBWakeUp_IRQHandler
                0x00000000080012f8                DMA2_Channel3_IRQHandler
 *fill*         0x00000000080012fa        0x2 
 .text.__libc_init_array
                0x00000000080012fc       0x48 /opt/gcc-arm-none-eabi/bin/../lib/gcc/arm-none-eabi/9.2.1/../../../../arm-none-eabi/lib/thumb/v7-m/nofp/libg_nano.a(lib_a-init.o)
                0x00000000080012fc                __libc_init_array
 .text.memset   0x0000000008001344       0x10 /opt/gcc-arm-none-eabi/bin/../lib/gcc/arm-none-eabi/9.2.1/../../../../arm-none-eabi/lib/thumb/v7-m/nofp/libg_nano.a(lib_a-memset.o)
                0x0000000008001344                memset
 *(.glue_7)
 .glue_7        0x0000000008001354        0x0 linker stubs
 *(.glue_7t)
 .glue_7t       0x0000000008001354        0x0 linker stubs
 *(.eh_frame)
 .eh_frame      0x0000000008001354        0x0 /opt/gcc-arm-none-eabi/bin/../lib/gcc/arm-none-eabi/9.2.1/thumb/v7-m/nofp/crtbegin.o
 *(.init)
 .init          0x0000000008001354        0x4 /opt/gcc-arm-none-eabi/bin/../lib/gcc/arm-none-eabi/9.2.1/thumb/v7-m/nofp/crti.o
                0x0000000008001354                _init
 .init          0x0000000008001358        0x8 /opt/gcc-arm-none-eabi/bin/../lib/gcc/arm-none-eabi/9.2.1/thumb/v7-m/nofp/crtn.o
 *(.fini)
 .fini          0x0000000008001360        0x4 /opt/gcc-arm-none-eabi/bin/../lib/gcc/arm-none-eabi/9.2.1/thumb/v7-m/nofp/crti.o
                0x0000000008001360                _fini
 .fini          0x0000000008001364        0x8 /opt/gcc-arm-none-eabi/bin/../lib/gcc/arm-none-eabi/9.2.1/thumb/v7-m/nofp/crtn.o
                0x000000000800136c                . = ALIGN (0x4)
                0x000000000800136c                _etext = .

.vfp11_veneer   0x000000000800136c        0x0
 .vfp11_veneer  0x000000000800136c        0x0 linker stubs

.v4_bx          0x000000000800136c        0x0
 .v4_bx         0x000000000800136c        0x0 linker stubs

.iplt           0x000000000800136c        0x0
 .iplt          0x000000000800136c        0x0 /opt/gcc-arm-none-eabi/bin/../lib/gcc/arm-none-eabi/9.2.1/thumb/v7-m/nofp/crtbegin.o

.rodata         0x000000000800136c       0x20
                0x000000000800136c                . = ALIGN (0x4)
 *(.rodata)
 .rodata        0x000000000800136c       0x10 CMakeFiles/stm32_test.elf.dir/Drivers/STM32F1xx_HAL_Driver/Src/stm32f1xx_hal_rcc.c.obj
 *(.rodata*)
 .rodata.AHBPrescTable
                0x000000000800137c       0x10 CMakeFiles/stm32_test.elf.dir/Src/system_stm32f1xx.c.obj
                0x000000000800137c                AHBPrescTable
                0x000000000800138c                . = ALIGN (0x4)

.rel.dyn        0x000000000800138c        0x0
 .rel.iplt      0x000000000800138c        0x0 /opt/gcc-arm-none-eabi/bin/../lib/gcc/arm-none-eabi/9.2.1/thumb/v7-m/nofp/crtbegin.o

.ARM.extab
 *(.ARM.extab* .gnu.linkonce.armextab.*)

.ARM            0x000000000800138c        0x0
                0x000000000800138c                __exidx_start = .
 *(.ARM.exidx*)
                0x000000000800138c                __exidx_end = .

.preinit_array  0x000000000800138c        0x0
                0x000000000800138c                PROVIDE (__preinit_array_start = .)
 *(.preinit_array*)
                0x000000000800138c                PROVIDE (__preinit_array_end = .)

.init_array     0x000000000800138c        0x4
                0x000000000800138c                PROVIDE (__init_array_start = .)
 *(SORT_BY_NAME(.init_array.*))
 *(.init_array*)
 .init_array    0x000000000800138c        0x4 /opt/gcc-arm-none-eabi/bin/../lib/gcc/arm-none-eabi/9.2.1/thumb/v7-m/nofp/crtbegin.o
                0x0000000008001390                PROVIDE (__init_array_end = .)

.fini_array     0x0000000008001390        0x4
                [!provide]                        PROVIDE (__fini_array_start = .)
 *(SORT_BY_NAME(.fini_array.*))
 *(.fini_array*)
 .fini_array    0x0000000008001390        0x4 /opt/gcc-arm-none-eabi/bin/../lib/gcc/arm-none-eabi/9.2.1/thumb/v7-m/nofp/crtbegin.o
                [!provide]                        PROVIDE (__fini_array_end = .)
                0x0000000008001394                _sidata = LOADADDR (.data)

.data           0x0000000020000000        0xc load address 0x0000000008001394
                0x0000000020000000                . = ALIGN (0x4)
                0x0000000020000000                _sdata = .
 *(.data)
 *(.data*)
 .data.uwTickPrio
                0x0000000020000000        0x4 CMakeFiles/stm32_test.elf.dir/Drivers/STM32F1xx_HAL_Driver/Src/stm32f1xx_hal.c.obj
                0x0000000020000000                uwTickPrio
 .data.uwTickFreq
                0x0000000020000004        0x1 CMakeFiles/stm32_test.elf.dir/Drivers/STM32F1xx_HAL_Driver/Src/stm32f1xx_hal.c.obj
                0x0000000020000004                uwTickFreq
 *fill*         0x0000000020000005        0x3 
 .data.SystemCoreClock
                0x0000000020000008        0x4 CMakeFiles/stm32_test.elf.dir/Src/system_stm32f1xx.c.obj
                0x0000000020000008                SystemCoreClock
                0x000000002000000c                . = ALIGN (0x4)
                0x000000002000000c                _edata = .

.igot.plt       0x000000002000000c        0x0 load address 0x00000000080013a0
 .igot.plt      0x000000002000000c        0x0 /opt/gcc-arm-none-eabi/bin/../lib/gcc/arm-none-eabi/9.2.1/thumb/v7-m/nofp/crtbegin.o
                0x000000002000000c                . = ALIGN (0x4)

.bss            0x000000002000000c       0x20 load address 0x00000000080013a0
                0x000000002000000c                _sbss = .
                0x000000002000000c                __bss_start__ = _sbss
 *(.bss)
 .bss           0x000000002000000c       0x1c /opt/gcc-arm-none-eabi/bin/../lib/gcc/arm-none-eabi/9.2.1/thumb/v7-m/nofp/crtbegin.o
 *(.bss*)
 .bss.uwTick    0x0000000020000028        0x4 CMakeFiles/stm32_test.elf.dir/Drivers/STM32F1xx_HAL_Driver/Src/stm32f1xx_hal.c.obj
                0x0000000020000028                uwTick
 *(COMMON)
                0x000000002000002c                . = ALIGN (0x4)
                0x000000002000002c                _ebss = .
                0x000000002000002c                __bss_end__ = _ebss

._user_heap_stack
                0x000000002000002c      0x604 load address 0x00000000080013a0
                0x0000000020000030                . = ALIGN (0x8)
 *fill*         0x000000002000002c        0x4 
                0x0000000020000030                PROVIDE (end = .)
                [!provide]                        PROVIDE (_end = .)
                0x0000000020000230                . = (. + _Min_Heap_Size)
 *fill*         0x0000000020000030      0x200 
                0x0000000020000630                . = (. + _Min_Stack_Size)
 *fill*         0x0000000020000230      0x400 
                0x0000000020000630                . = ALIGN (0x8)

/DISCARD/
 libc.a(*)
 libm.a(*)
 libgcc.a(*)

.ARM.attributes
                0x0000000000000000       0x29
 *(.ARM.attributes)
 .ARM.attributes
                0x0000000000000000       0x1d /opt/gcc-arm-none-eabi/bin/../lib/gcc/arm-none-eabi/9.2.1/thumb/v7-m/nofp/crti.o
 .ARM.attributes
                0x000000000000001d       0x2d /opt/gcc-arm-none-eabi/bin/../lib/gcc/arm-none-eabi/9.2.1/thumb/v7-m/nofp/crtbegin.o
 .ARM.attributes
                0x000000000000004a       0x2d CMakeFiles/stm32_test.elf.dir/Drivers/STM32F1xx_HAL_Driver/Src/stm32f1xx_hal.c.obj
 .ARM.attributes
                0x0000000000000077       0x2d CMakeFiles/stm32_test.elf.dir/Drivers/STM32F1xx_HAL_Driver/Src/stm32f1xx_hal_cortex.c.obj
 .ARM.attributes
                0x00000000000000a4       0x2d CMakeFiles/stm32_test.elf.dir/Drivers/STM32F1xx_HAL_Driver/Src/stm32f1xx_hal_gpio.c.obj
 .ARM.attributes
                0x00000000000000d1       0x2d CMakeFiles/stm32_test.elf.dir/Drivers/STM32F1xx_HAL_Driver/Src/stm32f1xx_hal_rcc.c.obj
 .ARM.attributes
                0x00000000000000fe       0x2d CMakeFiles/stm32_test.elf.dir/Src/main.c.obj
 .ARM.attributes
                0x000000000000012b       0x2d CMakeFiles/stm32_test.elf.dir/Src/stm32f1xx_hal_msp.c.obj
 .ARM.attributes
                0x0000000000000158       0x2d CMakeFiles/stm32_test.elf.dir/Src/stm32f1xx_it.c.obj
 .ARM.attributes
                0x0000000000000185       0x2d CMakeFiles/stm32_test.elf.dir/Src/system_stm32f1xx.c.obj
 .ARM.attributes
                0x00000000000001b2       0x21 CMakeFiles/stm32_test.elf.dir/startup/startup_stm32f103xe.s.obj
 .ARM.attributes
                0x00000000000001d3       0x2d /opt/gcc-arm-none-eabi/bin/../lib/gcc/arm-none-eabi/9.2.1/../../../../arm-none-eabi/lib/thumb/v7-m/nofp/libg_nano.a(lib_a-init.o)
 .ARM.attributes
                0x0000000000000200       0x2d /opt/gcc-arm-none-eabi/bin/../lib/gcc/arm-none-eabi/9.2.1/../../../../arm-none-eabi/lib/thumb/v7-m/nofp/libg_nano.a(lib_a-memset.o)
 .ARM.attributes
                0x000000000000022d       0x1d /opt/gcc-arm-none-eabi/bin/../lib/gcc/arm-none-eabi/9.2.1/thumb/v7-m/nofp/crtn.o
OUTPUT(stm32_test.elf elf32-littlearm)

.debug_info     0x0000000000000000     0x31ad
 .debug_info    0x0000000000000000      0x7ad CMakeFiles/stm32_test.elf.dir/Drivers/STM32F1xx_HAL_Driver/Src/stm32f1xx_hal.c.obj
 .debug_info    0x00000000000007ad      0xc2b CMakeFiles/stm32_test.elf.dir/Drivers/STM32F1xx_HAL_Driver/Src/stm32f1xx_hal_cortex.c.obj
 .debug_info    0x00000000000013d8      0x6da CMakeFiles/stm32_test.elf.dir/Drivers/STM32F1xx_HAL_Driver/Src/stm32f1xx_hal_gpio.c.obj
 .debug_info    0x0000000000001ab2      0x877 CMakeFiles/stm32_test.elf.dir/Drivers/STM32F1xx_HAL_Driver/Src/stm32f1xx_hal_rcc.c.obj
 .debug_info    0x0000000000002329      0x515 CMakeFiles/stm32_test.elf.dir/Src/main.c.obj
 .debug_info    0x000000000000283e      0x2e5 CMakeFiles/stm32_test.elf.dir/Src/stm32f1xx_hal_msp.c.obj
 .debug_info    0x0000000000002b23      0x206 CMakeFiles/stm32_test.elf.dir/Src/stm32f1xx_it.c.obj
 .debug_info    0x0000000000002d29      0x462 CMakeFiles/stm32_test.elf.dir/Src/system_stm32f1xx.c.obj
 .debug_info    0x000000000000318b       0x22 CMakeFiles/stm32_test.elf.dir/startup/startup_stm32f103xe.s.obj

.debug_abbrev   0x0000000000000000      0xe45
 .debug_abbrev  0x0000000000000000      0x1fd CMakeFiles/stm32_test.elf.dir/Drivers/STM32F1xx_HAL_Driver/Src/stm32f1xx_hal.c.obj
 .debug_abbrev  0x00000000000001fd      0x310 CMakeFiles/stm32_test.elf.dir/Drivers/STM32F1xx_HAL_Driver/Src/stm32f1xx_hal_cortex.c.obj
 .debug_abbrev  0x000000000000050d      0x1e5 CMakeFiles/stm32_test.elf.dir/Drivers/STM32F1xx_HAL_Driver/Src/stm32f1xx_hal_gpio.c.obj
 .debug_abbrev  0x00000000000006f2      0x270 CMakeFiles/stm32_test.elf.dir/Drivers/STM32F1xx_HAL_Driver/Src/stm32f1xx_hal_rcc.c.obj
 .debug_abbrev  0x0000000000000962      0x19d CMakeFiles/stm32_test.elf.dir/Src/main.c.obj
 .debug_abbrev  0x0000000000000aff      0x11a CMakeFiles/stm32_test.elf.dir/Src/stm32f1xx_hal_msp.c.obj
 .debug_abbrev  0x0000000000000c19       0xcf CMakeFiles/stm32_test.elf.dir/Src/stm32f1xx_it.c.obj
 .debug_abbrev  0x0000000000000ce8      0x14b CMakeFiles/stm32_test.elf.dir/Src/system_stm32f1xx.c.obj
 .debug_abbrev  0x0000000000000e33       0x12 CMakeFiles/stm32_test.elf.dir/startup/startup_stm32f103xe.s.obj

.debug_aranges  0x0000000000000000      0x3d0
 .debug_aranges
                0x0000000000000000       0xe0 CMakeFiles/stm32_test.elf.dir/Drivers/STM32F1xx_HAL_Driver/Src/stm32f1xx_hal.c.obj
 .debug_aranges
                0x00000000000000e0      0x100 CMakeFiles/stm32_test.elf.dir/Drivers/STM32F1xx_HAL_Driver/Src/stm32f1xx_hal_cortex.c.obj
 .debug_aranges
                0x00000000000001e0       0x58 CMakeFiles/stm32_test.elf.dir/Drivers/STM32F1xx_HAL_Driver/Src/stm32f1xx_hal_gpio.c.obj
 .debug_aranges
                0x0000000000000238       0x90 CMakeFiles/stm32_test.elf.dir/Drivers/STM32F1xx_HAL_Driver/Src/stm32f1xx_hal_rcc.c.obj
 .debug_aranges
                0x00000000000002c8       0x38 CMakeFiles/stm32_test.elf.dir/Src/main.c.obj
 .debug_aranges
                0x0000000000000300       0x20 CMakeFiles/stm32_test.elf.dir/Src/stm32f1xx_hal_msp.c.obj
 .debug_aranges
                0x0000000000000320       0x60 CMakeFiles/stm32_test.elf.dir/Src/stm32f1xx_it.c.obj
 .debug_aranges
                0x0000000000000380       0x28 CMakeFiles/stm32_test.elf.dir/Src/system_stm32f1xx.c.obj
 .debug_aranges
                0x00000000000003a8       0x28 CMakeFiles/stm32_test.elf.dir/startup/startup_stm32f103xe.s.obj

.debug_ranges   0x0000000000000000      0x348
 .debug_ranges  0x0000000000000000       0xd0 CMakeFiles/stm32_test.elf.dir/Drivers/STM32F1xx_HAL_Driver/Src/stm32f1xx_hal.c.obj
 .debug_ranges  0x00000000000000d0       0xf0 CMakeFiles/stm32_test.elf.dir/Drivers/STM32F1xx_HAL_Driver/Src/stm32f1xx_hal_cortex.c.obj
 .debug_ranges  0x00000000000001c0       0x48 CMakeFiles/stm32_test.elf.dir/Drivers/STM32F1xx_HAL_Driver/Src/stm32f1xx_hal_gpio.c.obj
 .debug_ranges  0x0000000000000208       0x80 CMakeFiles/stm32_test.elf.dir/Drivers/STM32F1xx_HAL_Driver/Src/stm32f1xx_hal_rcc.c.obj
 .debug_ranges  0x0000000000000288       0x28 CMakeFiles/stm32_test.elf.dir/Src/main.c.obj
 .debug_ranges  0x00000000000002b0       0x10 CMakeFiles/stm32_test.elf.dir/Src/stm32f1xx_hal_msp.c.obj
 .debug_ranges  0x00000000000002c0       0x50 CMakeFiles/stm32_test.elf.dir/Src/stm32f1xx_it.c.obj
 .debug_ranges  0x0000000000000310       0x18 CMakeFiles/stm32_test.elf.dir/Src/system_stm32f1xx.c.obj
 .debug_ranges  0x0000000000000328       0x20 CMakeFiles/stm32_test.elf.dir/startup/startup_stm32f103xe.s.obj

.debug_line     0x0000000000000000     0x26e3
 .debug_line    0x0000000000000000      0x500 CMakeFiles/stm32_test.elf.dir/Drivers/STM32F1xx_HAL_Driver/Src/stm32f1xx_hal.c.obj
 .debug_line    0x0000000000000500      0x6e6 CMakeFiles/stm32_test.elf.dir/Drivers/STM32F1xx_HAL_Driver/Src/stm32f1xx_hal_cortex.c.obj
 .debug_line    0x0000000000000be6      0x5e0 CMakeFiles/stm32_test.elf.dir/Drivers/STM32F1xx_HAL_Driver/Src/stm32f1xx_hal_gpio.c.obj
 .debug_line    0x00000000000011c6      0x96c CMakeFiles/stm32_test.elf.dir/Drivers/STM32F1xx_HAL_Driver/Src/stm32f1xx_hal_rcc.c.obj
 .debug_line    0x0000000000001b32      0x31d CMakeFiles/stm32_test.elf.dir/Src/main.c.obj
 .debug_line    0x0000000000001e4f      0x236 CMakeFiles/stm32_test.elf.dir/Src/stm32f1xx_hal_msp.c.obj
 .debug_line    0x0000000000002085      0x2ce CMakeFiles/stm32_test.elf.dir/Src/stm32f1xx_it.c.obj
 .debug_line    0x0000000000002353      0x2e9 CMakeFiles/stm32_test.elf.dir/Src/system_stm32f1xx.c.obj
 .debug_line    0x000000000000263c       0xa7 CMakeFiles/stm32_test.elf.dir/startup/startup_stm32f103xe.s.obj

.debug_str      0x0000000000000000     0x14e4
 .debug_str     0x0000000000000000      0x903 CMakeFiles/stm32_test.elf.dir/Drivers/STM32F1xx_HAL_Driver/Src/stm32f1xx_hal.c.obj
                                        0x967 (size before relaxing)
 .debug_str     0x0000000000000903      0x434 CMakeFiles/stm32_test.elf.dir/Drivers/STM32F1xx_HAL_Driver/Src/stm32f1xx_hal_cortex.c.obj
                                        0xace (size before relaxing)
 .debug_str     0x0000000000000d37      0x1f9 CMakeFiles/stm32_test.elf.dir/Drivers/STM32F1xx_HAL_Driver/Src/stm32f1xx_hal_gpio.c.obj
                                        0x53b (size before relaxing)
 .debug_str     0x0000000000000f30      0x354 CMakeFiles/stm32_test.elf.dir/Drivers/STM32F1xx_HAL_Driver/Src/stm32f1xx_hal_rcc.c.obj
                                        0x6f6 (size before relaxing)
 .debug_str     0x0000000000001284       0x7b CMakeFiles/stm32_test.elf.dir/Src/main.c.obj
                                        0x4ef (size before relaxing)
 .debug_str     0x00000000000012ff       0x45 CMakeFiles/stm32_test.elf.dir/Src/stm32f1xx_hal_msp.c.obj
                                        0x355 (size before relaxing)
 .debug_str     0x0000000000001344       0xd0 CMakeFiles/stm32_test.elf.dir/Src/stm32f1xx_it.c.obj
                                        0x360 (size before relaxing)
 .debug_str     0x0000000000001414       0x77 CMakeFiles/stm32_test.elf.dir/Src/system_stm32f1xx.c.obj
                                        0x3aa (size before relaxing)
 .debug_str     0x000000000000148b       0x59 CMakeFiles/stm32_test.elf.dir/startup/startup_stm32f103xe.s.obj
                                         0x98 (size before relaxing)

.comment        0x0000000000000000       0x79
 .comment       0x0000000000000000       0x79 CMakeFiles/stm32_test.elf.dir/Drivers/STM32F1xx_HAL_Driver/Src/stm32f1xx_hal.c.obj
                                         0x7a (size before relaxing)
 .comment       0x0000000000000079       0x7a CMakeFiles/stm32_test.elf.dir/Drivers/STM32F1xx_HAL_Driver/Src/stm32f1xx_hal_cortex.c.obj
 .comment       0x0000000000000079       0x7a CMakeFiles/stm32_test.elf.dir/Drivers/STM32F1xx_HAL_Driver/Src/stm32f1xx_hal_gpio.c.obj
 .comment       0x0000000000000079       0x7a CMakeFiles/stm32_test.elf.dir/Drivers/STM32F1xx_HAL_Driver/Src/stm32f1xx_hal_rcc.c.obj
 .comment       0x0000000000000079       0x7a CMakeFiles/stm32_test.elf.dir/Src/main.c.obj
 .comment       0x0000000000000079       0x7a CMakeFiles/stm32_test.elf.dir/Src/stm32f1xx_hal_msp.c.obj
 .comment       0x0000000000000079       0x7a CMakeFiles/stm32_test.elf.dir/Src/stm32f1xx_it.c.obj
 .comment       0x0000000000000079       0x7a CMakeFiles/stm32_test.elf.dir/Src/system_stm32f1xx.c.obj

.debug_frame    0x0000000000000000      0xd40
 .debug_frame   0x0000000000000000      0x334 CMakeFiles/stm32_test.elf.dir/Drivers/STM32F1xx_HAL_Driver/Src/stm32f1xx_hal.c.obj
 .debug_frame   0x0000000000000334      0x428 CMakeFiles/stm32_test.elf.dir/Drivers/STM32F1xx_HAL_Driver/Src/stm32f1xx_hal_cortex.c.obj
 .debug_frame   0x000000000000075c      0x14c CMakeFiles/stm32_test.elf.dir/Drivers/STM32F1xx_HAL_Driver/Src/stm32f1xx_hal_gpio.c.obj
 .debug_frame   0x00000000000008a8      0x21c CMakeFiles/stm32_test.elf.dir/Drivers/STM32F1xx_HAL_Driver/Src/stm32f1xx_hal_rcc.c.obj
 .debug_frame   0x0000000000000ac4       0x94 CMakeFiles/stm32_test.elf.dir/Src/main.c.obj
 .debug_frame   0x0000000000000b58       0x38 CMakeFiles/stm32_test.elf.dir/Src/stm32f1xx_hal_msp.c.obj
 .debug_frame   0x0000000000000b90      0x10c CMakeFiles/stm32_test.elf.dir/Src/stm32f1xx_it.c.obj
 .debug_frame   0x0000000000000c9c       0x58 CMakeFiles/stm32_test.elf.dir/Src/system_stm32f1xx.c.obj
 .debug_frame   0x0000000000000cf4       0x2c /opt/gcc-arm-none-eabi/bin/../lib/gcc/arm-none-eabi/9.2.1/../../../../arm-none-eabi/lib/thumb/v7-m/nofp/libg_nano.a(lib_a-init.o)
 .debug_frame   0x0000000000000d20       0x20 /opt/gcc-arm-none-eabi/bin/../lib/gcc/arm-none-eabi/9.2.1/../../../../arm-none-eabi/lib/thumb/v7-m/nofp/libg_nano.a(lib_a-memset.o)
