Archive member included to satisfy reference by file (symbol)

/opt/gcc-arm-none-eabi/bin/../lib/gcc/arm-none-eabi/9.2.1/../../../../arm-none-eabi/lib/thumb/v7-m/nofp/libg_nano.a(lib_a-errno.o)
                              CMakeFiles/stm32_test.elf.dir/Src/syscalls.c.obj (__errno)
/opt/gcc-arm-none-eabi/bin/../lib/gcc/arm-none-eabi/9.2.1/../../../../arm-none-eabi/lib/thumb/v7-m/nofp/libg_nano.a(lib_a-exit.o)
                              /opt/gcc-arm-none-eabi/bin/../lib/gcc/arm-none-eabi/9.2.1/../../../../arm-none-eabi/lib/thumb/v7-m/nofp/crt0.o (exit)
/opt/gcc-arm-none-eabi/bin/../lib/gcc/arm-none-eabi/9.2.1/../../../../arm-none-eabi/lib/thumb/v7-m/nofp/libg_nano.a(lib_a-impure.o)
                              /opt/gcc-arm-none-eabi/bin/../lib/gcc/arm-none-eabi/9.2.1/../../../../arm-none-eabi/lib/thumb/v7-m/nofp/libg_nano.a(lib_a-exit.o) (_global_impure_ptr)
/opt/gcc-arm-none-eabi/bin/../lib/gcc/arm-none-eabi/9.2.1/../../../../arm-none-eabi/lib/thumb/v7-m/nofp/libg_nano.a(lib_a-init.o)
                              /opt/gcc-arm-none-eabi/bin/../lib/gcc/arm-none-eabi/9.2.1/../../../../arm-none-eabi/lib/thumb/v7-m/nofp/crt0.o (__libc_init_array)
/opt/gcc-arm-none-eabi/bin/../lib/gcc/arm-none-eabi/9.2.1/../../../../arm-none-eabi/lib/thumb/v7-m/nofp/libg_nano.a(lib_a-malloc.o)
                              CMakeFiles/stm32_test.elf.dir/Src/hwoc.c.obj (malloc)
/opt/gcc-arm-none-eabi/bin/../lib/gcc/arm-none-eabi/9.2.1/../../../../arm-none-eabi/lib/thumb/v7-m/nofp/libg_nano.a(lib_a-memcpy-stub.o)
                              CMakeFiles/stm32_test.elf.dir/Src/nbiot.c.obj (memcpy)
/opt/gcc-arm-none-eabi/bin/../lib/gcc/arm-none-eabi/9.2.1/../../../../arm-none-eabi/lib/thumb/v7-m/nofp/libg_nano.a(lib_a-memset.o)
                              /opt/gcc-arm-none-eabi/bin/../lib/gcc/arm-none-eabi/9.2.1/../../../../arm-none-eabi/lib/thumb/v7-m/nofp/crt0.o (memset)
/opt/gcc-arm-none-eabi/bin/../lib/gcc/arm-none-eabi/9.2.1/../../../../arm-none-eabi/lib/thumb/v7-m/nofp/libg_nano.a(lib_a-nano-freer.o)
                              /opt/gcc-arm-none-eabi/bin/../lib/gcc/arm-none-eabi/9.2.1/../../../../arm-none-eabi/lib/thumb/v7-m/nofp/libg_nano.a(lib_a-malloc.o) (_free_r)
/opt/gcc-arm-none-eabi/bin/../lib/gcc/arm-none-eabi/9.2.1/../../../../arm-none-eabi/lib/thumb/v7-m/nofp/libg_nano.a(lib_a-nano-mallocr.o)
                              /opt/gcc-arm-none-eabi/bin/../lib/gcc/arm-none-eabi/9.2.1/../../../../arm-none-eabi/lib/thumb/v7-m/nofp/libg_nano.a(lib_a-malloc.o) (_malloc_r)
/opt/gcc-arm-none-eabi/bin/../lib/gcc/arm-none-eabi/9.2.1/../../../../arm-none-eabi/lib/thumb/v7-m/nofp/libg_nano.a(lib_a-sbrkr.o)
                              /opt/gcc-arm-none-eabi/bin/../lib/gcc/arm-none-eabi/9.2.1/../../../../arm-none-eabi/lib/thumb/v7-m/nofp/libg_nano.a(lib_a-nano-mallocr.o) (_sbrk_r)
/opt/gcc-arm-none-eabi/bin/../lib/gcc/arm-none-eabi/9.2.1/../../../../arm-none-eabi/lib/thumb/v7-m/nofp/libg_nano.a(lib_a-sprintf.o)
                              CMakeFiles/stm32_test.elf.dir/Src/nbiot.c.obj (sprintf)
/opt/gcc-arm-none-eabi/bin/../lib/gcc/arm-none-eabi/9.2.1/../../../../arm-none-eabi/lib/thumb/v7-m/nofp/libg_nano.a(lib_a-strchr.o)
                              CMakeFiles/stm32_test.elf.dir/Src/nbiot.c.obj (strchr)
/opt/gcc-arm-none-eabi/bin/../lib/gcc/arm-none-eabi/9.2.1/../../../../arm-none-eabi/lib/thumb/v7-m/nofp/libg_nano.a(lib_a-strlen.o)
                              CMakeFiles/stm32_test.elf.dir/Src/hwoc.c.obj (strlen)
/opt/gcc-arm-none-eabi/bin/../lib/gcc/arm-none-eabi/9.2.1/../../../../arm-none-eabi/lib/thumb/v7-m/nofp/libg_nano.a(lib_a-strstr.o)
                              CMakeFiles/stm32_test.elf.dir/Src/nbiot.c.obj (strstr)
/opt/gcc-arm-none-eabi/bin/../lib/gcc/arm-none-eabi/9.2.1/../../../../arm-none-eabi/lib/thumb/v7-m/nofp/libg_nano.a(lib_a-mlock.o)
                              /opt/gcc-arm-none-eabi/bin/../lib/gcc/arm-none-eabi/9.2.1/../../../../arm-none-eabi/lib/thumb/v7-m/nofp/libg_nano.a(lib_a-nano-freer.o) (__malloc_lock)
/opt/gcc-arm-none-eabi/bin/../lib/gcc/arm-none-eabi/9.2.1/../../../../arm-none-eabi/lib/thumb/v7-m/nofp/libg_nano.a(lib_a-nano-svfprintf.o)
                              /opt/gcc-arm-none-eabi/bin/../lib/gcc/arm-none-eabi/9.2.1/../../../../arm-none-eabi/lib/thumb/v7-m/nofp/libg_nano.a(lib_a-sprintf.o) (_svfprintf_r)
/opt/gcc-arm-none-eabi/bin/../lib/gcc/arm-none-eabi/9.2.1/../../../../arm-none-eabi/lib/thumb/v7-m/nofp/libg_nano.a(lib_a-nano-vfprintf_i.o)
                              /opt/gcc-arm-none-eabi/bin/../lib/gcc/arm-none-eabi/9.2.1/../../../../arm-none-eabi/lib/thumb/v7-m/nofp/libg_nano.a(lib_a-nano-svfprintf.o) (_printf_i)
/opt/gcc-arm-none-eabi/bin/../lib/gcc/arm-none-eabi/9.2.1/../../../../arm-none-eabi/lib/thumb/v7-m/nofp/libg_nano.a(lib_a-reent.o)
                              /opt/gcc-arm-none-eabi/bin/../lib/gcc/arm-none-eabi/9.2.1/../../../../arm-none-eabi/lib/thumb/v7-m/nofp/libg_nano.a(lib_a-sbrkr.o) (errno)
[...]
Memory Configuration

Name             Origin             Length             Attributes
RAM              0x0000000020000000 0x0000000000010000 xrw
FLASH            0x0000000008000000 0x0000000000080000 xr
*default*        0x0000000000000000 0xffffffffffffffff

Linker script and memory map

LOAD /opt/gcc-arm-none-eabi/bin/../lib/gcc/arm-none-eabi/9.2.1/thumb/v7-m/nofp/crti.o
LOAD /opt/gcc-arm-none-eabi/bin/../lib/gcc/arm-none-eabi/9.2.1/thumb/v7-m/nofp/crtbegin.o
LOAD /opt/gcc-arm-none-eabi/bin/../lib/gcc/arm-none-eabi/9.2.1/../../../../arm-none-eabi/lib/thumb/v7-m/nofp/crt0.o
LOAD CMakeFiles/stm32_test.elf.dir/Drivers/STM32F1xx_HAL_Driver/Src/stm32f1xx_hal.c.obj
LOAD CMakeFiles/stm32_test.elf.dir/Drivers/STM32F1xx_HAL_Driver/Src/stm32f1xx_hal_cortex.c.obj
LOAD CMakeFiles/stm32_test.elf.dir/Drivers/STM32F1xx_HAL_Driver/Src/stm32f1xx_hal_dma.c.obj
LOAD CMakeFiles/stm32_test.elf.dir/Drivers/STM32F1xx_HAL_Driver/Src/stm32f1xx_hal_exti.c.obj
LOAD CMakeFiles/stm32_test.elf.dir/Drivers/STM32F1xx_HAL_Driver/Src/stm32f1xx_hal_flash.c.obj
LOAD CMakeFiles/stm32_test.elf.dir/Drivers/STM32F1xx_HAL_Driver/Src/stm32f1xx_hal_flash_ex.c.obj
LOAD CMakeFiles/stm32_test.elf.dir/Drivers/STM32F1xx_HAL_Driver/Src/stm32f1xx_hal_gpio.c.obj
LOAD CMakeFiles/stm32_test.elf.dir/Drivers/STM32F1xx_HAL_Driver/Src/stm32f1xx_hal_gpio_ex.c.obj
LOAD CMakeFiles/stm32_test.elf.dir/Drivers/STM32F1xx_HAL_Driver/Src/stm32f1xx_hal_pwr.c.obj
LOAD CMakeFiles/stm32_test.elf.dir/Drivers/STM32F1xx_HAL_Driver/Src/stm32f1xx_hal_rcc.c.obj
LOAD CMakeFiles/stm32_test.elf.dir/Drivers/STM32F1xx_HAL_Driver/Src/stm32f1xx_hal_rcc_ex.c.obj
LOAD CMakeFiles/stm32_test.elf.dir/Drivers/STM32F1xx_HAL_Driver/Src/stm32f1xx_hal_tim.c.obj
LOAD CMakeFiles/stm32_test.elf.dir/Drivers/STM32F1xx_HAL_Driver/Src/stm32f1xx_hal_tim_ex.c.obj
LOAD CMakeFiles/stm32_test.elf.dir/Drivers/STM32F1xx_HAL_Driver/Src/stm32f1xx_hal_uart.c.obj
LOAD CMakeFiles/stm32_test.elf.dir/Src/beep.c.obj
LOAD CMakeFiles/stm32_test.elf.dir/Src/hwoc.c.obj
LOAD CMakeFiles/stm32_test.elf.dir/Src/led.c.obj
LOAD CMakeFiles/stm32_test.elf.dir/Src/main.c.obj
LOAD CMakeFiles/stm32_test.elf.dir/Src/nbiot.c.obj
LOAD CMakeFiles/stm32_test.elf.dir/Src/stm32f1xx_hal_msp.c.obj
LOAD CMakeFiles/stm32_test.elf.dir/Src/stm32f1xx_it.c.obj
LOAD CMakeFiles/stm32_test.elf.dir/Src/syscalls.c.obj
LOAD CMakeFiles/stm32_test.elf.dir/Src/system_stm32f1xx.c.obj
LOAD CMakeFiles/stm32_test.elf.dir/Src/uart.c.obj
LOAD CMakeFiles/stm32_test.elf.dir/startup/startup_stm32f103xe.s.obj
START GROUP
LOAD /opt/gcc-arm-none-eabi/bin/../lib/gcc/arm-none-eabi/9.2.1/thumb/v7-m/nofp/libgcc.a
LOAD /opt/gcc-arm-none-eabi/bin/../lib/gcc/arm-none-eabi/9.2.1/../../../../arm-none-eabi/lib/thumb/v7-m/nofp/libg_nano.a
LOAD /opt/gcc-arm-none-eabi/bin/../lib/gcc/arm-none-eabi/9.2.1/../../../../arm-none-eabi/lib/thumb/v7-m/nofp/libc_nano.a
END GROUP
START GROUP
LOAD /opt/gcc-arm-none-eabi/bin/../lib/gcc/arm-none-eabi/9.2.1/thumb/v7-m/nofp/libgcc.a
LOAD /opt/gcc-arm-none-eabi/bin/../lib/gcc/arm-none-eabi/9.2.1/../../../../arm-none-eabi/lib/thumb/v7-m/nofp/libc_nano.a
LOAD /opt/gcc-arm-none-eabi/bin/../lib/gcc/arm-none-eabi/9.2.1/../../../../arm-none-eabi/lib/thumb/v7-m/nofp/libnosys.a
END GROUP
START GROUP
LOAD /opt/gcc-arm-none-eabi/bin/../lib/gcc/arm-none-eabi/9.2.1/thumb/v7-m/nofp/libgcc.a
LOAD /opt/gcc-arm-none-eabi/bin/../lib/gcc/arm-none-eabi/9.2.1/../../../../arm-none-eabi/lib/thumb/v7-m/nofp/libc_nano.a
LOAD /opt/gcc-arm-none-eabi/bin/../lib/gcc/arm-none-eabi/9.2.1/../../../../arm-none-eabi/lib/thumb/v7-m/nofp/libnosys.a
END GROUP
LOAD /opt/gcc-arm-none-eabi/bin/../lib/gcc/arm-none-eabi/9.2.1/thumb/v7-m/nofp/crtend.o
LOAD /opt/gcc-arm-none-eabi/bin/../lib/gcc/arm-none-eabi/9.2.1/thumb/v7-m/nofp/crtn.o
                0x0000000020010000                _estack = 0x20010000
                0x0000000000000200                _Min_Heap_Size = 0x200
                0x0000000000000400                _Min_Stack_Size = 0x400

.isr_vector     0x0000000008000000      0x1e4
                0x0000000008000000                . = ALIGN (0x4)
 *(.isr_vector)
 .isr_vector    0x0000000008000000      0x1e4 CMakeFiles/stm32_test.elf.dir/startup/startup_stm32f103xe.s.obj
                0x0000000008000000                g_pfnVectors
                0x00000000080001e4                . = ALIGN (0x4)

.text           0x00000000080001e4     0x41fc
                0x00000000080001e4                . = ALIGN (0x4)
 *(.text)
 .text          0x00000000080001e4       0x40 /opt/gcc-arm-none-eabi/bin/../lib/gcc/arm-none-eabi/9.2.1/thumb/v7-m/nofp/crtbegin.o
 .text          0x0000000008000224       0x10 /opt/gcc-arm-none-eabi/bin/../lib/gcc/arm-none-eabi/9.2.1/../../../../arm-none-eabi/lib/thumb/v7-m/nofp/libg_nano.a(lib_a-strlen.o)
                0x0000000008000224                strlen
 *(.text*)
 .text.HAL_Init
                0x0000000008000234       0x2c CMakeFiles/stm32_test.elf.dir/Drivers/STM32F1xx_HAL_Driver/Src/stm32f1xx_hal.c.obj
                0x0000000008000234                HAL_Init
 .text.HAL_InitTick
                0x0000000008000260       0x60 CMakeFiles/stm32_test.elf.dir/Drivers/STM32F1xx_HAL_Driver/Src/stm32f1xx_hal.c.obj
                0x0000000008000260                HAL_InitTick
 .text.HAL_IncTick
                0x00000000080002c0       0x24 CMakeFiles/stm32_test.elf.dir/Drivers/STM32F1xx_HAL_Driver/Src/stm32f1xx_hal.c.obj
                0x00000000080002c0                HAL_IncTick
 .text.HAL_GetTick
                0x00000000080002e4       0x14 CMakeFiles/stm32_test.elf.dir/Drivers/STM32F1xx_HAL_Driver/Src/stm32f1xx_hal.c.obj
                0x00000000080002e4                HAL_GetTick
 .text.HAL_Delay
                0x00000000080002f8       0x48 CMakeFiles/stm32_test.elf.dir/Drivers/STM32F1xx_HAL_Driver/Src/stm32f1xx_hal.c.obj
                0x00000000080002f8                HAL_Delay
 .text.__NVIC_SetPriorityGrouping
                0x0000000008000340       0x48 CMakeFiles/stm32_test.elf.dir/Drivers/STM32F1xx_HAL_Driver/Src/stm32f1xx_hal_cortex.c.obj
 .text.__NVIC_GetPriorityGrouping
                0x0000000008000388       0x1c CMakeFiles/stm32_test.elf.dir/Drivers/STM32F1xx_HAL_Driver/Src/stm32f1xx_hal_cortex.c.obj
 .text.__NVIC_EnableIRQ
                0x00000000080003a4       0x38 CMakeFiles/stm32_test.elf.dir/Drivers/STM32F1xx_HAL_Driver/Src/stm32f1xx_hal_cortex.c.obj
 .text.__NVIC_SetPriority
                0x00000000080003dc       0x54 CMakeFiles/stm32_test.elf.dir/Drivers/STM32F1xx_HAL_Driver/Src/stm32f1xx_hal_cortex.c.obj
 .text.NVIC_EncodePriority
                0x0000000008000430       0x64 CMakeFiles/stm32_test.elf.dir/Drivers/STM32F1xx_HAL_Driver/Src/stm32f1xx_hal_cortex.c.obj
 .text.SysTick_Config
                0x0000000008000494       0x44 CMakeFiles/stm32_test.elf.dir/Drivers/STM32F1xx_HAL_Driver/Src/stm32f1xx_hal_cortex.c.obj
 .text.HAL_NVIC_SetPriorityGrouping
                0x00000000080004d8       0x16 CMakeFiles/stm32_test.elf.dir/Drivers/STM32F1xx_HAL_Driver/Src/stm32f1xx_hal_cortex.c.obj
                0x00000000080004d8                HAL_NVIC_SetPriorityGrouping
 .text.HAL_NVIC_SetPriority
                0x00000000080004ee       0x38 CMakeFiles/stm32_test.elf.dir/Drivers/STM32F1xx_HAL_Driver/Src/stm32f1xx_hal_cortex.c.obj
                0x00000000080004ee                HAL_NVIC_SetPriority
 .text.HAL_NVIC_EnableIRQ
                0x0000000008000526       0x1c CMakeFiles/stm32_test.elf.dir/Drivers/STM32F1xx_HAL_Driver/Src/stm32f1xx_hal_cortex.c.obj
                0x0000000008000526                HAL_NVIC_EnableIRQ
 .text.HAL_SYSTICK_Config
                0x0000000008000542       0x18 CMakeFiles/stm32_test.elf.dir/Drivers/STM32F1xx_HAL_Driver/Src/stm32f1xx_hal_cortex.c.obj
                0x0000000008000542                HAL_SYSTICK_Config
 *fill*         0x000000000800055a        0x2 
 .text.HAL_DMA_Init
                0x000000000800055c       0xec CMakeFiles/stm32_test.elf.dir/Drivers/STM32F1xx_HAL_Driver/Src/stm32f1xx_hal_dma.c.obj
                0x000000000800055c                HAL_DMA_Init
 .text.HAL_DMA_Start_IT
                0x0000000008000648       0xbe CMakeFiles/stm32_test.elf.dir/Drivers/STM32F1xx_HAL_Driver/Src/stm32f1xx_hal_dma.c.obj
                0x0000000008000648                HAL_DMA_Start_IT
 .text.HAL_DMA_Abort
                0x0000000008000706       0x74 CMakeFiles/stm32_test.elf.dir/Drivers/STM32F1xx_HAL_Driver/Src/stm32f1xx_hal_dma.c.obj
                0x0000000008000706                HAL_DMA_Abort
 *fill*         0x000000000800077a        0x2 
 .text.HAL_DMA_Abort_IT
                0x000000000800077c      0x210 CMakeFiles/stm32_test.elf.dir/Drivers/STM32F1xx_HAL_Driver/Src/stm32f1xx_hal_dma.c.obj
                0x000000000800077c                HAL_DMA_Abort_IT
 .text.HAL_DMA_IRQHandler
                0x000000000800098c      0x478 CMakeFiles/stm32_test.elf.dir/Drivers/STM32F1xx_HAL_Driver/Src/stm32f1xx_hal_dma.c.obj
                0x000000000800098c                HAL_DMA_IRQHandler
 .text.DMA_SetConfig
                0x0000000008000e04       0x5a CMakeFiles/stm32_test.elf.dir/Drivers/STM32F1xx_HAL_Driver/Src/stm32f1xx_hal_dma.c.obj
 *fill*         0x0000000008000e5e        0x2 
 .text.HAL_GPIO_Init
                0x0000000008000e60      0x328 CMakeFiles/stm32_test.elf.dir/Drivers/STM32F1xx_HAL_Driver/Src/stm32f1xx_hal_gpio.c.obj
                0x0000000008000e60                HAL_GPIO_Init
 .text.HAL_GPIO_WritePin
                0x0000000008001188       0x30 CMakeFiles/stm32_test.elf.dir/Drivers/STM32F1xx_HAL_Driver/Src/stm32f1xx_hal_gpio.c.obj
                0x0000000008001188                HAL_GPIO_WritePin
 .text.HAL_RCC_OscConfig
                0x00000000080011b8      0x500 CMakeFiles/stm32_test.elf.dir/Drivers/STM32F1xx_HAL_Driver/Src/stm32f1xx_hal_rcc.c.obj
                0x00000000080011b8                HAL_RCC_OscConfig
 .text.HAL_RCC_ClockConfig
                0x00000000080016b8      0x1d4 CMakeFiles/stm32_test.elf.dir/Drivers/STM32F1xx_HAL_Driver/Src/stm32f1xx_hal_rcc.c.obj
                0x00000000080016b8                HAL_RCC_ClockConfig
 .text.HAL_RCC_GetSysClockFreq
                0x000000000800188c       0xc0 CMakeFiles/stm32_test.elf.dir/Drivers/STM32F1xx_HAL_Driver/Src/stm32f1xx_hal_rcc.c.obj
                0x000000000800188c                HAL_RCC_GetSysClockFreq
 .text.HAL_RCC_GetHCLKFreq
                0x000000000800194c       0x14 CMakeFiles/stm32_test.elf.dir/Drivers/STM32F1xx_HAL_Driver/Src/stm32f1xx_hal_rcc.c.obj
                0x000000000800194c                HAL_RCC_GetHCLKFreq
 .text.HAL_RCC_GetPCLK1Freq
                0x0000000008001960       0x28 CMakeFiles/stm32_test.elf.dir/Drivers/STM32F1xx_HAL_Driver/Src/stm32f1xx_hal_rcc.c.obj
                0x0000000008001960                HAL_RCC_GetPCLK1Freq
 .text.HAL_RCC_GetPCLK2Freq
                0x0000000008001988       0x28 CMakeFiles/stm32_test.elf.dir/Drivers/STM32F1xx_HAL_Driver/Src/stm32f1xx_hal_rcc.c.obj
                0x0000000008001988                HAL_RCC_GetPCLK2Freq
 .text.RCC_Delay
                0x00000000080019b0       0x3c CMakeFiles/stm32_test.elf.dir/Drivers/STM32F1xx_HAL_Driver/Src/stm32f1xx_hal_rcc.c.obj
 .text.HAL_TIM_Base_Init
                0x00000000080019ec       0x56 CMakeFiles/stm32_test.elf.dir/Drivers/STM32F1xx_HAL_Driver/Src/stm32f1xx_hal_tim.c.obj
                0x00000000080019ec                HAL_TIM_Base_Init
 .text.HAL_TIM_Base_Start_IT
                0x0000000008001a42       0x46 CMakeFiles/stm32_test.elf.dir/Drivers/STM32F1xx_HAL_Driver/Src/stm32f1xx_hal_tim.c.obj
                0x0000000008001a42                HAL_TIM_Base_Start_IT
 .text.HAL_TIM_IRQHandler
                0x0000000008001a88      0x210 CMakeFiles/stm32_test.elf.dir/Drivers/STM32F1xx_HAL_Driver/Src/stm32f1xx_hal_tim.c.obj
                0x0000000008001a88                HAL_TIM_IRQHandler
 .text.HAL_TIM_ConfigClockSource
                0x0000000008001c98      0x188 CMakeFiles/stm32_test.elf.dir/Drivers/STM32F1xx_HAL_Driver/Src/stm32f1xx_hal_tim.c.obj
                0x0000000008001c98                HAL_TIM_ConfigClockSource
 .text.HAL_TIM_OC_DelayElapsedCallback
                0x0000000008001e20       0x12 CMakeFiles/stm32_test.elf.dir/Drivers/STM32F1xx_HAL_Driver/Src/stm32f1xx_hal_tim.c.obj
                0x0000000008001e20                HAL_TIM_OC_DelayElapsedCallback
 .text.HAL_TIM_IC_CaptureCallback
                0x0000000008001e32       0x12 CMakeFiles/stm32_test.elf.dir/Drivers/STM32F1xx_HAL_Driver/Src/stm32f1xx_hal_tim.c.obj
                0x0000000008001e32                HAL_TIM_IC_CaptureCallback
 .text.HAL_TIM_PWM_PulseFinishedCallback
                0x0000000008001e44       0x12 CMakeFiles/stm32_test.elf.dir/Drivers/STM32F1xx_HAL_Driver/Src/stm32f1xx_hal_tim.c.obj
                0x0000000008001e44                HAL_TIM_PWM_PulseFinishedCallback
 .text.HAL_TIM_TriggerCallback
                0x0000000008001e56       0x12 CMakeFiles/stm32_test.elf.dir/Drivers/STM32F1xx_HAL_Driver/Src/stm32f1xx_hal_tim.c.obj
                0x0000000008001e56                HAL_TIM_TriggerCallback
 .text.TIM_Base_SetConfig
                0x0000000008001e68       0xf4 CMakeFiles/stm32_test.elf.dir/Drivers/STM32F1xx_HAL_Driver/Src/stm32f1xx_hal_tim.c.obj
                0x0000000008001e68                TIM_Base_SetConfig
 .text.TIM_TI1_ConfigInputStage
                0x0000000008001f5c       0x5c CMakeFiles/stm32_test.elf.dir/Drivers/STM32F1xx_HAL_Driver/Src/stm32f1xx_hal_tim.c.obj
 .text.TIM_TI2_ConfigInputStage
                0x0000000008001fb8       0x5e CMakeFiles/stm32_test.elf.dir/Drivers/STM32F1xx_HAL_Driver/Src/stm32f1xx_hal_tim.c.obj
 .text.TIM_ITRx_SetConfig
                0x0000000008002016       0x34 CMakeFiles/stm32_test.elf.dir/Drivers/STM32F1xx_HAL_Driver/Src/stm32f1xx_hal_tim.c.obj
 .text.TIM_ETR_SetConfig
                0x000000000800204a       0x3e CMakeFiles/stm32_test.elf.dir/Drivers/STM32F1xx_HAL_Driver/Src/stm32f1xx_hal_tim.c.obj
                0x000000000800204a                TIM_ETR_SetConfig
 .text.HAL_TIMEx_MasterConfigSynchronization
                0x0000000008002088       0x88 CMakeFiles/stm32_test.elf.dir/Drivers/STM32F1xx_HAL_Driver/Src/stm32f1xx_hal_tim_ex.c.obj
                0x0000000008002088                HAL_TIMEx_MasterConfigSynchronization
 .text.HAL_TIMEx_CommutCallback
                0x0000000008002110       0x12 CMakeFiles/stm32_test.elf.dir/Drivers/STM32F1xx_HAL_Driver/Src/stm32f1xx_hal_tim_ex.c.obj
                0x0000000008002110                HAL_TIMEx_CommutCallback
 .text.HAL_TIMEx_BreakCallback
                0x0000000008002122       0x12 CMakeFiles/stm32_test.elf.dir/Drivers/STM32F1xx_HAL_Driver/Src/stm32f1xx_hal_tim_ex.c.obj
                0x0000000008002122                HAL_TIMEx_BreakCallback
 .text.HAL_UART_Init
                0x0000000008002134       0x9a CMakeFiles/stm32_test.elf.dir/Drivers/STM32F1xx_HAL_Driver/Src/stm32f1xx_hal_uart.c.obj
                0x0000000008002134                HAL_UART_Init
 .text.HAL_UART_Transmit
                0x00000000080021ce      0x132 CMakeFiles/stm32_test.elf.dir/Drivers/STM32F1xx_HAL_Driver/Src/stm32f1xx_hal_uart.c.obj
                0x00000000080021ce                HAL_UART_Transmit
 .text.HAL_UART_Transmit_DMA
                0x0000000008002300       0xd8 CMakeFiles/stm32_test.elf.dir/Drivers/STM32F1xx_HAL_Driver/Src/stm32f1xx_hal_uart.c.obj
                0x0000000008002300                HAL_UART_Transmit_DMA
 .text.HAL_UART_Receive_DMA
                0x00000000080023d8      0x100 CMakeFiles/stm32_test.elf.dir/Drivers/STM32F1xx_HAL_Driver/Src/stm32f1xx_hal_uart.c.obj
                0x00000000080023d8                HAL_UART_Receive_DMA
 .text.HAL_UART_DMAStop
                0x00000000080024d8       0xb6 CMakeFiles/stm32_test.elf.dir/Drivers/STM32F1xx_HAL_Driver/Src/stm32f1xx_hal_uart.c.obj
                0x00000000080024d8                HAL_UART_DMAStop
 *fill*         0x000000000800258e        0x2 
 .text.HAL_UART_IRQHandler
                0x0000000008002590      0x1f4 CMakeFiles/stm32_test.elf.dir/Drivers/STM32F1xx_HAL_Driver/Src/stm32f1xx_hal_uart.c.obj
                0x0000000008002590                HAL_UART_IRQHandler
 .text.HAL_UART_TxHalfCpltCallback
                0x0000000008002784       0x12 CMakeFiles/stm32_test.elf.dir/Drivers/STM32F1xx_HAL_Driver/Src/stm32f1xx_hal_uart.c.obj
                0x0000000008002784                HAL_UART_TxHalfCpltCallback
 .text.HAL_UART_RxHalfCpltCallback
                0x0000000008002796       0x12 CMakeFiles/stm32_test.elf.dir/Drivers/STM32F1xx_HAL_Driver/Src/stm32f1xx_hal_uart.c.obj
                0x0000000008002796                HAL_UART_RxHalfCpltCallback
 .text.HAL_UART_ErrorCallback
                0x00000000080027a8       0x12 CMakeFiles/stm32_test.elf.dir/Drivers/STM32F1xx_HAL_Driver/Src/stm32f1xx_hal_uart.c.obj
                0x00000000080027a8                HAL_UART_ErrorCallback
 .text.UART_DMATransmitCplt
                0x00000000080027ba       0x52 CMakeFiles/stm32_test.elf.dir/Drivers/STM32F1xx_HAL_Driver/Src/stm32f1xx_hal_uart.c.obj
 .text.UART_DMATxHalfCplt
                0x000000000800280c       0x1c CMakeFiles/stm32_test.elf.dir/Drivers/STM32F1xx_HAL_Driver/Src/stm32f1xx_hal_uart.c.obj
 .text.UART_DMAReceiveCplt
                0x0000000008002828       0x68 CMakeFiles/stm32_test.elf.dir/Drivers/STM32F1xx_HAL_Driver/Src/stm32f1xx_hal_uart.c.obj
 .text.UART_DMARxHalfCplt
                0x0000000008002890       0x1c CMakeFiles/stm32_test.elf.dir/Drivers/STM32F1xx_HAL_Driver/Src/stm32f1xx_hal_uart.c.obj
 .text.UART_DMAError
                0x00000000080028ac       0x94 CMakeFiles/stm32_test.elf.dir/Drivers/STM32F1xx_HAL_Driver/Src/stm32f1xx_hal_uart.c.obj
 .text.UART_WaitOnFlagUntilTimeout
                0x0000000008002940       0x94 CMakeFiles/stm32_test.elf.dir/Drivers/STM32F1xx_HAL_Driver/Src/stm32f1xx_hal_uart.c.obj
 .text.UART_EndTxTransfer
                0x00000000080029d4       0x2a CMakeFiles/stm32_test.elf.dir/Drivers/STM32F1xx_HAL_Driver/Src/stm32f1xx_hal_uart.c.obj
 .text.UART_EndRxTransfer
                0x00000000080029fe       0x3a CMakeFiles/stm32_test.elf.dir/Drivers/STM32F1xx_HAL_Driver/Src/stm32f1xx_hal_uart.c.obj
 .text.UART_DMAAbortOnError
                0x0000000008002a38       0x28 CMakeFiles/stm32_test.elf.dir/Drivers/STM32F1xx_HAL_Driver/Src/stm32f1xx_hal_uart.c.obj
 .text.UART_Transmit_IT
                0x0000000008002a60       0xaa CMakeFiles/stm32_test.elf.dir/Drivers/STM32F1xx_HAL_Driver/Src/stm32f1xx_hal_uart.c.obj
 .text.UART_EndTransmit_IT
                0x0000000008002b0a       0x30 CMakeFiles/stm32_test.elf.dir/Drivers/STM32F1xx_HAL_Driver/Src/stm32f1xx_hal_uart.c.obj
 .text.UART_Receive_IT
                0x0000000008002b3a      0x102 CMakeFiles/stm32_test.elf.dir/Drivers/STM32F1xx_HAL_Driver/Src/stm32f1xx_hal_uart.c.obj
 .text.UART_SetConfig
                0x0000000008002c3c      0x1b4 CMakeFiles/stm32_test.elf.dir/Drivers/STM32F1xx_HAL_Driver/Src/stm32f1xx_hal_uart.c.obj
 .text.SetBeep  0x0000000008002df0       0x40 CMakeFiles/stm32_test.elf.dir/Src/beep.c.obj
                0x0000000008002df0                SetBeep
 .text.SetLed0  0x0000000008002e30       0x38 CMakeFiles/stm32_test.elf.dir/Src/led.c.obj
                0x0000000008002e30                SetLed0
 .text.SetLed1  0x0000000008002e68       0x38 CMakeFiles/stm32_test.elf.dir/Src/led.c.obj
                0x0000000008002e68                SetLed1
 .text.HAL_TIM_PeriodElapsedCallback
                0x0000000008002ea0       0x34 CMakeFiles/stm32_test.elf.dir/Src/main.c.obj
                0x0000000008002ea0                HAL_TIM_PeriodElapsedCallback
 .text.main     0x0000000008002ed4       0x78 CMakeFiles/stm32_test.elf.dir/Src/main.c.obj
                0x0000000008002ed4                main
 .text.SystemClock_Config
                0x0000000008002f4c       0x76 CMakeFiles/stm32_test.elf.dir/Src/main.c.obj
                0x0000000008002f4c                SystemClock_Config
 .text.MX_NVIC_Init
                0x0000000008002fc2       0x18 CMakeFiles/stm32_test.elf.dir/Src/main.c.obj
 *fill*         0x0000000008002fda        0x2 
 .text.MX_TIM3_Init
                0x0000000008002fdc       0x9c CMakeFiles/stm32_test.elf.dir/Src/main.c.obj
 .text.MX_USART1_UART_Init
                0x0000000008003078       0x54 CMakeFiles/stm32_test.elf.dir/Src/main.c.obj
 .text.MX_USART2_UART_Init
                0x00000000080030cc       0x54 CMakeFiles/stm32_test.elf.dir/Src/main.c.obj
 .text.MX_DMA_Init
                0x0000000008003120       0x3c CMakeFiles/stm32_test.elf.dir/Src/main.c.obj
 .text.MX_GPIO_Init
                0x000000000800315c       0xc0 CMakeFiles/stm32_test.elf.dir/Src/main.c.obj
 .text.Error_Handler
                0x000000000800321c        0xc CMakeFiles/stm32_test.elf.dir/Src/main.c.obj
                0x000000000800321c                Error_Handler
 .text.NBInit   0x0000000008003228       0x4c CMakeFiles/stm32_test.elf.dir/Src/nbiot.c.obj
                0x0000000008003228                NBInit
 .text.NBCommand
                0x0000000008003274       0x70 CMakeFiles/stm32_test.elf.dir/Src/nbiot.c.obj
                0x0000000008003274                NBCommand
 .text.NBERROR  0x00000000080032e4       0x14 CMakeFiles/stm32_test.elf.dir/Src/nbiot.c.obj
                0x00000000080032e4                NBERROR
 .text.__NB_MODULE_STATUS
                0x00000000080032f8       0x48 CMakeFiles/stm32_test.elf.dir/Src/nbiot.c.obj
                0x00000000080032f8                __NB_MODULE_STATUS
 .text.__NB_SIGNAL_QUALITY
                0x0000000008003340      0x110 CMakeFiles/stm32_test.elf.dir/Src/nbiot.c.obj
                0x0000000008003340                __NB_SIGNAL_QUALITY
 .text.__NB_Manual
                0x0000000008003450       0x74 CMakeFiles/stm32_test.elf.dir/Src/nbiot.c.obj
                0x0000000008003450                __NB_Manual
 .text.__NB_SetNCDP
                0x00000000080034c4       0x74 CMakeFiles/stm32_test.elf.dir/Src/nbiot.c.obj
                0x00000000080034c4                __NB_SetNCDP
 .text.__NB_ModReboot
                0x0000000008003538       0x24 CMakeFiles/stm32_test.elf.dir/Src/nbiot.c.obj
                0x0000000008003538                __NB_ModReboot
 .text.__NB_SetBand
                0x000000000800355c       0x24 CMakeFiles/stm32_test.elf.dir/Src/nbiot.c.obj
                0x000000000800355c                __NB_SetBand
 .text.__NB_OpenCFun
                0x0000000008003580       0x70 CMakeFiles/stm32_test.elf.dir/Src/nbiot.c.obj
                0x0000000008003580                __NB_OpenCFun
 .text.__NB_EdrxOff
                0x00000000080035f0       0x24 CMakeFiles/stm32_test.elf.dir/Src/nbiot.c.obj
                0x00000000080035f0                __NB_EdrxOff
 .text.__NB_PSMOff
                0x0000000008003614       0x24 CMakeFiles/stm32_test.elf.dir/Src/nbiot.c.obj
                0x0000000008003614                __NB_PSMOff
 .text.__NB_NETATT
                0x0000000008003638       0x24 CMakeFiles/stm32_test.elf.dir/Src/nbiot.c.obj
                0x0000000008003638                __NB_NETATT
 .text.HAL_MspInit
                0x000000000800365c       0x5c CMakeFiles/stm32_test.elf.dir/Src/stm32f1xx_hal_msp.c.obj
                0x000000000800365c                HAL_MspInit
 .text.HAL_TIM_Base_MspInit
                0x00000000080036b8       0x4c CMakeFiles/stm32_test.elf.dir/Src/stm32f1xx_hal_msp.c.obj
                0x00000000080036b8                HAL_TIM_Base_MspInit
 .text.HAL_UART_MspInit
                0x0000000008003704      0x15c CMakeFiles/stm32_test.elf.dir/Src/stm32f1xx_hal_msp.c.obj
                0x0000000008003704                HAL_UART_MspInit
 .text.NMI_Handler
                0x0000000008003860        0xc CMakeFiles/stm32_test.elf.dir/Src/stm32f1xx_it.c.obj
                0x0000000008003860                NMI_Handler
 .text.HardFault_Handler
                0x000000000800386c        0x6 CMakeFiles/stm32_test.elf.dir/Src/stm32f1xx_it.c.obj
                0x000000000800386c                HardFault_Handler
 .text.MemManage_Handler
                0x0000000008003872        0x6 CMakeFiles/stm32_test.elf.dir/Src/stm32f1xx_it.c.obj
                0x0000000008003872                MemManage_Handler
 .text.BusFault_Handler
                0x0000000008003878        0x6 CMakeFiles/stm32_test.elf.dir/Src/stm32f1xx_it.c.obj
                0x0000000008003878                BusFault_Handler
 .text.UsageFault_Handler
                0x000000000800387e        0x6 CMakeFiles/stm32_test.elf.dir/Src/stm32f1xx_it.c.obj
                0x000000000800387e                UsageFault_Handler
 .text.SVC_Handler
                0x0000000008003884        0xc CMakeFiles/stm32_test.elf.dir/Src/stm32f1xx_it.c.obj
                0x0000000008003884                SVC_Handler
 .text.DebugMon_Handler
                0x0000000008003890        0xc CMakeFiles/stm32_test.elf.dir/Src/stm32f1xx_it.c.obj
                0x0000000008003890                DebugMon_Handler
 .text.PendSV_Handler
                0x000000000800389c        0xc CMakeFiles/stm32_test.elf.dir/Src/stm32f1xx_it.c.obj
                0x000000000800389c                PendSV_Handler
 .text.SysTick_Handler
                0x00000000080038a8        0xc CMakeFiles/stm32_test.elf.dir/Src/stm32f1xx_it.c.obj
                0x00000000080038a8                SysTick_Handler
 .text.DMA1_Channel6_IRQHandler
                0x00000000080038b4       0x14 CMakeFiles/stm32_test.elf.dir/Src/stm32f1xx_it.c.obj
                0x00000000080038b4                DMA1_Channel6_IRQHandler
 .text.TIM3_IRQHandler
                0x00000000080038c8       0x14 CMakeFiles/stm32_test.elf.dir/Src/stm32f1xx_it.c.obj
                0x00000000080038c8                TIM3_IRQHandler
 .text.USART2_IRQHandler
                0x00000000080038dc       0x18 CMakeFiles/stm32_test.elf.dir/Src/stm32f1xx_it.c.obj
                0x00000000080038dc                USART2_IRQHandler
 .text._sbrk    0x00000000080038f4       0x58 CMakeFiles/stm32_test.elf.dir/Src/syscalls.c.obj
                0x00000000080038f4                _sbrk
 .text.SystemInit
                0x000000000800394c       0x68 CMakeFiles/stm32_test.elf.dir/Src/system_stm32f1xx.c.obj
                0x000000000800394c                SystemInit
 .text.USER_UART_IRQHandler
                0x00000000080039b4       0x60 CMakeFiles/stm32_test.elf.dir/Src/uart.c.obj
                0x00000000080039b4                USER_UART_IRQHandler
 .text.HAL_UART_RxCpltCallback
                0x0000000008003a14       0x24 CMakeFiles/stm32_test.elf.dir/Src/uart.c.obj
                0x0000000008003a14                HAL_UART_RxCpltCallback
 .text.HAL_UART_TxCpltCallback
                0x0000000008003a38       0x24 CMakeFiles/stm32_test.elf.dir/Src/uart.c.obj
                0x0000000008003a38                HAL_UART_TxCpltCallback
 .text.Reset_Handler
                0x0000000008003a5c       0x48 CMakeFiles/stm32_test.elf.dir/startup/startup_stm32f103xe.s.obj
                0x0000000008003a5c                Reset_Handler
 .text.Default_Handler
                0x0000000008003aa4        0x2 CMakeFiles/stm32_test.elf.dir/startup/startup_stm32f103xe.s.obj
                0x0000000008003aa4                RTC_Alarm_IRQHandler
                0x0000000008003aa4                EXTI2_IRQHandler
                0x0000000008003aa4                TIM8_TRG_COM_IRQHandler
                0x0000000008003aa4                TIM8_CC_IRQHandler
                0x0000000008003aa4                TIM1_CC_IRQHandler
                0x0000000008003aa4                TIM6_IRQHandler
                0x0000000008003aa4                PVD_IRQHandler
                0x0000000008003aa4                SDIO_IRQHandler
                0x0000000008003aa4                EXTI3_IRQHandler
                0x0000000008003aa4                EXTI0_IRQHandler
                0x0000000008003aa4                I2C2_EV_IRQHandler
                0x0000000008003aa4                ADC1_2_IRQHandler
                0x0000000008003aa4                SPI1_IRQHandler
                0x0000000008003aa4                TAMPER_IRQHandler
                0x0000000008003aa4                TIM8_UP_IRQHandler
                0x0000000008003aa4                DMA2_Channel2_IRQHandler
                0x0000000008003aa4                DMA1_Channel4_IRQHandler
                0x0000000008003aa4                USART3_IRQHandler
                0x0000000008003aa4                RTC_IRQHandler
                0x0000000008003aa4                DMA1_Channel7_IRQHandler
                0x0000000008003aa4                CAN1_RX1_IRQHandler
                0x0000000008003aa4                UART5_IRQHandler
                0x0000000008003aa4                ADC3_IRQHandler
                0x0000000008003aa4                TIM4_IRQHandler
                0x0000000008003aa4                DMA2_Channel1_IRQHandler
                0x0000000008003aa4                I2C1_EV_IRQHandler
                0x0000000008003aa4                UART4_IRQHandler
                0x0000000008003aa4                RCC_IRQHandler
                0x0000000008003aa4                TIM1_TRG_COM_IRQHandler
                0x0000000008003aa4                DMA1_Channel1_IRQHandler
                0x0000000008003aa4                Default_Handler
                0x0000000008003aa4                EXTI15_10_IRQHandler
                0x0000000008003aa4                TIM7_IRQHandler
                0x0000000008003aa4                TIM5_IRQHandler
                0x0000000008003aa4                EXTI9_5_IRQHandler
                0x0000000008003aa4                SPI2_IRQHandler
                0x0000000008003aa4                DMA1_Channel5_IRQHandler
                0x0000000008003aa4                EXTI4_IRQHandler
                0x0000000008003aa4                USB_LP_CAN1_RX0_IRQHandler
                0x0000000008003aa4                USB_HP_CAN1_TX_IRQHandler
                0x0000000008003aa4                DMA1_Channel3_IRQHandler
                0x0000000008003aa4                FSMC_IRQHandler
                0x0000000008003aa4                TIM1_UP_IRQHandler
                0x0000000008003aa4                WWDG_IRQHandler
                0x0000000008003aa4                TIM2_IRQHandler
                0x0000000008003aa4                TIM1_BRK_IRQHandler
                0x0000000008003aa4                EXTI1_IRQHandler
                0x0000000008003aa4                DMA2_Channel4_5_IRQHandler
                0x0000000008003aa4                I2C2_ER_IRQHandler
                0x0000000008003aa4                DMA1_Channel2_IRQHandler
                0x0000000008003aa4                TIM8_BRK_IRQHandler
                0x0000000008003aa4                CAN1_SCE_IRQHandler
                0x0000000008003aa4                FLASH_IRQHandler
                0x0000000008003aa4                USART1_IRQHandler
                0x0000000008003aa4                SPI3_IRQHandler
                0x0000000008003aa4                I2C1_ER_IRQHandler
                0x0000000008003aa4                USBWakeUp_IRQHandler
                0x0000000008003aa4                DMA2_Channel3_IRQHandler
 *fill*         0x0000000008003aa6        0x2 
 .text.__errno  0x0000000008003aa8        0xc /opt/gcc-arm-none-eabi/bin/../lib/gcc/arm-none-eabi/9.2.1/../../../../arm-none-eabi/lib/thumb/v7-m/nofp/libg_nano.a(lib_a-errno.o)
                0x0000000008003aa8                __errno
 .text.__libc_init_array
                0x0000000008003ab4       0x48 /opt/gcc-arm-none-eabi/bin/../lib/gcc/arm-none-eabi/9.2.1/../../../../arm-none-eabi/lib/thumb/v7-m/nofp/libg_nano.a(lib_a-init.o)
                0x0000000008003ab4                __libc_init_array
 .text.memcpy   0x0000000008003afc       0x1c /opt/gcc-arm-none-eabi/bin/../lib/gcc/arm-none-eabi/9.2.1/../../../../arm-none-eabi/lib/thumb/v7-m/nofp/libg_nano.a(lib_a-memcpy-stub.o)
                0x0000000008003afc                memcpy
 .text.memset   0x0000000008003b18       0x10 /opt/gcc-arm-none-eabi/bin/../lib/gcc/arm-none-eabi/9.2.1/../../../../arm-none-eabi/lib/thumb/v7-m/nofp/libg_nano.a(lib_a-memset.o)
                0x0000000008003b18                memset
 .text._free_r  0x0000000008003b28       0x98 /opt/gcc-arm-none-eabi/bin/../lib/gcc/arm-none-eabi/9.2.1/../../../../arm-none-eabi/lib/thumb/v7-m/nofp/libg_nano.a(lib_a-nano-freer.o)
                0x0000000008003b28                _free_r
 .text._malloc_r
                0x0000000008003bc0       0xb4 /opt/gcc-arm-none-eabi/bin/../lib/gcc/arm-none-eabi/9.2.1/../../../../arm-none-eabi/lib/thumb/v7-m/nofp/libg_nano.a(lib_a-nano-mallocr.o)
                0x0000000008003bc0                _malloc_r
 .text._sbrk_r  0x0000000008003c74       0x20 /opt/gcc-arm-none-eabi/bin/../lib/gcc/arm-none-eabi/9.2.1/../../../../arm-none-eabi/lib/thumb/v7-m/nofp/libg_nano.a(lib_a-sbrkr.o)
                0x0000000008003c74                _sbrk_r
 .text.sprintf  0x0000000008003c94       0x40 /opt/gcc-arm-none-eabi/bin/../lib/gcc/arm-none-eabi/9.2.1/../../../../arm-none-eabi/lib/thumb/v7-m/nofp/libg_nano.a(lib_a-sprintf.o)
                0x0000000008003c94                sprintf
                0x0000000008003c94                siprintf
 .text.strchr   0x0000000008003cd4       0x1a /opt/gcc-arm-none-eabi/bin/../lib/gcc/arm-none-eabi/9.2.1/../../../../arm-none-eabi/lib/thumb/v7-m/nofp/libg_nano.a(lib_a-strchr.o)
                0x0000000008003cd4                strchr
 .text.strstr   0x0000000008003cee       0x2e /opt/gcc-arm-none-eabi/bin/../lib/gcc/arm-none-eabi/9.2.1/../../../../arm-none-eabi/lib/thumb/v7-m/nofp/libg_nano.a(lib_a-strstr.o)
                0x0000000008003cee                strstr
 .text.__malloc_lock
                0x0000000008003d1c        0xc /opt/gcc-arm-none-eabi/bin/../lib/gcc/arm-none-eabi/9.2.1/../../../../arm-none-eabi/lib/thumb/v7-m/nofp/libg_nano.a(lib_a-mlock.o)
                0x0000000008003d1c                __malloc_lock
 .text.__malloc_unlock
                0x0000000008003d28        0xc /opt/gcc-arm-none-eabi/bin/../lib/gcc/arm-none-eabi/9.2.1/../../../../arm-none-eabi/lib/thumb/v7-m/nofp/libg_nano.a(lib_a-mlock.o)
                0x0000000008003d28                __malloc_unlock
 .text.__ssputs_r
                0x0000000008003d34       0xb6 /opt/gcc-arm-none-eabi/bin/../lib/gcc/arm-none-eabi/9.2.1/../../../../arm-none-eabi/lib/thumb/v7-m/nofp/libg_nano.a(lib_a-nano-svfprintf.o)
                0x0000000008003d34                __ssputs_r
 *fill*         0x0000000008003dea        0x2 
 .text._svfprintf_r
                0x0000000008003dec      0x200 /opt/gcc-arm-none-eabi/bin/../lib/gcc/arm-none-eabi/9.2.1/../../../../arm-none-eabi/lib/thumb/v7-m/nofp/libg_nano.a(lib_a-nano-svfprintf.o)
                0x0000000008003dec                _svfprintf_r
                0x0000000008003dec                _svfiprintf_r
 .text._printf_common
                0x0000000008003fec       0xde /opt/gcc-arm-none-eabi/bin/../lib/gcc/arm-none-eabi/9.2.1/../../../../arm-none-eabi/lib/thumb/v7-m/nofp/libg_nano.a(lib_a-nano-vfprintf_i.o)
                0x0000000008003fec                _printf_common
 *fill*         0x00000000080040ca        0x2 
 .text._printf_i
                0x00000000080040cc      0x24c /opt/gcc-arm-none-eabi/bin/../lib/gcc/arm-none-eabi/9.2.1/../../../../arm-none-eabi/lib/thumb/v7-m/nofp/libg_nano.a(lib_a-nano-vfprintf_i.o)
                0x00000000080040cc                _printf_i
 .text.__retarget_lock_acquire_recursive
                0x0000000008004318        0x2 /opt/gcc-arm-none-eabi/bin/../lib/gcc/arm-none-eabi/9.2.1/../../../../arm-none-eabi/lib/thumb/v7-m/nofp/libg_nano.a(lib_a-lock.o)
                0x0000000008004318                __retarget_lock_acquire_recursive
 .text.__retarget_lock_release_recursive
                0x000000000800431a        0x2 /opt/gcc-arm-none-eabi/bin/../lib/gcc/arm-none-eabi/9.2.1/../../../../arm-none-eabi/lib/thumb/v7-m/nofp/libg_nano.a(lib_a-lock.o)
                0x000000000800431a                __retarget_lock_release_recursive
 .text.memchr   0x000000000800431c       0x1c /opt/gcc-arm-none-eabi/bin/../lib/gcc/arm-none-eabi/9.2.1/../../../../arm-none-eabi/lib/thumb/v7-m/nofp/libg_nano.a(lib_a-memchr-stub.o)
                0x000000000800431c                memchr
 .text.memmove  0x0000000008004338       0x34 /opt/gcc-arm-none-eabi/bin/../lib/gcc/arm-none-eabi/9.2.1/../../../../arm-none-eabi/lib/thumb/v7-m/nofp/libg_nano.a(lib_a-memmove.o)
                0x0000000008004338                memmove
 .text._realloc_r
                0x000000000800436c       0x4c /opt/gcc-arm-none-eabi/bin/../lib/gcc/arm-none-eabi/9.2.1/../../../../arm-none-eabi/lib/thumb/v7-m/nofp/libg_nano.a(lib_a-nano-reallocr.o)
                0x000000000800436c                _realloc_r
 .text._malloc_usable_size_r
                0x00000000080043b8       0x10 /opt/gcc-arm-none-eabi/bin/../lib/gcc/arm-none-eabi/9.2.1/../../../../arm-none-eabi/lib/thumb/v7-m/nofp/libg_nano.a(lib_a-nano-msizer.o)
                0x00000000080043b8                _malloc_usable_size_r
 *(.glue_7)
 .glue_7        0x00000000080043c8        0x0 linker stubs
 *(.glue_7t)
 .glue_7t       0x00000000080043c8        0x0 linker stubs
 *(.eh_frame)
 .eh_frame      0x00000000080043c8        0x0 /opt/gcc-arm-none-eabi/bin/../lib/gcc/arm-none-eabi/9.2.1/thumb/v7-m/nofp/crtbegin.o
 *(.init)
 .init          0x00000000080043c8        0x4 /opt/gcc-arm-none-eabi/bin/../lib/gcc/arm-none-eabi/9.2.1/thumb/v7-m/nofp/crti.o
                0x00000000080043c8                _init
 .init          0x00000000080043cc        0x8 /opt/gcc-arm-none-eabi/bin/../lib/gcc/arm-none-eabi/9.2.1/thumb/v7-m/nofp/crtn.o
 *(.fini)
 .fini          0x00000000080043d4        0x4 /opt/gcc-arm-none-eabi/bin/../lib/gcc/arm-none-eabi/9.2.1/thumb/v7-m/nofp/crti.o
                0x00000000080043d4                _fini
 .fini          0x00000000080043d8        0x8 /opt/gcc-arm-none-eabi/bin/../lib/gcc/arm-none-eabi/9.2.1/thumb/v7-m/nofp/crtn.o
                0x00000000080043e0                . = ALIGN (0x4)
                0x00000000080043e0                _etext = .

.vfp11_veneer   0x00000000080043e0        0x0
 .vfp11_veneer  0x00000000080043e0        0x0 linker stubs

.v4_bx          0x00000000080043e0        0x0
 .v4_bx         0x00000000080043e0        0x0 linker stubs

.iplt           0x00000000080043e0        0x0
 .iplt          0x00000000080043e0        0x0 /opt/gcc-arm-none-eabi/bin/../lib/gcc/arm-none-eabi/9.2.1/thumb/v7-m/nofp/crtbegin.o

.rodata         0x00000000080043e0       0x90
                0x00000000080043e0                . = ALIGN (0x4)
 *(.rodata)
 .rodata        0x00000000080043e0       0x10 CMakeFiles/stm32_test.elf.dir/Drivers/STM32F1xx_HAL_Driver/Src/stm32f1xx_hal_rcc.c.obj
 .rodata        0x00000000080043f0        0xa CMakeFiles/stm32_test.elf.dir/Src/nbiot.c.obj
 *(.rodata*)
 *fill*         0x00000000080043fa        0x2 
 .rodata.coapIpPort
                0x00000000080043fc        0xf CMakeFiles/stm32_test.elf.dir/Src/nbiot.c.obj
                0x00000000080043fc                coapIpPort
 *fill*         0x000000000800440b        0x1 
 .rodata.__NB_FALSE
                0x000000000800440c        0x6 CMakeFiles/stm32_test.elf.dir/Src/nbiot.c.obj
                0x000000000800440c                __NB_FALSE
 *fill*         0x0000000008004412        0x2 
 .rodata.__NB_OK
                0x0000000008004414        0x3 CMakeFiles/stm32_test.elf.dir/Src/nbiot.c.obj
                0x0000000008004414                __NB_OK
 *fill*         0x0000000008004417        0x1 
 .rodata.__NB_AUTOCONNECT
                0x0000000008004418        0xc CMakeFiles/stm32_test.elf.dir/Src/nbiot.c.obj
                0x0000000008004418                __NB_AUTOCONNECT
 .rodata.AHBPrescTable
                0x0000000008004424       0x10 CMakeFiles/stm32_test.elf.dir/Src/system_stm32f1xx.c.obj
                0x0000000008004424                AHBPrescTable
 .rodata.APBPrescTable
                0x0000000008004434        0x8 CMakeFiles/stm32_test.elf.dir/Src/system_stm32f1xx.c.obj
                0x0000000008004434                APBPrescTable
 .rodata._svfprintf_r.str1.1
                0x000000000800443c       0x11 /opt/gcc-arm-none-eabi/bin/../lib/gcc/arm-none-eabi/9.2.1/../../../../arm-none-eabi/lib/thumb/v7-m/nofp/libg_nano.a(lib_a-nano-svfprintf.o)
 .rodata._printf_i.str1.1
                0x000000000800444d       0x22 /opt/gcc-arm-none-eabi/bin/../lib/gcc/arm-none-eabi/9.2.1/../../../../arm-none-eabi/lib/thumb/v7-m/nofp/libg_nano.a(lib_a-nano-vfprintf_i.o)
                0x0000000008004470                . = ALIGN (0x4)
 *fill*         0x000000000800446f        0x1 

.rel.dyn        0x0000000008004470        0x0
 .rel.iplt      0x0000000008004470        0x0 /opt/gcc-arm-none-eabi/bin/../lib/gcc/arm-none-eabi/9.2.1/thumb/v7-m/nofp/crtbegin.o

.ARM.extab
 *(.ARM.extab* .gnu.linkonce.armextab.*)

.ARM            0x0000000008004470        0x0
                0x0000000008004470                __exidx_start = .
 *(.ARM.exidx*)
                0x0000000008004470                __exidx_end = .

.preinit_array  0x0000000008004470        0x0
                0x0000000008004470                PROVIDE (__preinit_array_start = .)
 *(.preinit_array*)
                0x0000000008004470                PROVIDE (__preinit_array_end = .)

.init_array     0x0000000008004470        0x4
                0x0000000008004470                PROVIDE (__init_array_start = .)
 *(SORT_BY_NAME(.init_array.*))
 *(.init_array*)
 .init_array    0x0000000008004470        0x4 /opt/gcc-arm-none-eabi/bin/../lib/gcc/arm-none-eabi/9.2.1/thumb/v7-m/nofp/crtbegin.o
                0x0000000008004474                PROVIDE (__init_array_end = .)

.fini_array     0x0000000008004474        0x4
                [!provide]                        PROVIDE (__fini_array_start = .)
 *(SORT_BY_NAME(.fini_array.*))
 *(.fini_array*)
 .fini_array    0x0000000008004474        0x4 /opt/gcc-arm-none-eabi/bin/../lib/gcc/arm-none-eabi/9.2.1/thumb/v7-m/nofp/crtbegin.o
                [!provide]                        PROVIDE (__fini_array_end = .)
                0x0000000008004478                _sidata = LOADADDR (.data)

.data           0x0000000020000000       0xf0 load address 0x0000000008004478
                0x0000000020000000                . = ALIGN (0x4)
                0x0000000020000000                _sdata = .
 *(.data)
 *(.data*)
 .data.uwTickPrio
                0x0000000020000000        0x4 CMakeFiles/stm32_test.elf.dir/Drivers/STM32F1xx_HAL_Driver/Src/stm32f1xx_hal.c.obj
                0x0000000020000000                uwTickPrio
 .data.uwTickFreq
                0x0000000020000004        0x1 CMakeFiles/stm32_test.elf.dir/Drivers/STM32F1xx_HAL_Driver/Src/stm32f1xx_hal.c.obj
                0x0000000020000004                uwTickFreq
 *fill*         0x0000000020000005        0x3 
 .data.NB_AT    0x0000000020000008        0x5 CMakeFiles/stm32_test.elf.dir/Src/nbiot.c.obj
                0x0000000020000008                NB_AT
 *fill*         0x000000002000000d        0x3 
 .data.NB_ATCSQ
                0x0000000020000010        0x9 CMakeFiles/stm32_test.elf.dir/Src/nbiot.c.obj
                0x0000000020000010                NB_ATCSQ
 *fill*         0x0000000020000019        0x3 
 .data.NB_ATCFUN
                0x000000002000001c        0xd CMakeFiles/stm32_test.elf.dir/Src/nbiot.c.obj
                0x000000002000001c                NB_ATCFUN
 *fill*         0x0000000020000029        0x3 
 .data.NB_ATCONFIG
                0x000000002000002c       0x13 CMakeFiles/stm32_test.elf.dir/Src/nbiot.c.obj
                0x000000002000002c                NB_ATCONFIG
 *fill*         0x000000002000003f        0x1 
 .data.NB_ATNCDP
                0x0000000020000040        0xd CMakeFiles/stm32_test.elf.dir/Src/nbiot.c.obj
                0x0000000020000040                NB_ATNCDP
 *fill*         0x000000002000004d        0x3 
 .data.NB_REBOOT
                0x0000000020000050        0x9 CMakeFiles/stm32_test.elf.dir/Src/nbiot.c.obj
                0x0000000020000050                NB_REBOOT
 *fill*         0x0000000020000059        0x3 
 .data.InitProc
                0x000000002000005c       0x2c CMakeFiles/stm32_test.elf.dir/Src/nbiot.c.obj
                0x000000002000005c                InitProc
 .data.SystemCoreClock
                0x0000000020000088        0x4 CMakeFiles/stm32_test.elf.dir/Src/system_stm32f1xx.c.obj
                0x0000000020000088                SystemCoreClock
 .data._impure_ptr
                0x000000002000008c        0x4 /opt/gcc-arm-none-eabi/bin/../lib/gcc/arm-none-eabi/9.2.1/../../../../arm-none-eabi/lib/thumb/v7-m/nofp/libg_nano.a(lib_a-impure.o)
                0x000000002000008c                _impure_ptr
 .data.impure_data
                0x0000000020000090       0x60 /opt/gcc-arm-none-eabi/bin/../lib/gcc/arm-none-eabi/9.2.1/../../../../arm-none-eabi/lib/thumb/v7-m/nofp/libg_nano.a(lib_a-impure.o)
                0x00000000200000f0                . = ALIGN (0x4)
                0x00000000200000f0                _edata = .

.igot.plt       0x00000000200000f0        0x0 load address 0x0000000008004568
 .igot.plt      0x00000000200000f0        0x0 /opt/gcc-arm-none-eabi/bin/../lib/gcc/arm-none-eabi/9.2.1/thumb/v7-m/nofp/crtbegin.o
                0x00000000200000f0                . = ALIGN (0x4)

.bss            0x00000000200000f0      0x248 load address 0x0000000008004568
                0x00000000200000f0                _sbss = .
                0x00000000200000f0                __bss_start__ = _sbss
 *(.bss)
 .bss           0x00000000200000f0       0x1c /opt/gcc-arm-none-eabi/bin/../lib/gcc/arm-none-eabi/9.2.1/thumb/v7-m/nofp/crtbegin.o
 *(.bss*)
 .bss.uwTick    0x000000002000010c        0x4 CMakeFiles/stm32_test.elf.dir/Drivers/STM32F1xx_HAL_Driver/Src/stm32f1xx_hal.c.obj
                0x000000002000010c                uwTick
 .bss.htim3     0x0000000020000110       0x40 CMakeFiles/stm32_test.elf.dir/Src/main.c.obj
                0x0000000020000110                htim3
 .bss.huart1    0x0000000020000150       0x40 CMakeFiles/stm32_test.elf.dir/Src/main.c.obj
                0x0000000020000150                huart1
 .bss.huart2    0x0000000020000190       0x40 CMakeFiles/stm32_test.elf.dir/Src/main.c.obj
                0x0000000020000190                huart2
 .bss.hdma_usart2_rx
                0x00000000200001d0       0x44 CMakeFiles/stm32_test.elf.dir/Src/main.c.obj
                0x00000000200001d0                hdma_usart2_rx
 .bss.resouce_state
                0x0000000020000214        0x3 CMakeFiles/stm32_test.elf.dir/Src/main.c.obj
                0x0000000020000214                resouce_state
 *fill*         0x0000000020000217        0x1 
 .bss.heap_end.6018
                0x0000000020000218        0x4 CMakeFiles/stm32_test.elf.dir/Src/syscalls.c.obj
 .bss.UART2DATAREADY
                0x000000002000021c        0x1 CMakeFiles/stm32_test.elf.dir/Src/uart.c.obj
                0x000000002000021c                UART2DATAREADY
 *fill*         0x000000002000021d        0x3 
 .bss.UART2RXBUFFER
                0x0000000020000220       0xff CMakeFiles/stm32_test.elf.dir/Src/uart.c.obj
                0x0000000020000220                UART2RXBUFFER
 *fill*         0x000000002000031f        0x1 
 .bss.__malloc_free_list
                0x0000000020000320        0x4 /opt/gcc-arm-none-eabi/bin/../lib/gcc/arm-none-eabi/9.2.1/../../../../arm-none-eabi/lib/thumb/v7-m/nofp/libg_nano.a(lib_a-nano-mallocr.o)
                0x0000000020000320                __malloc_free_list
 .bss.__malloc_sbrk_start
                0x0000000020000324        0x4 /opt/gcc-arm-none-eabi/bin/../lib/gcc/arm-none-eabi/9.2.1/../../../../arm-none-eabi/lib/thumb/v7-m/nofp/libg_nano.a(lib_a-nano-mallocr.o)
                0x0000000020000324                __malloc_sbrk_start
 *(COMMON)
 COMMON         0x0000000020000328        0x4 /opt/gcc-arm-none-eabi/bin/../lib/gcc/arm-none-eabi/9.2.1/../../../../arm-none-eabi/lib/thumb/v7-m/nofp/libg_nano.a(lib_a-reent.o)
                0x0000000020000328                errno
 COMMON         0x000000002000032c        0x9 /opt/gcc-arm-none-eabi/bin/../lib/gcc/arm-none-eabi/9.2.1/../../../../arm-none-eabi/lib/thumb/v7-m/nofp/libg_nano.a(lib_a-lock.o)
                0x000000002000032c                __lock___atexit_recursive_mutex
                0x000000002000032d                __lock___arc4random_mutex
                0x000000002000032e                __lock___env_recursive_mutex
                0x000000002000032f                __lock___sinit_recursive_mutex
                0x0000000020000330                __lock___malloc_recursive_mutex
                0x0000000020000331                __lock___at_quick_exit_mutex
                0x0000000020000332                __lock___dd_hash_mutex
                0x0000000020000333                __lock___tz_mutex
                0x0000000020000334                __lock___sfp_recursive_mutex
                0x0000000020000338                . = ALIGN (0x4)
 *fill*         0x0000000020000335        0x3 
                0x0000000020000338                _ebss = .
                0x0000000020000338                __bss_end__ = _ebss

._user_heap_stack
                0x0000000020000338      0x600 load address 0x0000000008004568
                0x0000000020000338                . = ALIGN (0x8)
                0x0000000020000338                PROVIDE (end = .)
                [!provide]                        PROVIDE (_end = .)
                0x0000000020000538                . = (. + _Min_Heap_Size)
 *fill*         0x0000000020000338      0x200 
                0x0000000020000938                . = (. + _Min_Stack_Size)
 *fill*         0x0000000020000538      0x400 
                0x0000000020000938                . = ALIGN (0x8)

/DISCARD/
 libc.a(*)
 libm.a(*)
 libgcc.a(*)

.ARM.attributes
                0x0000000000000000       0x29
 *(.ARM.attributes)
 .ARM.attributes
                0x0000000000000000       0x1d /opt/gcc-arm-none-eabi/bin/../lib/gcc/arm-none-eabi/9.2.1/thumb/v7-m/nofp/crti.o
 .ARM.attributes
                0x000000000000001d       0x2d /opt/gcc-arm-none-eabi/bin/../lib/gcc/arm-none-eabi/9.2.1/thumb/v7-m/nofp/crtbegin.o
 .ARM.attributes
                0x000000000000004a       0x2d CMakeFiles/stm32_test.elf.dir/Drivers/STM32F1xx_HAL_Driver/Src/stm32f1xx_hal.c.obj
 .ARM.attributes
                0x0000000000000077       0x2d CMakeFiles/stm32_test.elf.dir/Drivers/STM32F1xx_HAL_Driver/Src/stm32f1xx_hal_cortex.c.obj
 .ARM.attributes
                0x00000000000000a4       0x2d CMakeFiles/stm32_test.elf.dir/Drivers/STM32F1xx_HAL_Driver/Src/stm32f1xx_hal_dma.c.obj
 .ARM.attributes
                0x00000000000000d1       0x2d CMakeFiles/stm32_test.elf.dir/Drivers/STM32F1xx_HAL_Driver/Src/stm32f1xx_hal_gpio.c.obj
 .ARM.attributes
                0x00000000000000fe       0x2d CMakeFiles/stm32_test.elf.dir/Drivers/STM32F1xx_HAL_Driver/Src/stm32f1xx_hal_rcc.c.obj
 .ARM.attributes
                0x000000000000012b       0x2d CMakeFiles/stm32_test.elf.dir/Drivers/STM32F1xx_HAL_Driver/Src/stm32f1xx_hal_tim.c.obj
 .ARM.attributes
                0x0000000000000158       0x2d CMakeFiles/stm32_test.elf.dir/Drivers/STM32F1xx_HAL_Driver/Src/stm32f1xx_hal_tim_ex.c.obj
 .ARM.attributes
                0x0000000000000185       0x2d CMakeFiles/stm32_test.elf.dir/Drivers/STM32F1xx_HAL_Driver/Src/stm32f1xx_hal_uart.c.obj
 .ARM.attributes
                0x00000000000001b2       0x2d CMakeFiles/stm32_test.elf.dir/Src/beep.c.obj
 .ARM.attributes
                0x00000000000001df       0x2d CMakeFiles/stm32_test.elf.dir/Src/led.c.obj
 .ARM.attributes
                0x000000000000020c       0x2d CMakeFiles/stm32_test.elf.dir/Src/main.c.obj
 .ARM.attributes
                0x0000000000000239       0x2d CMakeFiles/stm32_test.elf.dir/Src/nbiot.c.obj
 .ARM.attributes
                0x0000000000000266       0x2d CMakeFiles/stm32_test.elf.dir/Src/stm32f1xx_hal_msp.c.obj
 .ARM.attributes
                0x0000000000000293       0x2d CMakeFiles/stm32_test.elf.dir/Src/stm32f1xx_it.c.obj
 .ARM.attributes
                0x00000000000002c0       0x2d CMakeFiles/stm32_test.elf.dir/Src/syscalls.c.obj
 .ARM.attributes
                0x00000000000002ed       0x2d CMakeFiles/stm32_test.elf.dir/Src/system_stm32f1xx.c.obj
 .ARM.attributes
                0x000000000000031a       0x2d CMakeFiles/stm32_test.elf.dir/Src/uart.c.obj
 .ARM.attributes
                0x0000000000000347       0x21 CMakeFiles/stm32_test.elf.dir/startup/startup_stm32f103xe.s.obj
 .ARM.attributes
                0x0000000000000368       0x2d /opt/gcc-arm-none-eabi/bin/../lib/gcc/arm-none-eabi/9.2.1/../../../../arm-none-eabi/lib/thumb/v7-m/nofp/libg_nano.a(lib_a-errno.o)
 .ARM.attributes
                0x0000000000000395       0x2d /opt/gcc-arm-none-eabi/bin/../lib/gcc/arm-none-eabi/9.2.1/../../../../arm-none-eabi/lib/thumb/v7-m/nofp/libg_nano.a(lib_a-impure.o)
 .ARM.attributes
                0x00000000000003c2       0x2d /opt/gcc-arm-none-eabi/bin/../lib/gcc/arm-none-eabi/9.2.1/../../../../arm-none-eabi/lib/thumb/v7-m/nofp/libg_nano.a(lib_a-init.o)
 .ARM.attributes
                0x00000000000003ef       0x2d /opt/gcc-arm-none-eabi/bin/../lib/gcc/arm-none-eabi/9.2.1/../../../../arm-none-eabi/lib/thumb/v7-m/nofp/libg_nano.a(lib_a-memcpy-stub.o)
 .ARM.attributes
                0x000000000000041c       0x2d /opt/gcc-arm-none-eabi/bin/../lib/gcc/arm-none-eabi/9.2.1/../../../../arm-none-eabi/lib/thumb/v7-m/nofp/libg_nano.a(lib_a-memset.o)
 .ARM.attributes
                0x0000000000000449       0x2d /opt/gcc-arm-none-eabi/bin/../lib/gcc/arm-none-eabi/9.2.1/../../../../arm-none-eabi/lib/thumb/v7-m/nofp/libg_nano.a(lib_a-nano-freer.o)
 .ARM.attributes
                0x0000000000000476       0x2d /opt/gcc-arm-none-eabi/bin/../lib/gcc/arm-none-eabi/9.2.1/../../../../arm-none-eabi/lib/thumb/v7-m/nofp/libg_nano.a(lib_a-nano-mallocr.o)
 .ARM.attributes
                0x00000000000004a3       0x2d /opt/gcc-arm-none-eabi/bin/../lib/gcc/arm-none-eabi/9.2.1/../../../../arm-none-eabi/lib/thumb/v7-m/nofp/libg_nano.a(lib_a-sbrkr.o)
 .ARM.attributes
                0x00000000000004d0       0x2d /opt/gcc-arm-none-eabi/bin/../lib/gcc/arm-none-eabi/9.2.1/../../../../arm-none-eabi/lib/thumb/v7-m/nofp/libg_nano.a(lib_a-sprintf.o)
 .ARM.attributes
                0x00000000000004fd       0x2d /opt/gcc-arm-none-eabi/bin/../lib/gcc/arm-none-eabi/9.2.1/../../../../arm-none-eabi/lib/thumb/v7-m/nofp/libg_nano.a(lib_a-strchr.o)
 .ARM.attributes
                0x000000000000052a       0x17 /opt/gcc-arm-none-eabi/bin/../lib/gcc/arm-none-eabi/9.2.1/../../../../arm-none-eabi/lib/thumb/v7-m/nofp/libg_nano.a(lib_a-strlen.o)
 .ARM.attributes
                0x0000000000000541       0x2d /opt/gcc-arm-none-eabi/bin/../lib/gcc/arm-none-eabi/9.2.1/../../../../arm-none-eabi/lib/thumb/v7-m/nofp/libg_nano.a(lib_a-strstr.o)
 .ARM.attributes
                0x000000000000056e       0x2d /opt/gcc-arm-none-eabi/bin/../lib/gcc/arm-none-eabi/9.2.1/../../../../arm-none-eabi/lib/thumb/v7-m/nofp/libg_nano.a(lib_a-mlock.o)
 .ARM.attributes
                0x000000000000059b       0x2d /opt/gcc-arm-none-eabi/bin/../lib/gcc/arm-none-eabi/9.2.1/../../../../arm-none-eabi/lib/thumb/v7-m/nofp/libg_nano.a(lib_a-nano-svfprintf.o)
 .ARM.attributes
                0x00000000000005c8       0x2d /opt/gcc-arm-none-eabi/bin/../lib/gcc/arm-none-eabi/9.2.1/../../../../arm-none-eabi/lib/thumb/v7-m/nofp/libg_nano.a(lib_a-nano-vfprintf_i.o)
 .ARM.attributes
                0x00000000000005f5       0x2d /opt/gcc-arm-none-eabi/bin/../lib/gcc/arm-none-eabi/9.2.1/../../../../arm-none-eabi/lib/thumb/v7-m/nofp/libg_nano.a(lib_a-reent.o)
 .ARM.attributes
                0x0000000000000622       0x2d /opt/gcc-arm-none-eabi/bin/../lib/gcc/arm-none-eabi/9.2.1/../../../../arm-none-eabi/lib/thumb/v7-m/nofp/libg_nano.a(lib_a-lock.o)
 .ARM.attributes
                0x000000000000064f       0x2d /opt/gcc-arm-none-eabi/bin/../lib/gcc/arm-none-eabi/9.2.1/../../../../arm-none-eabi/lib/thumb/v7-m/nofp/libg_nano.a(lib_a-memchr-stub.o)
 .ARM.attributes
                0x000000000000067c       0x2d /opt/gcc-arm-none-eabi/bin/../lib/gcc/arm-none-eabi/9.2.1/../../../../arm-none-eabi/lib/thumb/v7-m/nofp/libg_nano.a(lib_a-memmove.o)
 .ARM.attributes
                0x00000000000006a9       0x2d /opt/gcc-arm-none-eabi/bin/../lib/gcc/arm-none-eabi/9.2.1/../../../../arm-none-eabi/lib/thumb/v7-m/nofp/libg_nano.a(lib_a-nano-reallocr.o)
 .ARM.attributes
                0x00000000000006d6       0x2d /opt/gcc-arm-none-eabi/bin/../lib/gcc/arm-none-eabi/9.2.1/../../../../arm-none-eabi/lib/thumb/v7-m/nofp/libg_nano.a(lib_a-nano-msizer.o)
 .ARM.attributes
                0x0000000000000703       0x1d /opt/gcc-arm-none-eabi/bin/../lib/gcc/arm-none-eabi/9.2.1/thumb/v7-m/nofp/crtn.o
OUTPUT(stm32_test.elf elf32-littlearm)

.debug_info     0x0000000000000000    0x10653
 .debug_info    0x0000000000000000      0x7ad CMakeFiles/stm32_test.elf.dir/Drivers/STM32F1xx_HAL_Driver/Src/stm32f1xx_hal.c.obj
 .debug_info    0x00000000000007ad      0xc2b CMakeFiles/stm32_test.elf.dir/Drivers/STM32F1xx_HAL_Driver/Src/stm32f1xx_hal_cortex.c.obj
 .debug_info    0x00000000000013d8      0x807 CMakeFiles/stm32_test.elf.dir/Drivers/STM32F1xx_HAL_Driver/Src/stm32f1xx_hal_dma.c.obj
 .debug_info    0x0000000000001bdf      0x6da CMakeFiles/stm32_test.elf.dir/Drivers/STM32F1xx_HAL_Driver/Src/stm32f1xx_hal_gpio.c.obj
 .debug_info    0x00000000000022b9      0x877 CMakeFiles/stm32_test.elf.dir/Drivers/STM32F1xx_HAL_Driver/Src/stm32f1xx_hal_rcc.c.obj
 .debug_info    0x0000000000002b30     0x2669 CMakeFiles/stm32_test.elf.dir/Drivers/STM32F1xx_HAL_Driver/Src/stm32f1xx_hal_tim.c.obj
 .debug_info    0x0000000000005199     0x11fb CMakeFiles/stm32_test.elf.dir/Drivers/STM32F1xx_HAL_Driver/Src/stm32f1xx_hal_tim_ex.c.obj
 .debug_info    0x0000000000006394     0x12db CMakeFiles/stm32_test.elf.dir/Drivers/STM32F1xx_HAL_Driver/Src/stm32f1xx_hal_uart.c.obj
 .debug_info    0x000000000000766f      0xae6 CMakeFiles/stm32_test.elf.dir/Src/beep.c.obj
 .debug_info    0x0000000000008155      0xb0c CMakeFiles/stm32_test.elf.dir/Src/led.c.obj
 .debug_info    0x0000000000008c61     0x1825 CMakeFiles/stm32_test.elf.dir/Src/main.c.obj
 .debug_info    0x000000000000a486     0x1543 CMakeFiles/stm32_test.elf.dir/Src/nbiot.c.obj
 .debug_info    0x000000000000b9c9     0x1670 CMakeFiles/stm32_test.elf.dir/Src/stm32f1xx_hal_msp.c.obj
 .debug_info    0x000000000000d039     0x1210 CMakeFiles/stm32_test.elf.dir/Src/stm32f1xx_it.c.obj
 .debug_info    0x000000000000e249     0x100f CMakeFiles/stm32_test.elf.dir/Src/syscalls.c.obj
 .debug_info    0x000000000000f258      0x462 CMakeFiles/stm32_test.elf.dir/Src/system_stm32f1xx.c.obj
 .debug_info    0x000000000000f6ba      0xf77 CMakeFiles/stm32_test.elf.dir/Src/uart.c.obj
 .debug_info    0x0000000000010631       0x22 CMakeFiles/stm32_test.elf.dir/startup/startup_stm32f103xe.s.obj

.debug_abbrev   0x0000000000000000     0x2647
 .debug_abbrev  0x0000000000000000      0x1fd CMakeFiles/stm32_test.elf.dir/Drivers/STM32F1xx_HAL_Driver/Src/stm32f1xx_hal.c.obj
 .debug_abbrev  0x00000000000001fd      0x310 CMakeFiles/stm32_test.elf.dir/Drivers/STM32F1xx_HAL_Driver/Src/stm32f1xx_hal_cortex.c.obj
 .debug_abbrev  0x000000000000050d      0x225 CMakeFiles/stm32_test.elf.dir/Drivers/STM32F1xx_HAL_Driver/Src/stm32f1xx_hal_dma.c.obj
 .debug_abbrev  0x0000000000000732      0x1e5 CMakeFiles/stm32_test.elf.dir/Drivers/STM32F1xx_HAL_Driver/Src/stm32f1xx_hal_gpio.c.obj
 .debug_abbrev  0x0000000000000917      0x270 CMakeFiles/stm32_test.elf.dir/Drivers/STM32F1xx_HAL_Driver/Src/stm32f1xx_hal_rcc.c.obj
 .debug_abbrev  0x0000000000000b87      0x25b CMakeFiles/stm32_test.elf.dir/Drivers/STM32F1xx_HAL_Driver/Src/stm32f1xx_hal_tim.c.obj
 .debug_abbrev  0x0000000000000de2      0x249 CMakeFiles/stm32_test.elf.dir/Drivers/STM32F1xx_HAL_Driver/Src/stm32f1xx_hal_tim_ex.c.obj
 .debug_abbrev  0x000000000000102b      0x26d CMakeFiles/stm32_test.elf.dir/Drivers/STM32F1xx_HAL_Driver/Src/stm32f1xx_hal_uart.c.obj
 .debug_abbrev  0x0000000000001298      0x1d4 CMakeFiles/stm32_test.elf.dir/Src/beep.c.obj
 .debug_abbrev  0x000000000000146c      0x1f0 CMakeFiles/stm32_test.elf.dir/Src/led.c.obj
 .debug_abbrev  0x000000000000165c      0x2d5 CMakeFiles/stm32_test.elf.dir/Src/main.c.obj
 .debug_abbrev  0x0000000000001931      0x2c9 CMakeFiles/stm32_test.elf.dir/Src/nbiot.c.obj
 .debug_abbrev  0x0000000000001bfa      0x231 CMakeFiles/stm32_test.elf.dir/Src/stm32f1xx_hal_msp.c.obj
 .debug_abbrev  0x0000000000001e2b      0x1f0 CMakeFiles/stm32_test.elf.dir/Src/stm32f1xx_it.c.obj
 .debug_abbrev  0x000000000000201b      0x2a9 CMakeFiles/stm32_test.elf.dir/Src/syscalls.c.obj
 .debug_abbrev  0x00000000000022c4      0x14b CMakeFiles/stm32_test.elf.dir/Src/system_stm32f1xx.c.obj
 .debug_abbrev  0x000000000000240f      0x226 CMakeFiles/stm32_test.elf.dir/Src/uart.c.obj
 .debug_abbrev  0x0000000000002635       0x12 CMakeFiles/stm32_test.elf.dir/startup/startup_stm32f103xe.s.obj

.debug_aranges  0x0000000000000000      0xd38
 .debug_aranges
                0x0000000000000000       0xe0 CMakeFiles/stm32_test.elf.dir/Drivers/STM32F1xx_HAL_Driver/Src/stm32f1xx_hal.c.obj
 .debug_aranges
                0x00000000000000e0      0x100 CMakeFiles/stm32_test.elf.dir/Drivers/STM32F1xx_HAL_Driver/Src/stm32f1xx_hal_cortex.c.obj
 .debug_aranges
                0x00000000000001e0       0x80 CMakeFiles/stm32_test.elf.dir/Drivers/STM32F1xx_HAL_Driver/Src/stm32f1xx_hal_dma.c.obj
 .debug_aranges
                0x0000000000000260       0x58 CMakeFiles/stm32_test.elf.dir/Drivers/STM32F1xx_HAL_Driver/Src/stm32f1xx_hal_gpio.c.obj
 .debug_aranges
                0x00000000000002b8       0x90 CMakeFiles/stm32_test.elf.dir/Drivers/STM32F1xx_HAL_Driver/Src/stm32f1xx_hal_rcc.c.obj
 .debug_aranges
                0x0000000000000348      0x3a8 CMakeFiles/stm32_test.elf.dir/Drivers/STM32F1xx_HAL_Driver/Src/stm32f1xx_hal_tim.c.obj
 .debug_aranges
                0x00000000000006f0      0x150 CMakeFiles/stm32_test.elf.dir/Drivers/STM32F1xx_HAL_Driver/Src/stm32f1xx_hal_tim_ex.c.obj
 .debug_aranges
                0x0000000000000840      0x1d0 CMakeFiles/stm32_test.elf.dir/Drivers/STM32F1xx_HAL_Driver/Src/stm32f1xx_hal_uart.c.obj
 .debug_aranges
                0x0000000000000a10       0x20 CMakeFiles/stm32_test.elf.dir/Src/beep.c.obj
 .debug_aranges
                0x0000000000000a30       0x28 CMakeFiles/stm32_test.elf.dir/Src/led.c.obj
 .debug_aranges
                0x0000000000000a58       0x68 CMakeFiles/stm32_test.elf.dir/Src/main.c.obj
 .debug_aranges
                0x0000000000000ac0       0x90 CMakeFiles/stm32_test.elf.dir/Src/nbiot.c.obj
 .debug_aranges
                0x0000000000000b50       0x40 CMakeFiles/stm32_test.elf.dir/Src/stm32f1xx_hal_msp.c.obj
 .debug_aranges
                0x0000000000000b90       0x78 CMakeFiles/stm32_test.elf.dir/Src/stm32f1xx_it.c.obj
 .debug_aranges
                0x0000000000000c08       0xb0 CMakeFiles/stm32_test.elf.dir/Src/syscalls.c.obj
 .debug_aranges
                0x0000000000000cb8       0x28 CMakeFiles/stm32_test.elf.dir/Src/system_stm32f1xx.c.obj
 .debug_aranges
                0x0000000000000ce0       0x30 CMakeFiles/stm32_test.elf.dir/Src/uart.c.obj
 .debug_aranges
                0x0000000000000d10       0x28 CMakeFiles/stm32_test.elf.dir/startup/startup_stm32f103xe.s.obj

.debug_ranges   0x0000000000000000      0xc20
 .debug_ranges  0x0000000000000000       0xd0 CMakeFiles/stm32_test.elf.dir/Drivers/STM32F1xx_HAL_Driver/Src/stm32f1xx_hal.c.obj
 .debug_ranges  0x00000000000000d0       0xf0 CMakeFiles/stm32_test.elf.dir/Drivers/STM32F1xx_HAL_Driver/Src/stm32f1xx_hal_cortex.c.obj
 .debug_ranges  0x00000000000001c0       0x70 CMakeFiles/stm32_test.elf.dir/Drivers/STM32F1xx_HAL_Driver/Src/stm32f1xx_hal_dma.c.obj
 .debug_ranges  0x0000000000000230       0x48 CMakeFiles/stm32_test.elf.dir/Drivers/STM32F1xx_HAL_Driver/Src/stm32f1xx_hal_gpio.c.obj
 .debug_ranges  0x0000000000000278       0x80 CMakeFiles/stm32_test.elf.dir/Drivers/STM32F1xx_HAL_Driver/Src/stm32f1xx_hal_rcc.c.obj
 .debug_ranges  0x00000000000002f8      0x398 CMakeFiles/stm32_test.elf.dir/Drivers/STM32F1xx_HAL_Driver/Src/stm32f1xx_hal_tim.c.obj
 .debug_ranges  0x0000000000000690      0x140 CMakeFiles/stm32_test.elf.dir/Drivers/STM32F1xx_HAL_Driver/Src/stm32f1xx_hal_tim_ex.c.obj
 .debug_ranges  0x00000000000007d0      0x1c0 CMakeFiles/stm32_test.elf.dir/Drivers/STM32F1xx_HAL_Driver/Src/stm32f1xx_hal_uart.c.obj
 .debug_ranges  0x0000000000000990       0x10 CMakeFiles/stm32_test.elf.dir/Src/beep.c.obj
 .debug_ranges  0x00000000000009a0       0x18 CMakeFiles/stm32_test.elf.dir/Src/led.c.obj
 .debug_ranges  0x00000000000009b8       0x58 CMakeFiles/stm32_test.elf.dir/Src/main.c.obj
 .debug_ranges  0x0000000000000a10       0x80 CMakeFiles/stm32_test.elf.dir/Src/nbiot.c.obj
 .debug_ranges  0x0000000000000a90       0x30 CMakeFiles/stm32_test.elf.dir/Src/stm32f1xx_hal_msp.c.obj
 .debug_ranges  0x0000000000000ac0       0x68 CMakeFiles/stm32_test.elf.dir/Src/stm32f1xx_it.c.obj
 .debug_ranges  0x0000000000000b28       0xa0 CMakeFiles/stm32_test.elf.dir/Src/syscalls.c.obj
 .debug_ranges  0x0000000000000bc8       0x18 CMakeFiles/stm32_test.elf.dir/Src/system_stm32f1xx.c.obj
 .debug_ranges  0x0000000000000be0       0x20 CMakeFiles/stm32_test.elf.dir/Src/uart.c.obj
 .debug_ranges  0x0000000000000c00       0x20 CMakeFiles/stm32_test.elf.dir/startup/startup_stm32f103xe.s.obj

.debug_line     0x0000000000000000     0x9367
 .debug_line    0x0000000000000000      0x500 CMakeFiles/stm32_test.elf.dir/Drivers/STM32F1xx_HAL_Driver/Src/stm32f1xx_hal.c.obj
 .debug_line    0x0000000000000500      0x6e6 CMakeFiles/stm32_test.elf.dir/Drivers/STM32F1xx_HAL_Driver/Src/stm32f1xx_hal_cortex.c.obj
 .debug_line    0x0000000000000be6      0xe56 CMakeFiles/stm32_test.elf.dir/Drivers/STM32F1xx_HAL_Driver/Src/stm32f1xx_hal_dma.c.obj
 .debug_line    0x0000000000001a3c      0x5e0 CMakeFiles/stm32_test.elf.dir/Drivers/STM32F1xx_HAL_Driver/Src/stm32f1xx_hal_gpio.c.obj
 .debug_line    0x000000000000201c      0x96c CMakeFiles/stm32_test.elf.dir/Drivers/STM32F1xx_HAL_Driver/Src/stm32f1xx_hal_rcc.c.obj
 .debug_line    0x0000000000002988     0x2533 CMakeFiles/stm32_test.elf.dir/Drivers/STM32F1xx_HAL_Driver/Src/stm32f1xx_hal_tim.c.obj
 .debug_line    0x0000000000004ebb      0xd56 CMakeFiles/stm32_test.elf.dir/Drivers/STM32F1xx_HAL_Driver/Src/stm32f1xx_hal_tim_ex.c.obj
 .debug_line    0x0000000000005c11     0x1328 CMakeFiles/stm32_test.elf.dir/Drivers/STM32F1xx_HAL_Driver/Src/stm32f1xx_hal_uart.c.obj
 .debug_line    0x0000000000006f39      0x2ea CMakeFiles/stm32_test.elf.dir/Src/beep.c.obj
 .debug_line    0x0000000000007223      0x2ff CMakeFiles/stm32_test.elf.dir/Src/led.c.obj
 .debug_line    0x0000000000007522      0x52b CMakeFiles/stm32_test.elf.dir/Src/main.c.obj
 .debug_line    0x0000000000007a4d      0x5b3 CMakeFiles/stm32_test.elf.dir/Src/nbiot.c.obj
 .debug_line    0x0000000000008000      0x436 CMakeFiles/stm32_test.elf.dir/Src/stm32f1xx_hal_msp.c.obj
 .debug_line    0x0000000000008436      0x426 CMakeFiles/stm32_test.elf.dir/Src/stm32f1xx_it.c.obj
 .debug_line    0x000000000000885c      0x41e CMakeFiles/stm32_test.elf.dir/Src/syscalls.c.obj
 .debug_line    0x0000000000008c7a      0x2e9 CMakeFiles/stm32_test.elf.dir/Src/system_stm32f1xx.c.obj
 .debug_line    0x0000000000008f63      0x35d CMakeFiles/stm32_test.elf.dir/Src/uart.c.obj
 .debug_line    0x00000000000092c0       0xa7 CMakeFiles/stm32_test.elf.dir/startup/startup_stm32f103xe.s.obj

.debug_str      0x0000000000000000     0x3f41
 .debug_str     0x0000000000000000      0x8fe CMakeFiles/stm32_test.elf.dir/Drivers/STM32F1xx_HAL_Driver/Src/stm32f1xx_hal.c.obj
                                        0x967 (size before relaxing)
 .debug_str     0x00000000000008fe      0x434 CMakeFiles/stm32_test.elf.dir/Drivers/STM32F1xx_HAL_Driver/Src/stm32f1xx_hal_cortex.c.obj
                                        0xace (size before relaxing)
 .debug_str     0x0000000000000d32      0x41a CMakeFiles/stm32_test.elf.dir/Drivers/STM32F1xx_HAL_Driver/Src/stm32f1xx_hal_dma.c.obj
                                        0x72c (size before relaxing)
 .debug_str     0x000000000000114c      0x1f4 CMakeFiles/stm32_test.elf.dir/Drivers/STM32F1xx_HAL_Driver/Src/stm32f1xx_hal_gpio.c.obj
                                        0x53b (size before relaxing)
 .debug_str     0x0000000000001340      0x354 CMakeFiles/stm32_test.elf.dir/Drivers/STM32F1xx_HAL_Driver/Src/stm32f1xx_hal_rcc.c.obj
                                        0x6f6 (size before relaxing)
 .debug_str     0x0000000000001694      0xfef CMakeFiles/stm32_test.elf.dir/Drivers/STM32F1xx_HAL_Driver/Src/stm32f1xx_hal_tim.c.obj
                                       0x1519 (size before relaxing)
 .debug_str     0x0000000000002683      0x5a3 CMakeFiles/stm32_test.elf.dir/Drivers/STM32F1xx_HAL_Driver/Src/stm32f1xx_hal_tim_ex.c.obj
                                        0xd19 (size before relaxing)
 .debug_str     0x0000000000002c26      0x707 CMakeFiles/stm32_test.elf.dir/Drivers/STM32F1xx_HAL_Driver/Src/stm32f1xx_hal_uart.c.obj
                                        0xc3d (size before relaxing)
 .debug_str     0x000000000000332d      0x409 CMakeFiles/stm32_test.elf.dir/Src/beep.c.obj
                                        0x745 (size before relaxing)
 .debug_str     0x0000000000003736       0x47 CMakeFiles/stm32_test.elf.dir/Src/led.c.obj
                                        0x74c (size before relaxing)
 .debug_str     0x000000000000377d      0x108 CMakeFiles/stm32_test.elf.dir/Src/main.c.obj
                                       0x1386 (size before relaxing)
 .debug_str     0x0000000000003885      0x1e1 CMakeFiles/stm32_test.elf.dir/Src/nbiot.c.obj
                                        0xc55 (size before relaxing)
 .debug_str     0x0000000000003a66       0x4f CMakeFiles/stm32_test.elf.dir/Src/stm32f1xx_hal_msp.c.obj
                                       0x1184 (size before relaxing)
 .debug_str     0x0000000000003ab5      0x10b CMakeFiles/stm32_test.elf.dir/Src/stm32f1xx_it.c.obj
                                        0xd55 (size before relaxing)
 .debug_str     0x0000000000003bc0      0x264 CMakeFiles/stm32_test.elf.dir/Src/syscalls.c.obj
                                        0x8a1 (size before relaxing)
 .debug_str     0x0000000000003e24       0x77 CMakeFiles/stm32_test.elf.dir/Src/system_stm32f1xx.c.obj
                                        0x3aa (size before relaxing)
 .debug_str     0x0000000000003e9b       0x4d CMakeFiles/stm32_test.elf.dir/Src/uart.c.obj
                                        0xb1d (size before relaxing)
 .debug_str     0x0000000000003ee8       0x59 CMakeFiles/stm32_test.elf.dir/startup/startup_stm32f103xe.s.obj
                                         0x98 (size before relaxing)

.comment        0x0000000000000000       0x79
 .comment       0x0000000000000000       0x79 CMakeFiles/stm32_test.elf.dir/Drivers/STM32F1xx_HAL_Driver/Src/stm32f1xx_hal.c.obj
                                         0x7a (size before relaxing)
 .comment       0x0000000000000079       0x7a CMakeFiles/stm32_test.elf.dir/Drivers/STM32F1xx_HAL_Driver/Src/stm32f1xx_hal_cortex.c.obj
 .comment       0x0000000000000079       0x7a CMakeFiles/stm32_test.elf.dir/Drivers/STM32F1xx_HAL_Driver/Src/stm32f1xx_hal_dma.c.obj
 .comment       0x0000000000000079       0x7a CMakeFiles/stm32_test.elf.dir/Drivers/STM32F1xx_HAL_Driver/Src/stm32f1xx_hal_gpio.c.obj
 .comment       0x0000000000000079       0x7a CMakeFiles/stm32_test.elf.dir/Drivers/STM32F1xx_HAL_Driver/Src/stm32f1xx_hal_rcc.c.obj
 .comment       0x0000000000000079       0x7a CMakeFiles/stm32_test.elf.dir/Drivers/STM32F1xx_HAL_Driver/Src/stm32f1xx_hal_tim.c.obj
 .comment       0x0000000000000079       0x7a CMakeFiles/stm32_test.elf.dir/Drivers/STM32F1xx_HAL_Driver/Src/stm32f1xx_hal_tim_ex.c.obj
 .comment       0x0000000000000079       0x7a CMakeFiles/stm32_test.elf.dir/Drivers/STM32F1xx_HAL_Driver/Src/stm32f1xx_hal_uart.c.obj
 .comment       0x0000000000000079       0x7a CMakeFiles/stm32_test.elf.dir/Src/beep.c.obj
 .comment       0x0000000000000079       0x7a CMakeFiles/stm32_test.elf.dir/Src/led.c.obj
 .comment       0x0000000000000079       0x7a CMakeFiles/stm32_test.elf.dir/Src/main.c.obj
 .comment       0x0000000000000079       0x7a CMakeFiles/stm32_test.elf.dir/Src/nbiot.c.obj
 .comment       0x0000000000000079       0x7a CMakeFiles/stm32_test.elf.dir/Src/stm32f1xx_hal_msp.c.obj
 .comment       0x0000000000000079       0x7a CMakeFiles/stm32_test.elf.dir/Src/stm32f1xx_it.c.obj
 .comment       0x0000000000000079       0x7a CMakeFiles/stm32_test.elf.dir/Src/syscalls.c.obj
 .comment       0x0000000000000079       0x7a CMakeFiles/stm32_test.elf.dir/Src/system_stm32f1xx.c.obj
 .comment       0x0000000000000079       0x7a CMakeFiles/stm32_test.elf.dir/Src/uart.c.obj

.debug_frame    0x0000000000000000     0x3a50
 .debug_frame   0x0000000000000000      0x334 CMakeFiles/stm32_test.elf.dir/Drivers/STM32F1xx_HAL_Driver/Src/stm32f1xx_hal.c.obj
 .debug_frame   0x0000000000000334      0x428 CMakeFiles/stm32_test.elf.dir/Drivers/STM32F1xx_HAL_Driver/Src/stm32f1xx_hal_cortex.c.obj
 .debug_frame   0x000000000000075c      0x20c CMakeFiles/stm32_test.elf.dir/Drivers/STM32F1xx_HAL_Driver/Src/stm32f1xx_hal_dma.c.obj
 .debug_frame   0x0000000000000968      0x14c CMakeFiles/stm32_test.elf.dir/Drivers/STM32F1xx_HAL_Driver/Src/stm32f1xx_hal_gpio.c.obj
 .debug_frame   0x0000000000000ab4      0x21c CMakeFiles/stm32_test.elf.dir/Drivers/STM32F1xx_HAL_Driver/Src/stm32f1xx_hal_rcc.c.obj
 .debug_frame   0x0000000000000cd0     0x10f0 CMakeFiles/stm32_test.elf.dir/Drivers/STM32F1xx_HAL_Driver/Src/stm32f1xx_hal_tim.c.obj
 .debug_frame   0x0000000000001dc0      0x5c0 CMakeFiles/stm32_test.elf.dir/Drivers/STM32F1xx_HAL_Driver/Src/stm32f1xx_hal_tim_ex.c.obj
 .debug_frame   0x0000000000002380      0x834 CMakeFiles/stm32_test.elf.dir/Drivers/STM32F1xx_HAL_Driver/Src/stm32f1xx_hal_uart.c.obj
 .debug_frame   0x0000000000002bb4       0x34 CMakeFiles/stm32_test.elf.dir/Src/beep.c.obj
 .debug_frame   0x0000000000002be8       0x58 CMakeFiles/stm32_test.elf.dir/Src/led.c.obj
 .debug_frame   0x0000000000002c40      0x154 CMakeFiles/stm32_test.elf.dir/Src/main.c.obj
 .debug_frame   0x0000000000002d94      0x234 CMakeFiles/stm32_test.elf.dir/Src/nbiot.c.obj
 .debug_frame   0x0000000000002fc8       0xc8 CMakeFiles/stm32_test.elf.dir/Src/stm32f1xx_hal_msp.c.obj
 .debug_frame   0x0000000000003090      0x160 CMakeFiles/stm32_test.elf.dir/Src/stm32f1xx_it.c.obj
 .debug_frame   0x00000000000031f0      0x2d0 CMakeFiles/stm32_test.elf.dir/Src/syscalls.c.obj
 .debug_frame   0x00000000000034c0       0x58 CMakeFiles/stm32_test.elf.dir/Src/system_stm32f1xx.c.obj
 .debug_frame   0x0000000000003518       0x7c CMakeFiles/stm32_test.elf.dir/Src/uart.c.obj
 .debug_frame   0x0000000000003594       0x20 /opt/gcc-arm-none-eabi/bin/../lib/gcc/arm-none-eabi/9.2.1/../../../../arm-none-eabi/lib/thumb/v7-m/nofp/libg_nano.a(lib_a-errno.o)
 .debug_frame   0x00000000000035b4       0x2c /opt/gcc-arm-none-eabi/bin/../lib/gcc/arm-none-eabi/9.2.1/../../../../arm-none-eabi/lib/thumb/v7-m/nofp/libg_nano.a(lib_a-init.o)
 .debug_frame   0x00000000000035e0       0x28 /opt/gcc-arm-none-eabi/bin/../lib/gcc/arm-none-eabi/9.2.1/../../../../arm-none-eabi/lib/thumb/v7-m/nofp/libg_nano.a(lib_a-memcpy-stub.o)
 .debug_frame   0x0000000000003608       0x20 /opt/gcc-arm-none-eabi/bin/../lib/gcc/arm-none-eabi/9.2.1/../../../../arm-none-eabi/lib/thumb/v7-m/nofp/libg_nano.a(lib_a-memset.o)
 .debug_frame   0x0000000000003628       0x38 /opt/gcc-arm-none-eabi/bin/../lib/gcc/arm-none-eabi/9.2.1/../../../../arm-none-eabi/lib/thumb/v7-m/nofp/libg_nano.a(lib_a-nano-freer.o)
 .debug_frame   0x0000000000003660       0x30 /opt/gcc-arm-none-eabi/bin/../lib/gcc/arm-none-eabi/9.2.1/../../../../arm-none-eabi/lib/thumb/v7-m/nofp/libg_nano.a(lib_a-nano-mallocr.o)
 .debug_frame   0x0000000000003690       0x2c /opt/gcc-arm-none-eabi/bin/../lib/gcc/arm-none-eabi/9.2.1/../../../../arm-none-eabi/lib/thumb/v7-m/nofp/libg_nano.a(lib_a-sbrkr.o)
 .debug_frame   0x00000000000036bc       0x6c /opt/gcc-arm-none-eabi/bin/../lib/gcc/arm-none-eabi/9.2.1/../../../../arm-none-eabi/lib/thumb/v7-m/nofp/libg_nano.a(lib_a-sprintf.o)
 .debug_frame   0x0000000000003728       0x20 /opt/gcc-arm-none-eabi/bin/../lib/gcc/arm-none-eabi/9.2.1/../../../../arm-none-eabi/lib/thumb/v7-m/nofp/libg_nano.a(lib_a-strchr.o)
 .debug_frame   0x0000000000003748       0x30 /opt/gcc-arm-none-eabi/bin/../lib/gcc/arm-none-eabi/9.2.1/../../../../arm-none-eabi/lib/thumb/v7-m/nofp/libg_nano.a(lib_a-strstr.o)
 .debug_frame   0x0000000000003778       0x30 /opt/gcc-arm-none-eabi/bin/../lib/gcc/arm-none-eabi/9.2.1/../../../../arm-none-eabi/lib/thumb/v7-m/nofp/libg_nano.a(lib_a-mlock.o)
 .debug_frame   0x00000000000037a8       0x90 /opt/gcc-arm-none-eabi/bin/../lib/gcc/arm-none-eabi/9.2.1/../../../../arm-none-eabi/lib/thumb/v7-m/nofp/libg_nano.a(lib_a-nano-svfprintf.o)
 .debug_frame   0x0000000000003838       0x60 /opt/gcc-arm-none-eabi/bin/../lib/gcc/arm-none-eabi/9.2.1/../../../../arm-none-eabi/lib/thumb/v7-m/nofp/libg_nano.a(lib_a-nano-vfprintf_i.o)
 .debug_frame   0x0000000000003898       0x5c /opt/gcc-arm-none-eabi/bin/../lib/gcc/arm-none-eabi/9.2.1/../../../../arm-none-eabi/lib/thumb/v7-m/nofp/libg_nano.a(lib_a-reent.o)
 .debug_frame   0x00000000000038f4       0xb0 /opt/gcc-arm-none-eabi/bin/../lib/gcc/arm-none-eabi/9.2.1/../../../../arm-none-eabi/lib/thumb/v7-m/nofp/libg_nano.a(lib_a-lock.o)
 .debug_frame   0x00000000000039a4       0x28 /opt/gcc-arm-none-eabi/bin/../lib/gcc/arm-none-eabi/9.2.1/../../../../arm-none-eabi/lib/thumb/v7-m/nofp/libg_nano.a(lib_a-memchr-stub.o)
 .debug_frame   0x00000000000039cc       0x28 /opt/gcc-arm-none-eabi/bin/../lib/gcc/arm-none-eabi/9.2.1/../../../../arm-none-eabi/lib/thumb/v7-m/nofp/libg_nano.a(lib_a-memmove.o)
 .debug_frame   0x00000000000039f4       0x3c /opt/gcc-arm-none-eabi/bin/../lib/gcc/arm-none-eabi/9.2.1/../../../../arm-none-eabi/lib/thumb/v7-m/nofp/libg_nano.a(lib_a-nano-reallocr.o)
 .debug_frame   0x0000000000003a30       0x20 /opt/gcc-arm-none-eabi/bin/../lib/gcc/arm-none-eabi/9.2.1/../../../../arm-none-eabi/lib/thumb/v7-m/nofp/libg_nano.a(lib_a-nano-msizer.o)
